Archive member included because of file (symbol)

c:/devkitPro/libogc/lib/wii\libfat.a(libfat.o)
                              main.o (fatInitDefault)
c:/devkitPro/libogc/lib/wii\libfat.a(partition.o)
                              c:/devkitPro/libogc/lib/wii\libfat.a(libfat.o) (_FAT_partition_destructor)
c:/devkitPro/libogc/lib/wii\libfat.a(cache.o)
                              c:/devkitPro/libogc/lib/wii\libfat.a(partition.o) (_FAT_cache_destructor)
c:/devkitPro/libogc/lib/wii\libfat.a(directory.o)
                              c:/devkitPro/libogc/lib/wii\libfat.a(libfat.o) (_FAT_directory_getVolumeLabel)
c:/devkitPro/libogc/lib/wii\libfat.a(disc.o)
                              c:/devkitPro/libogc/lib/wii\libfat.a(libfat.o) (_FAT_disc_interfaces)
c:/devkitPro/libogc/lib/wii\libfat.a(fatdir.o)
                              c:/devkitPro/libogc/lib/wii\libfat.a(libfat.o) (_FAT_link_r)
c:/devkitPro/libogc/lib/wii\libfat.a(fatfile.o)
                              c:/devkitPro/libogc/lib/wii\libfat.a(partition.o) (_FAT_syncToDisc)
c:/devkitPro/libogc/lib/wii\libfat.a(file_allocation_table.o)
                              c:/devkitPro/libogc/lib/wii\libfat.a(directory.o) (_FAT_fat_nextCluster)
c:/devkitPro/libogc/lib/wii\libfat.a(filetime.o)
                              c:/devkitPro/libogc/lib/wii\libfat.a(directory.o) (_FAT_filetime_to_time_t)
c:/devkitPro/libogc/lib/wii\libwc24.a(kd.o)
                              main.o (KD_Download)
c:/devkitPro/libogc/lib/wii\libwc24.a(wc24.o)
                              main.o (WC24_FindEntry)
c:/devkitPro/libogc/lib/wii\libwc24.a(wc24mail.o)
                              c:/devkitPro/libogc/lib/wii\libwc24.a(wc24.o) (WC24Mail_Init)
c:/devkitPro/libogc/lib/wii\libwc24.a(vff.o)
                              c:/devkitPro/libogc/lib/wii\libwc24.a(wc24.o) (VFF_Mount)
c:/devkitPro/libogc/lib/wii\libwc24.a(diskio.o)
                              c:/devkitPro/libogc/lib/wii\libwc24.a(vff.o) (vff_types)
c:/devkitPro/libogc/lib/wii\libwc24.a(ff.o)
                              c:/devkitPro/libogc/lib/wii\libwc24.a(vff.o) (fvff_mount)
c:/devkitPro/libogc/lib/wii\libwc24.a(ccsbcs.o)
                              c:/devkitPro/libogc/lib/wii\libwc24.a(ff.o) (ffvff_convert)
c:/devkitPro/libogc/lib/wii\libwc24.a(syscall.o)
                              c:/devkitPro/libogc/lib/wii\libwc24.a(ff.o) (ffvff_memfree)
c:/devkitPro/libogc/lib/wii\libwiiuse.a(wpad.o)
                              main.o (WPAD_Init)
c:/devkitPro/libogc/lib/wii\libwiiuse.a(motion_plus.o)
                              c:/devkitPro/libogc/lib/wii\libwiiuse.a(wpad.o) (wiiuse_set_motion_plus)
c:/devkitPro/libogc/lib/wii\libwiiuse.a(dynamics.o)
                              c:/devkitPro/libogc/lib/wii\libwiiuse.a(wpad.o) (calculate_gforce)
c:/devkitPro/libogc/lib/wii\libwiiuse.a(io.o)
                              c:/devkitPro/libogc/lib/wii\libwiiuse.a(motion_plus.o) (wiiuse_disable_expansion)
c:/devkitPro/libogc/lib/wii\libwiiuse.a(io_wii.o)
                              c:/devkitPro/libogc/lib/wii\libwiiuse.a(wpad.o) (__wiiuse_sensorbar_enable)
c:/devkitPro/libogc/lib/wii\libwiiuse.a(ir.o)
                              c:/devkitPro/libogc/lib/wii\libwiiuse.a(motion_plus.o) (wiiuse_set_ir_mode)
c:/devkitPro/libogc/lib/wii\libwiiuse.a(nunchuk.o)
                              c:/devkitPro/libogc/lib/wii\libwiiuse.a(io.o) (nunchuk_handshake)
c:/devkitPro/libogc/lib/wii\libwiiuse.a(wiiboard.o)
                              c:/devkitPro/libogc/lib/wii\libwiiuse.a(io.o) (wii_board_handshake)
c:/devkitPro/libogc/lib/wii\libwiiuse.a(wiiuse.o)
                              c:/devkitPro/libogc/lib/wii\libwiiuse.a(io_wii.o) (wiiuse_send_next_command)
c:/devkitPro/libogc/lib/wii\libwiiuse.a(speaker.o)
                              c:/devkitPro/libogc/lib/wii\libwiiuse.a(wpad.o) (wencdata)
c:/devkitPro/libogc/lib/wii\libwiiuse.a(classic.o)
                              c:/devkitPro/libogc/lib/wii\libwiiuse.a(io.o) (classic_ctrl_handshake)
c:/devkitPro/libogc/lib/wii\libwiiuse.a(events.o)
                              c:/devkitPro/libogc/lib/wii\libwiiuse.a(io_wii.o) (parse_event)
c:/devkitPro/libogc/lib/wii\libwiiuse.a(guitar_hero_3.o)
                              c:/devkitPro/libogc/lib/wii\libwiiuse.a(io.o) (guitar_hero_3_handshake)
c:/devkitPro/libogc/lib/wii\libbte.a(bte.o)
                              c:/devkitPro/libogc/lib/wii\libwiiuse.a(wpad.o) (BTE_Init)
c:/devkitPro/libogc/lib/wii\libbte.a(hci.o)
                              c:/devkitPro/libogc/lib/wii\libbte.a(bte.o) (hci_init)
c:/devkitPro/libogc/lib/wii\libbte.a(l2cap.o)
                              c:/devkitPro/libogc/lib/wii\libbte.a(bte.o) (l2cap_init)
c:/devkitPro/libogc/lib/wii\libbte.a(btmemb.o)
                              c:/devkitPro/libogc/lib/wii\libbte.a(bte.o) (btmemb_init)
c:/devkitPro/libogc/lib/wii\libbte.a(btmemr.o)
[...]
Memory Configuration

Name             Origin             Length             Attributes
*default*        0x00000000         0xffffffff

Linker script and memory map

                0x00003400                . = 0x3400

.stub
 *(.stub)
                0x80004000                . = 0x80004000

.init           0x80004000      0x194
 *crt0.o(*.init)
 .init          0x80004000      0x170 c:/devkitPro/libogc/lib/wii\libogc.a(ogc_crt0.o)
                0x80004000                _start
                0x80004140                _memset
 *(.init)
 .init          0x80004170        0xc c:/devkitpro/devkitppc/bin/../lib/gcc/powerpc-eabi/4.5.1/ecrti.o
                0x80004170                __init
 .init          0x8000417c        0x4 c:/devkitpro/devkitppc/bin/../lib/gcc/powerpc-eabi/4.5.1/crtbegin.o
 .init          0x80004180        0x4 c:/devkitpro/devkitppc/bin/../lib/gcc/powerpc-eabi/4.5.1/crtend.o
 .init          0x80004184       0x10 c:/devkitpro/devkitppc/bin/../lib/gcc/powerpc-eabi/4.5.1/ecrtn.o

.rela.dyn       0x80004194        0x0
 .rela.iplt     0x00000000        0x0 c:/devkitpro/devkitppc/bin/../lib/gcc/powerpc-eabi/4.5.1/crtbegin.o
 .rela.gcc_except_table._Znaj
                0x00000000        0x0 c:/devkitpro/devkitppc/bin/../lib/gcc/powerpc-eabi/4.5.1/crtbegin.o
 .rela.eh_frame
                0x00000000        0x0 c:/devkitpro/devkitppc/bin/../lib/gcc/powerpc-eabi/4.5.1/crtbegin.o
 .rela.gcc_except_table._Znwj
                0x00000000        0x0 c:/devkitpro/devkitppc/bin/../lib/gcc/powerpc-eabi/4.5.1/crtbegin.o
 .rela.gcc_except_table._ZN9__gnu_cxx27__verbose_terminate_handlerEv
                0x00000000        0x0 c:/devkitpro/devkitppc/bin/../lib/gcc/powerpc-eabi/4.5.1/crtbegin.o

.plt
 *(.plt)

.interp
 *(.interp)

.hash
 *(.hash)

.dynsym
 *(.dynsym)

.dynstr
 *(.dynstr)

.gnu.version
 *(.gnu.version)

.gnu.version_d
 *(.gnu.version_d)

.gnu.version_r
 *(.gnu.version_r)

.rel.init
 *(.rel.init)

.rela.init      0x80004194        0x0
 *(.rela.init)
 .rela.init     0x00000000        0x0 c:/devkitpro/devkitppc/bin/../lib/gcc/powerpc-eabi/4.5.1/crtbegin.o

.rel.text
 *(.rel.text .rel.text.* .rel.gnu.linkonce.t.*)

.rela.text      0x80004194        0x0
 *(.rela.text .rela.text.* .rela.gnu.linkonce.t.*)
 .rela.text     0x00000000        0x0 c:/devkitpro/devkitppc/bin/../lib/gcc/powerpc-eabi/4.5.1/crtbegin.o
 .rela.text._Z10load_feedsv
                0x00000000        0x0 c:/devkitpro/devkitppc/bin/../lib/gcc/powerpc-eabi/4.5.1/crtbegin.o
 .rela.text.fatGetVolumeLabel
                0x00000000        0x0 c:/devkitpro/devkitppc/bin/../lib/gcc/powerpc-eabi/4.5.1/crtbegin.o
 .rela.text.fatUnmount
                0x00000000        0x0 c:/devkitpro/devkitppc/bin/../lib/gcc/powerpc-eabi/4.5.1/crtbegin.o
 .rela.text.fatInit
                0x00000000        0x0 c:/devkitpro/devkitppc/bin/../lib/gcc/powerpc-eabi/4.5.1/crtbegin.o
 .rela.text._FAT_directory_mbsncasecmp
                0x00000000        0x0 c:/devkitpro/devkitppc/bin/../lib/gcc/powerpc-eabi/4.5.1/crtbegin.o
 .rela.text._FAT_directory_ucs2tombs
                0x00000000        0x0 c:/devkitpro/devkitppc/bin/../lib/gcc/powerpc-eabi/4.5.1/crtbegin.o
 .rela.text._FAT_directory_addEntry
                0x00000000        0x0 c:/devkitpro/devkitppc/bin/../lib/gcc/powerpc-eabi/4.5.1/crtbegin.o
 .rela.text.get_io_wiisd
                0x00000000        0x0 c:/devkitpro/devkitppc/bin/../lib/gcc/powerpc-eabi/4.5.1/crtbegin.o
 .rela.text.get_io_usbstorage
                0x00000000        0x0 c:/devkitpro/devkitppc/bin/../lib/gcc/powerpc-eabi/4.5.1/crtbegin.o
 .rela.text.get_io_gcsda
                0x00000000        0x0 c:/devkitpro/devkitppc/bin/../lib/gcc/powerpc-eabi/4.5.1/crtbegin.o
 .rela.text.get_io_gcsdb
                0x00000000        0x0 c:/devkitpro/devkitppc/bin/../lib/gcc/powerpc-eabi/4.5.1/crtbegin.o
 .rela.text.KD_GetTimeTriggers
                0x00000000        0x0 c:/devkitpro/devkitppc/bin/../lib/gcc/powerpc-eabi/4.5.1/crtbegin.o
 .rela.text.KD_SetNextWakeup
                0x00000000        0x0 c:/devkitpro/devkitppc/bin/../lib/gcc/powerpc-eabi/4.5.1/crtbegin.o
 .rela.text.KD_Download
                0x00000000        0x0 c:/devkitpro/devkitppc/bin/../lib/gcc/powerpc-eabi/4.5.1/crtbegin.o
 .rela.text.KD_SaveMail
                0x00000000        0x0 c:/devkitpro/devkitppc/bin/../lib/gcc/powerpc-eabi/4.5.1/crtbegin.o
 .rela.text.KD_CorrectRTC
                0x00000000        0x0 c:/devkitpro/devkitppc/bin/../lib/gcc/powerpc-eabi/4.5.1/crtbegin.o
 .rela.text.KD_SetUTCTime
                0x00000000        0x0 c:/devkitpro/devkitppc/bin/../lib/gcc/powerpc-eabi/4.5.1/crtbegin.o
 .rela.text.KD_GetUTCTime
                0x00000000        0x0 c:/devkitpro/devkitppc/bin/../lib/gcc/powerpc-eabi/4.5.1/crtbegin.o
 .rela.text.KD_Close
                0x00000000        0x0 c:/devkitpro/devkitppc/bin/../lib/gcc/powerpc-eabi/4.5.1/crtbegin.o
 .rela.text.KD_Open
                0x00000000        0x0 c:/devkitpro/devkitppc/bin/../lib/gcc/powerpc-eabi/4.5.1/crtbegin.o
 .rela.text.WC24_FindEntry
                0x00000000        0x0 c:/devkitpro/devkitppc/bin/../lib/gcc/powerpc-eabi/4.5.1/crtbegin.o
 .rela.text.WC24_FindRecord
                0x00000000        0x0 c:/devkitpro/devkitppc/bin/../lib/gcc/powerpc-eabi/4.5.1/crtbegin.o
 .rela.text.WC24_Shutdown
                0x00000000        0x0 c:/devkitpro/devkitppc/bin/../lib/gcc/powerpc-eabi/4.5.1/crtbegin.o
 .rela.text.WC24_Init
                0x00000000        0x0 c:/devkitpro/devkitppc/bin/../lib/gcc/powerpc-eabi/4.5.1/crtbegin.o
 .rela.text.WC24Mail_FlUpdate
                0x00000000        0x0 c:/devkitpro/devkitppc/bin/../lib/gcc/powerpc-eabi/4.5.1/crtbegin.o
 .rela.text.__WC24Mail_CfgUpdate
                0x00000000        0x0 c:/devkitpro/devkitppc/bin/../lib/gcc/powerpc-eabi/4.5.1/crtbegin.o
 .rela.text.__WC24Mail_CfgRead
                0x00000000        0x0 c:/devkitpro/devkitppc/bin/../lib/gcc/powerpc-eabi/4.5.1/crtbegin.o
 .rela.text.__WC24Mail_FlShutdown
                0x00000000        0x0 c:/devkitpro/devkitppc/bin/../lib/gcc/powerpc-eabi/4.5.1/crtbegin.o
 .rela.text.WC24Mail_Read
                0x00000000        0x0 c:/devkitpro/devkitppc/bin/../lib/gcc/powerpc-eabi/4.5.1/crtbegin.o
 .rela.text.WC24Mail_Shutdown
                0x00000000        0x0 c:/devkitpro/devkitppc/bin/../lib/gcc/powerpc-eabi/4.5.1/crtbegin.o
 .rela.text.WC24Mail_Init
                0x00000000        0x0 c:/devkitpro/devkitppc/bin/../lib/gcc/powerpc-eabi/4.5.1/crtbegin.o
 .rela.text._VFF_close_r
                0x00000000        0x0 c:/devkitpro/devkitppc/bin/../lib/gcc/powerpc-eabi/4.5.1/crtbegin.o
 .rela.text._VFF_open_r
                0x00000000        0x0 c:/devkitpro/devkitppc/bin/../lib/gcc/powerpc-eabi/4.5.1/crtbegin.o
 .rela.text._VFF_dirnext_r
                0x00000000        0x0 c:/devkitpro/devkitppc/bin/../lib/gcc/powerpc-eabi/4.5.1/crtbegin.o
 .rela.text._VFF_fstat_r
                0x00000000        0x0 c:/devkitpro/devkitppc/bin/../lib/gcc/powerpc-eabi/4.5.1/crtbegin.o
 .rela.text.VFF_Unmount
                0x00000000        0x0 c:/devkitpro/devkitppc/bin/../lib/gcc/powerpc-eabi/4.5.1/crtbegin.o
 .rela.text.VFF_Mount
                0x00000000        0x0 c:/devkitpro/devkitppc/bin/../lib/gcc/powerpc-eabi/4.5.1/crtbegin.o
 .rela.text.diskio_generatebootsector
                0x00000000        0x0 c:/devkitpro/devkitppc/bin/../lib/gcc/powerpc-eabi/4.5.1/crtbegin.o
 .rela.text.disk_write
                0x00000000        0x0 c:/devkitpro/devkitppc/bin/../lib/gcc/powerpc-eabi/4.5.1/crtbegin.o
 .rela.text.disk_read
                0x00000000        0x0 c:/devkitpro/devkitppc/bin/../lib/gcc/powerpc-eabi/4.5.1/crtbegin.o
 .rela.text.disk_initialize
                0x00000000        0x0 c:/devkitpro/devkitppc/bin/../lib/gcc/powerpc-eabi/4.5.1/crtbegin.o
 .rela.text.wiiuse_handshake_expansion
                0x00000000        0x0 c:/devkitpro/devkitppc/bin/../lib/gcc/powerpc-eabi/4.5.1/crtbegin.o
 .rela.text.wiiuse_handshake
                0x00000000        0x0 c:/devkitpro/devkitppc/bin/../lib/gcc/powerpc-eabi/4.5.1/crtbegin.o
 .rela.text.wiiuse_init_cmd_queue
                0x00000000        0x0 c:/devkitpro/devkitppc/bin/../lib/gcc/powerpc-eabi/4.5.1/crtbegin.o
 .rela.text.wiiuse_init
                0x00000000        0x0 c:/devkitpro/devkitppc/bin/../lib/gcc/powerpc-eabi/4.5.1/crtbegin.o
 .rela.text.bt_alarmhandler
                0x00000000        0x0 c:/devkitpro/devkitppc/bin/../lib/gcc/powerpc-eabi/4.5.1/crtbegin.o
 .rela.text.__console_init
                0x00000000        0x0 c:/devkitpro/devkitppc/bin/../lib/gcc/powerpc-eabi/4.5.1/crtbegin.o
 .rela.text.__console_init_ex
                0x00000000        0x0 c:/devkitpro/devkitppc/bin/../lib/gcc/powerpc-eabi/4.5.1/crtbegin.o
 .rela.text.CON_EnableGecko
                0x00000000        0x0 c:/devkitpro/devkitppc/bin/../lib/gcc/powerpc-eabi/4.5.1/crtbegin.o
 .rela.text.__lwp_thread_calcheir
                0x00000000        0x0 c:/devkitpro/devkitppc/bin/../lib/gcc/powerpc-eabi/4.5.1/crtbegin.o
 .rela.text.__lwp_wd_insert_ticks.clone.2
                0x00000000        0x0 c:/devkitpro/devkitppc/bin/../lib/gcc/powerpc-eabi/4.5.1/crtbegin.o
 .rela.text.__lwp_rotate_readyqueue
                0x00000000        0x0 c:/devkitpro/devkitppc/bin/../lib/gcc/powerpc-eabi/4.5.1/crtbegin.o
 .rela.text.__lwp_thread_setpriority
                0x00000000        0x0 c:/devkitpro/devkitppc/bin/../lib/gcc/powerpc-eabi/4.5.1/crtbegin.o
 .rela.text.__lwp_thread_close
                0x00000000        0x0 c:/devkitpro/devkitppc/bin/../lib/gcc/powerpc-eabi/4.5.1/crtbegin.o
 .rela.text.__lwp_thread_closeall
                0x00000000        0x0 c:/devkitpro/devkitppc/bin/../lib/gcc/powerpc-eabi/4.5.1/crtbegin.o
 .rela.text.__lwp_thread_startmultitasking
                0x00000000        0x0 c:/devkitpro/devkitppc/bin/../lib/gcc/powerpc-eabi/4.5.1/crtbegin.o
 .rela.text.__lwp_thread_stopmultitasking
                0x00000000        0x0 c:/devkitpro/devkitppc/bin/../lib/gcc/powerpc-eabi/4.5.1/crtbegin.o
 .rela.text.__lwp_thread_coreinit
                0x00000000        0x0 c:/devkitpro/devkitppc/bin/../lib/gcc/powerpc-eabi/4.5.1/crtbegin.o
 .rela.text.__lwp_tqueue_open
                0x00000000        0x0 c:/devkitpro/devkitppc/bin/../lib/gcc/powerpc-eabi/4.5.1/crtbegin.o
 .rela.text.__lwp_cntrl_open
                0x00000000        0x0 c:/devkitpro/devkitppc/bin/../lib/gcc/powerpc-eabi/4.5.1/crtbegin.o
 .rela.text.__lwp_cntrl_free
                0x00000000        0x0 c:/devkitpro/devkitppc/bin/../lib/gcc/powerpc-eabi/4.5.1/crtbegin.o
 .rela.text.__lwp_sysinit
                0x00000000        0x0 c:/devkitpro/devkitppc/bin/../lib/gcc/powerpc-eabi/4.5.1/crtbegin.o
 .rela.text.__lwp_thread_isalive
                0x00000000        0x0 c:/devkitpro/devkitppc/bin/../lib/gcc/powerpc-eabi/4.5.1/crtbegin.o
 .rela.text.__lwp_thread_exists
                0x00000000        0x0 c:/devkitpro/devkitppc/bin/../lib/gcc/powerpc-eabi/4.5.1/crtbegin.o
 .rela.text.__lwp_thread_context
                0x00000000        0x0 c:/devkitpro/devkitppc/bin/../lib/gcc/powerpc-eabi/4.5.1/crtbegin.o
 .rela.text.LWP_CreateThread
                0x00000000        0x0 c:/devkitpro/devkitppc/bin/../lib/gcc/powerpc-eabi/4.5.1/crtbegin.o
 .rela.text.LWP_InitQueue
                0x00000000        0x0 c:/devkitpro/devkitppc/bin/../lib/gcc/powerpc-eabi/4.5.1/crtbegin.o
 .rela.text.LWP_CloseQueue
                0x00000000        0x0 c:/devkitpro/devkitppc/bin/../lib/gcc/powerpc-eabi/4.5.1/crtbegin.o
 .rela.text.__lwp_stack_allocate
                0x00000000        0x0 c:/devkitpro/devkitppc/bin/../lib/gcc/powerpc-eabi/4.5.1/crtbegin.o
 .rela.text.__lwp_stack_free
                0x00000000        0x0 c:/devkitpro/devkitppc/bin/../lib/gcc/powerpc-eabi/4.5.1/crtbegin.o
 .rela.text.__lwp_watchdog_init
                0x00000000        0x0 c:/devkitpro/devkitppc/bin/../lib/gcc/powerpc-eabi/4.5.1/crtbegin.o
 .rela.text.__lwp_wd_tickle
                0x00000000        0x0 c:/devkitpro/devkitppc/bin/../lib/gcc/powerpc-eabi/4.5.1/crtbegin.o
 .rela.text.__lwp_wkspace_heapfree
                0x00000000        0x0 c:/devkitpro/devkitppc/bin/../lib/gcc/powerpc-eabi/4.5.1/crtbegin.o
 .rela.text.__lwp_wkspace_heapused
                0x00000000        0x0 c:/devkitpro/devkitppc/bin/../lib/gcc/powerpc-eabi/4.5.1/crtbegin.o
 .rela.text.__lwp_wkspace_init
                0x00000000        0x0 c:/devkitpro/devkitppc/bin/../lib/gcc/powerpc-eabi/4.5.1/crtbegin.o
 .rela.text.__lwp_objmgr_initinfo
                0x00000000        0x0 c:/devkitpro/devkitppc/bin/../lib/gcc/powerpc-eabi/4.5.1/crtbegin.o
 .rela.text.__irq_init
                0x00000000        0x0 c:/devkitpro/devkitppc/bin/../lib/gcc/powerpc-eabi/4.5.1/crtbegin.o
 .rela.text.__lwp_mutex_open
                0x00000000        0x0 c:/devkitpro/devkitppc/bin/../lib/gcc/powerpc-eabi/4.5.1/crtbegin.o
 .rela.text.__lwp_mutex_locksupp.clone.6
                0x00000000        0x0 c:/devkitpro/devkitppc/bin/../lib/gcc/powerpc-eabi/4.5.1/crtbegin.o
 .rela.text.__lwp_mutex_init
                0x00000000        0x0 c:/devkitpro/devkitppc/bin/../lib/gcc/powerpc-eabi/4.5.1/crtbegin.o
 .rela.text.LWP_MutexInit
                0x00000000        0x0 c:/devkitpro/devkitppc/bin/../lib/gcc/powerpc-eabi/4.5.1/crtbegin.o
 .rela.text.LWP_MutexDestroy
                0x00000000        0x0 c:/devkitpro/devkitppc/bin/../lib/gcc/powerpc-eabi/4.5.1/crtbegin.o
 .rela.text.__call_resetfuncs
                0x00000000        0x0 c:/devkitpro/devkitppc/bin/../lib/gcc/powerpc-eabi/4.5.1/crtbegin.o
 .rela.text.__locksram
                0x00000000        0x0 c:/devkitpro/devkitppc/bin/../lib/gcc/powerpc-eabi/4.5.1/crtbegin.o
 .rela.text.__sys_alarmhandler
                0x00000000        0x0 c:/devkitpro/devkitppc/bin/../lib/gcc/powerpc-eabi/4.5.1/crtbegin.o
 .rela.text.__unlocksram
                0x00000000        0x0 c:/devkitpro/devkitppc/bin/../lib/gcc/powerpc-eabi/4.5.1/crtbegin.o
 .rela.text.__sram_writecallback
                0x00000000        0x0 c:/devkitpro/devkitppc/bin/../lib/gcc/powerpc-eabi/4.5.1/crtbegin.o
 .rela.text.__sram_init
                0x00000000        0x0 c:/devkitpro/devkitppc/bin/../lib/gcc/powerpc-eabi/4.5.1/crtbegin.o
 .rela.text.__SYS_SyncSram
                0x00000000        0x0 c:/devkitpro/devkitppc/bin/../lib/gcc/powerpc-eabi/4.5.1/crtbegin.o
 .rela.text.SYS_Init
                0x00000000        0x0 c:/devkitpro/devkitppc/bin/../lib/gcc/powerpc-eabi/4.5.1/crtbegin.o
 .rela.text.SYS_SetAlarm
                0x00000000        0x0 c:/devkitpro/devkitppc/bin/../lib/gcc/powerpc-eabi/4.5.1/crtbegin.o
 .rela.text.SYS_SetPeriodicAlarm
                0x00000000        0x0 c:/devkitpro/devkitppc/bin/../lib/gcc/powerpc-eabi/4.5.1/crtbegin.o
 .rela.text.SYS_RemoveAlarm
                0x00000000        0x0 c:/devkitpro/devkitppc/bin/../lib/gcc/powerpc-eabi/4.5.1/crtbegin.o
 .rela.text.SYS_CancelAlarm
                0x00000000        0x0 c:/devkitpro/devkitppc/bin/../lib/gcc/powerpc-eabi/4.5.1/crtbegin.o
 .rela.text.__lwp_cond_open
                0x00000000        0x0 c:/devkitpro/devkitppc/bin/../lib/gcc/powerpc-eabi/4.5.1/crtbegin.o
 .rela.text.__lwp_cond_init
                0x00000000        0x0 c:/devkitpro/devkitppc/bin/../lib/gcc/powerpc-eabi/4.5.1/crtbegin.o
 .rela.text.LWP_CondInit
                0x00000000        0x0 c:/devkitpro/devkitppc/bin/../lib/gcc/powerpc-eabi/4.5.1/crtbegin.o
 .rela.text.LWP_CondDestroy
                0x00000000        0x0 c:/devkitpro/devkitppc/bin/../lib/gcc/powerpc-eabi/4.5.1/crtbegin.o
 .rela.text.c_decrementer_handler
                0x00000000        0x0 c:/devkitpro/devkitppc/bin/../lib/gcc/powerpc-eabi/4.5.1/crtbegin.o
 .rela.text.__lwp_mqbox_open
                0x00000000        0x0 c:/devkitpro/devkitppc/bin/../lib/gcc/powerpc-eabi/4.5.1/crtbegin.o
 .rela.text.__lwp_mqbox_free
                0x00000000        0x0 c:/devkitpro/devkitppc/bin/../lib/gcc/powerpc-eabi/4.5.1/crtbegin.o
 .rela.text.__lwp_mqbox_init
                0x00000000        0x0 c:/devkitpro/devkitppc/bin/../lib/gcc/powerpc-eabi/4.5.1/crtbegin.o
 .rela.text.MQ_Init
                0x00000000        0x0 c:/devkitpro/devkitppc/bin/../lib/gcc/powerpc-eabi/4.5.1/crtbegin.o
 .rela.text.__lwp_wkspace_free
                0x00000000        0x0 c:/devkitpro/devkitppc/bin/../lib/gcc/powerpc-eabi/4.5.1/crtbegin.o
 .rela.text.__ios_ioctlvformat_parse
                0x00000000        0x0 c:/devkitpro/devkitppc/bin/../lib/gcc/powerpc-eabi/4.5.1/crtbegin.o
 .rela.text.IOS_IoctlvFormat
                0x00000000        0x0 c:/devkitpro/devkitppc/bin/../lib/gcc/powerpc-eabi/4.5.1/crtbegin.o
 .rela.text.IOS_IoctlvFormatAsync
                0x00000000        0x0 c:/devkitpro/devkitppc/bin/../lib/gcc/powerpc-eabi/4.5.1/crtbegin.o
 .rela.text.nanosleep
                0x00000000        0x0 c:/devkitpro/devkitppc/bin/../lib/gcc/powerpc-eabi/4.5.1/crtbegin.o
 .rela.text.__libc_delete_hook
                0x00000000        0x0 c:/devkitpro/devkitppc/bin/../lib/gcc/powerpc-eabi/4.5.1/crtbegin.o
 .rela.text.__libc_init
                0x00000000        0x0 c:/devkitpro/devkitppc/bin/../lib/gcc/powerpc-eabi/4.5.1/crtbegin.o
 .rela.text.__libc_wrapup
                0x00000000        0x0 c:/devkitpro/devkitppc/bin/../lib/gcc/powerpc-eabi/4.5.1/crtbegin.o
 .rela.text.__CheckARGV
                0x00000000        0x0 c:/devkitpro/devkitppc/bin/../lib/gcc/powerpc-eabi/4.5.1/crtbegin.o
 .rela.text.__lwp_priority_init
                0x00000000        0x0 c:/devkitpro/devkitppc/bin/../lib/gcc/powerpc-eabi/4.5.1/crtbegin.o
 .rela.text.__lwp_wd_remove_ticks
                0x00000000        0x0 c:/devkitpro/devkitppc/bin/../lib/gcc/powerpc-eabi/4.5.1/crtbegin.o
 .rela.text.__lwp_threadqueue_enqueue
                0x00000000        0x0 c:/devkitpro/devkitppc/bin/../lib/gcc/powerpc-eabi/4.5.1/crtbegin.o
 .rela.text.__lwpmq_initialize
                0x00000000        0x0 c:/devkitpro/devkitppc/bin/../lib/gcc/powerpc-eabi/4.5.1/crtbegin.o
 .rela.text.__lwpmq_close
                0x00000000        0x0 c:/devkitpro/devkitppc/bin/../lib/gcc/powerpc-eabi/4.5.1/crtbegin.o
 .rela.text.__systemcall_init
                0x00000000        0x0 c:/devkitpro/devkitppc/bin/../lib/gcc/powerpc-eabi/4.5.1/crtbegin.o
 .rela.text.__exception_init
                0x00000000        0x0 c:/devkitpro/devkitppc/bin/../lib/gcc/powerpc-eabi/4.5.1/crtbegin.o
 .rela.text.__exception_close
                0x00000000        0x0 c:/devkitpro/devkitppc/bin/../lib/gcc/powerpc-eabi/4.5.1/crtbegin.o
 .rela.text.__exception_sethandler
                0x00000000        0x0 c:/devkitpro/devkitppc/bin/../lib/gcc/powerpc-eabi/4.5.1/crtbegin.o
 .rela.text.__lwp_sema_open
                0x00000000        0x0 c:/devkitpro/devkitppc/bin/../lib/gcc/powerpc-eabi/4.5.1/crtbegin.o
 .rela.text.__lwp_sema_init
                0x00000000        0x0 c:/devkitpro/devkitppc/bin/../lib/gcc/powerpc-eabi/4.5.1/crtbegin.o
 .rela.text.LWP_SemInit
                0x00000000        0x0 c:/devkitpro/devkitppc/bin/../lib/gcc/powerpc-eabi/4.5.1/crtbegin.o
 .rela.text.LWP_SemDestroy
                0x00000000        0x0 c:/devkitpro/devkitppc/bin/../lib/gcc/powerpc-eabi/4.5.1/crtbegin.o
 .rela.text.__GX_FifoLink
                0x00000000        0x0 c:/devkitpro/devkitppc/bin/../lib/gcc/powerpc-eabi/4.5.1/crtbegin.o
 .rela.text.__GX_WriteFifoIntEnable
                0x00000000        0x0 c:/devkitpro/devkitppc/bin/../lib/gcc/powerpc-eabi/4.5.1/crtbegin.o
 .rela.text.__GX_FifoReadEnable
                0x00000000        0x0 c:/devkitpro/devkitppc/bin/../lib/gcc/powerpc-eabi/4.5.1/crtbegin.o
 .rela.text.__GX_FifoReadDisable
                0x00000000        0x0 c:/devkitpro/devkitppc/bin/../lib/gcc/powerpc-eabi/4.5.1/crtbegin.o
 .rela.text.__GX_InitRevBits
                0x00000000        0x0 c:/devkitpro/devkitppc/bin/../lib/gcc/powerpc-eabi/4.5.1/crtbegin.o
 .rela.text.__GXDefTexRegionCallback
                0x00000000        0x0 c:/devkitpro/devkitppc/bin/../lib/gcc/powerpc-eabi/4.5.1/crtbegin.o
 .rela.text.__GXDefTlutRegionCallback
                0x00000000        0x0 c:/devkitpro/devkitppc/bin/../lib/gcc/powerpc-eabi/4.5.1/crtbegin.o
 .rela.text.__GX_FlushTextureState
                0x00000000        0x0 c:/devkitpro/devkitppc/bin/../lib/gcc/powerpc-eabi/4.5.1/crtbegin.o
 .rela.text.__GX_SetMatrixIndex
                0x00000000        0x0 c:/devkitpro/devkitppc/bin/../lib/gcc/powerpc-eabi/4.5.1/crtbegin.o
 .rela.text.__SetSURegs
                0x00000000        0x0 c:/devkitpro/devkitppc/bin/../lib/gcc/powerpc-eabi/4.5.1/crtbegin.o
 .rela.text.__GX_SetDirtyState
                0x00000000        0x0 c:/devkitpro/devkitppc/bin/../lib/gcc/powerpc-eabi/4.5.1/crtbegin.o
 .rela.text.__SETVCDATTR
                0x00000000        0x0 c:/devkitpro/devkitppc/bin/../lib/gcc/powerpc-eabi/4.5.1/crtbegin.o
 .rela.text.__SETVCDFMT
                0x00000000        0x0 c:/devkitpro/devkitppc/bin/../lib/gcc/powerpc-eabi/4.5.1/crtbegin.o
 .rela.text.__GX_WriteFifoIntReset.clone.1
                0x00000000        0x0 c:/devkitpro/devkitppc/bin/../lib/gcc/powerpc-eabi/4.5.1/crtbegin.o
 .rela.text.__GXCPInterruptHandler
                0x00000000        0x0 c:/devkitpro/devkitppc/bin/../lib/gcc/powerpc-eabi/4.5.1/crtbegin.o
 .rela.text.GX_Flush
                0x00000000        0x0 c:/devkitpro/devkitppc/bin/../lib/gcc/powerpc-eabi/4.5.1/crtbegin.o
 .rela.text.GX_EnableBreakPt
                0x00000000        0x0 c:/devkitpro/devkitppc/bin/../lib/gcc/powerpc-eabi/4.5.1/crtbegin.o
 .rela.text.GX_DisableBreakPt
                0x00000000        0x0 c:/devkitpro/devkitppc/bin/../lib/gcc/powerpc-eabi/4.5.1/crtbegin.o
 .rela.text.GX_AbortFrame
                0x00000000        0x0 c:/devkitpro/devkitppc/bin/../lib/gcc/powerpc-eabi/4.5.1/crtbegin.o
 .rela.text.GX_PixModeSync
                0x00000000        0x0 c:/devkitpro/devkitppc/bin/../lib/gcc/powerpc-eabi/4.5.1/crtbegin.o
 .rela.text.GX_SetMisc
                0x00000000        0x0 c:/devkitpro/devkitppc/bin/../lib/gcc/powerpc-eabi/4.5.1/crtbegin.o
 .rela.text.GX_SetCopyClamp
                0x00000000        0x0 c:/devkitpro/devkitppc/bin/../lib/gcc/powerpc-eabi/4.5.1/crtbegin.o
 .rela.text.GX_SetDispCopyGamma
                0x00000000        0x0 c:/devkitpro/devkitppc/bin/../lib/gcc/powerpc-eabi/4.5.1/crtbegin.o
 .rela.text.GX_SetDispCopyFrame2Field
                0x00000000        0x0 c:/devkitpro/devkitppc/bin/../lib/gcc/powerpc-eabi/4.5.1/crtbegin.o
 .rela.text.GX_SetDispCopyYScale
                0x00000000        0x0 c:/devkitpro/devkitppc/bin/../lib/gcc/powerpc-eabi/4.5.1/crtbegin.o
 .rela.text.GX_SetDispCopyDst
                0x00000000        0x0 c:/devkitpro/devkitppc/bin/../lib/gcc/powerpc-eabi/4.5.1/crtbegin.o
 .rela.text.GX_SetDispCopySrc
                0x00000000        0x0 c:/devkitpro/devkitppc/bin/../lib/gcc/powerpc-eabi/4.5.1/crtbegin.o
 .rela.text.GX_CopyDisp
                0x00000000        0x0 c:/devkitpro/devkitppc/bin/../lib/gcc/powerpc-eabi/4.5.1/crtbegin.o
 .rela.text.GX_CopyTex
                0x00000000        0x0 c:/devkitpro/devkitppc/bin/../lib/gcc/powerpc-eabi/4.5.1/crtbegin.o
 .rela.text.GX_SetTexCopySrc
                0x00000000        0x0 c:/devkitpro/devkitppc/bin/../lib/gcc/powerpc-eabi/4.5.1/crtbegin.o
 .rela.text.GX_SetTexCopyDst
                0x00000000        0x0 c:/devkitpro/devkitppc/bin/../lib/gcc/powerpc-eabi/4.5.1/crtbegin.o
 .rela.text.GX_BeginDispList
                0x00000000        0x0 c:/devkitpro/devkitppc/bin/../lib/gcc/powerpc-eabi/4.5.1/crtbegin.o
 .rela.text.GX_EndDispList
                0x00000000        0x0 c:/devkitpro/devkitppc/bin/../lib/gcc/powerpc-eabi/4.5.1/crtbegin.o
 .rela.text.GX_CallDispList
                0x00000000        0x0 c:/devkitpro/devkitppc/bin/../lib/gcc/powerpc-eabi/4.5.1/crtbegin.o
 .rela.text.GX_SetChanCtrl
                0x00000000        0x0 c:/devkitpro/devkitppc/bin/../lib/gcc/powerpc-eabi/4.5.1/crtbegin.o
 .rela.text.GX_SetChanAmbColor
                0x00000000        0x0 c:/devkitpro/devkitppc/bin/../lib/gcc/powerpc-eabi/4.5.1/crtbegin.o
 .rela.text.GX_SetChanMatColor
                0x00000000        0x0 c:/devkitpro/devkitppc/bin/../lib/gcc/powerpc-eabi/4.5.1/crtbegin.o
 .rela.text.GX_SetVtxDesc
                0x00000000        0x0 c:/devkitpro/devkitppc/bin/../lib/gcc/powerpc-eabi/4.5.1/crtbegin.o
 .rela.text.GX_SetVtxDescv
                0x00000000        0x0 c:/devkitpro/devkitppc/bin/../lib/gcc/powerpc-eabi/4.5.1/crtbegin.o
 .rela.text.GX_GetVtxDescv
                0x00000000        0x0 c:/devkitpro/devkitppc/bin/../lib/gcc/powerpc-eabi/4.5.1/crtbegin.o
 .rela.text.GX_SetVtxAttrFmt
                0x00000000        0x0 c:/devkitpro/devkitppc/bin/../lib/gcc/powerpc-eabi/4.5.1/crtbegin.o
 .rela.text.GX_SetVtxAttrFmtv
                0x00000000        0x0 c:/devkitpro/devkitppc/bin/../lib/gcc/powerpc-eabi/4.5.1/crtbegin.o
 .rela.text.GX_Begin
                0x00000000        0x0 c:/devkitpro/devkitppc/bin/../lib/gcc/powerpc-eabi/4.5.1/crtbegin.o
 .rela.text.GX_SetTexCoordGen2
                0x00000000        0x0 c:/devkitpro/devkitppc/bin/../lib/gcc/powerpc-eabi/4.5.1/crtbegin.o
 .rela.text.GX_SetCurrentMtx
                0x00000000        0x0 c:/devkitpro/devkitppc/bin/../lib/gcc/powerpc-eabi/4.5.1/crtbegin.o
 .rela.text.GX_SetNumTexGens
                0x00000000        0x0 c:/devkitpro/devkitppc/bin/../lib/gcc/powerpc-eabi/4.5.1/crtbegin.o
 .rela.text.GX_SetZMode
                0x00000000        0x0 c:/devkitpro/devkitppc/bin/../lib/gcc/powerpc-eabi/4.5.1/crtbegin.o
 .rela.text.GX_LoadTexObjPreloaded
                0x00000000        0x0 c:/devkitpro/devkitppc/bin/../lib/gcc/powerpc-eabi/4.5.1/crtbegin.o
 .rela.text.GX_SetTexCoordScaleManually
                0x00000000        0x0 c:/devkitpro/devkitppc/bin/../lib/gcc/powerpc-eabi/4.5.1/crtbegin.o
 .rela.text.GX_SetTexCoordCylWrap
                0x00000000        0x0 c:/devkitpro/devkitppc/bin/../lib/gcc/powerpc-eabi/4.5.1/crtbegin.o
 .rela.text.GX_SetTexCoordBias
                0x00000000        0x0 c:/devkitpro/devkitppc/bin/../lib/gcc/powerpc-eabi/4.5.1/crtbegin.o
 .rela.text.GX_SetBlendMode
                0x00000000        0x0 c:/devkitpro/devkitppc/bin/../lib/gcc/powerpc-eabi/4.5.1/crtbegin.o
 .rela.text.GX_ClearVtxDesc
                0x00000000        0x0 c:/devkitpro/devkitppc/bin/../lib/gcc/powerpc-eabi/4.5.1/crtbegin.o
 .rela.text.GX_SetLineWidth
                0x00000000        0x0 c:/devkitpro/devkitppc/bin/../lib/gcc/powerpc-eabi/4.5.1/crtbegin.o
 .rela.text.GX_SetPointSize
                0x00000000        0x0 c:/devkitpro/devkitppc/bin/../lib/gcc/powerpc-eabi/4.5.1/crtbegin.o
 .rela.text.GX_SetTevColorIn
                0x00000000        0x0 c:/devkitpro/devkitppc/bin/../lib/gcc/powerpc-eabi/4.5.1/crtbegin.o
 .rela.text.GX_SetTevAlphaIn
                0x00000000        0x0 c:/devkitpro/devkitppc/bin/../lib/gcc/powerpc-eabi/4.5.1/crtbegin.o
 .rela.text.GX_SetTevColorOp
                0x00000000        0x0 c:/devkitpro/devkitppc/bin/../lib/gcc/powerpc-eabi/4.5.1/crtbegin.o
 .rela.text.GX_SetTevAlphaOp
                0x00000000        0x0 c:/devkitpro/devkitppc/bin/../lib/gcc/powerpc-eabi/4.5.1/crtbegin.o
 .rela.text.GX_SetCullMode
                0x00000000        0x0 c:/devkitpro/devkitppc/bin/../lib/gcc/powerpc-eabi/4.5.1/crtbegin.o
 .rela.text.GX_SetCoPlanar
                0x00000000        0x0 c:/devkitpro/devkitppc/bin/../lib/gcc/powerpc-eabi/4.5.1/crtbegin.o
 .rela.text.GX_EnableTexOffsets
                0x00000000        0x0 c:/devkitpro/devkitppc/bin/../lib/gcc/powerpc-eabi/4.5.1/crtbegin.o
 .rela.text.GX_SetScissor
                0x00000000        0x0 c:/devkitpro/devkitppc/bin/../lib/gcc/powerpc-eabi/4.5.1/crtbegin.o
 .rela.text.GX_SetNumChans
                0x00000000        0x0 c:/devkitpro/devkitppc/bin/../lib/gcc/powerpc-eabi/4.5.1/crtbegin.o
 .rela.text.GX_SetTevOrder
                0x00000000        0x0 c:/devkitpro/devkitppc/bin/../lib/gcc/powerpc-eabi/4.5.1/crtbegin.o
 .rela.text.GX_SetNumTevStages
                0x00000000        0x0 c:/devkitpro/devkitppc/bin/../lib/gcc/powerpc-eabi/4.5.1/crtbegin.o
 .rela.text.GX_SetTevKColorSel
                0x00000000        0x0 c:/devkitpro/devkitppc/bin/../lib/gcc/powerpc-eabi/4.5.1/crtbegin.o
 .rela.text.GX_SetTevKAlphaSel
                0x00000000        0x0 c:/devkitpro/devkitppc/bin/../lib/gcc/powerpc-eabi/4.5.1/crtbegin.o
 .rela.text.GX_SetTevSwapMode
                0x00000000        0x0 c:/devkitpro/devkitppc/bin/../lib/gcc/powerpc-eabi/4.5.1/crtbegin.o
 .rela.text.GX_SetTevSwapModeTable
                0x00000000        0x0 c:/devkitpro/devkitppc/bin/../lib/gcc/powerpc-eabi/4.5.1/crtbegin.o
 .rela.text.GX_SetNumIndStages
                0x00000000        0x0 c:/devkitpro/devkitppc/bin/../lib/gcc/powerpc-eabi/4.5.1/crtbegin.o
 .rela.text.GX_SetIndTexCoordScale
                0x00000000        0x0 c:/devkitpro/devkitppc/bin/../lib/gcc/powerpc-eabi/4.5.1/crtbegin.o
 .rela.text.GX_SetColorUpdate
                0x00000000        0x0 c:/devkitpro/devkitppc/bin/../lib/gcc/powerpc-eabi/4.5.1/crtbegin.o
 .rela.text.GX_SetAlphaUpdate
                0x00000000        0x0 c:/devkitpro/devkitppc/bin/../lib/gcc/powerpc-eabi/4.5.1/crtbegin.o
 .rela.text.GX_SetZCompLoc
                0x00000000        0x0 c:/devkitpro/devkitppc/bin/../lib/gcc/powerpc-eabi/4.5.1/crtbegin.o
 .rela.text.GX_SetPixelFmt
                0x00000000        0x0 c:/devkitpro/devkitppc/bin/../lib/gcc/powerpc-eabi/4.5.1/crtbegin.o
 .rela.text.GX_SetDither
                0x00000000        0x0 c:/devkitpro/devkitppc/bin/../lib/gcc/powerpc-eabi/4.5.1/crtbegin.o
 .rela.text.GX_SetDstAlpha
                0x00000000        0x0 c:/devkitpro/devkitppc/bin/../lib/gcc/powerpc-eabi/4.5.1/crtbegin.o
 .rela.text.GX_SetFieldMode
                0x00000000        0x0 c:/devkitpro/devkitppc/bin/../lib/gcc/powerpc-eabi/4.5.1/crtbegin.o
 .rela.text.GX_SetIndTexOrder
                0x00000000        0x0 c:/devkitpro/devkitppc/bin/../lib/gcc/powerpc-eabi/4.5.1/crtbegin.o
 .rela.text.GX_SetGPMetric
                0x00000000        0x0 c:/devkitpro/devkitppc/bin/../lib/gcc/powerpc-eabi/4.5.1/crtbegin.o
 .rela.text.GX_Init
                0x00000000        0x0 c:/devkitpro/devkitppc/bin/../lib/gcc/powerpc-eabi/4.5.1/crtbegin.o
 .rela.text.GX_ReadGPMetric
                0x00000000        0x0 c:/devkitpro/devkitppc/bin/../lib/gcc/powerpc-eabi/4.5.1/crtbegin.o
 .rela.text.kprintf
                0x00000000        0x0 c:/devkitpro/devkitppc/bin/../lib/gcc/powerpc-eabi/4.5.1/crtbegin.o
 .rela.text.__card_readcid
                0x00000000        0x0 c:/devkitpro/devkitppc/bin/../lib/gcc/powerpc-eabi/4.5.1/crtbegin.o
 .rela.text.__card_readcsd
                0x00000000        0x0 c:/devkitpro/devkitppc/bin/../lib/gcc/powerpc-eabi/4.5.1/crtbegin.o
 .rela.text.__card_sd_status
                0x00000000        0x0 c:/devkitpro/devkitppc/bin/../lib/gcc/powerpc-eabi/4.5.1/crtbegin.o
 .rela.text.sdgecko_initIO
                0x00000000        0x0 c:/devkitpro/devkitppc/bin/../lib/gcc/powerpc-eabi/4.5.1/crtbegin.o
 .rela.text.__gxx_personality_v0
                0x00000000        0x0 c:/devkitpro/devkitppc/bin/../lib/gcc/powerpc-eabi/4.5.1/crtbegin.o
 .rela.text.__cxa_call_unexpected
                0x00000000        0x0 c:/devkitpro/devkitppc/bin/../lib/gcc/powerpc-eabi/4.5.1/crtbegin.o
 .rela.text._ZSt9terminatev
                0x00000000        0x0 c:/devkitpro/devkitppc/bin/../lib/gcc/powerpc-eabi/4.5.1/crtbegin.o
 .rela.text._ZSt10unexpectedv
                0x00000000        0x0 c:/devkitpro/devkitppc/bin/../lib/gcc/powerpc-eabi/4.5.1/crtbegin.o
 .rela.text._ZSt13set_terminatePFvvE
                0x00000000        0x0 c:/devkitpro/devkitppc/bin/../lib/gcc/powerpc-eabi/4.5.1/crtbegin.o
 .rela.text._ZSt14set_unexpectedPFvvE
                0x00000000        0x0 c:/devkitpro/devkitppc/bin/../lib/gcc/powerpc-eabi/4.5.1/crtbegin.o
 .rela.text.__cxa_throw
                0x00000000        0x0 c:/devkitpro/devkitppc/bin/../lib/gcc/powerpc-eabi/4.5.1/crtbegin.o
 .rela.text._ZNSt9bad_allocD2Ev
                0x00000000        0x0 c:/devkitpro/devkitppc/bin/../lib/gcc/powerpc-eabi/4.5.1/crtbegin.o
 .rela.text._ZNSt9bad_allocD0Ev
                0x00000000        0x0 c:/devkitpro/devkitppc/bin/../lib/gcc/powerpc-eabi/4.5.1/crtbegin.o
 .rela.text._Znwj
                0x00000000        0x0 c:/devkitpro/devkitppc/bin/../lib/gcc/powerpc-eabi/4.5.1/crtbegin.o
 .rela.text._ZN10__cxxabiv120__si_class_type_infoD2Ev
                0x00000000        0x0 c:/devkitpro/devkitppc/bin/../lib/gcc/powerpc-eabi/4.5.1/crtbegin.o
 .rela.text._ZN10__cxxabiv120__si_class_type_infoD0Ev
                0x00000000        0x0 c:/devkitpro/devkitppc/bin/../lib/gcc/powerpc-eabi/4.5.1/crtbegin.o
 .rela.text._ZNSt9type_infoD2Ev
                0x00000000        0x0 c:/devkitpro/devkitppc/bin/../lib/gcc/powerpc-eabi/4.5.1/crtbegin.o
 .rela.text._ZNSt9type_infoD0Ev
                0x00000000        0x0 c:/devkitpro/devkitppc/bin/../lib/gcc/powerpc-eabi/4.5.1/crtbegin.o
 .rela.text._ZN9__gnu_cxx27__verbose_terminate_handlerEv
                0x00000000        0x0 c:/devkitpro/devkitppc/bin/../lib/gcc/powerpc-eabi/4.5.1/crtbegin.o
 .rela.text._ZN10__cxxabiv117__class_type_infoD2Ev
                0x00000000        0x0 c:/devkitpro/devkitppc/bin/../lib/gcc/powerpc-eabi/4.5.1/crtbegin.o
 .rela.text._ZN10__cxxabiv117__class_type_infoD0Ev
                0x00000000        0x0 c:/devkitpro/devkitppc/bin/../lib/gcc/powerpc-eabi/4.5.1/crtbegin.o
 .rela.text._ZNSt9exceptionD2Ev
                0x00000000        0x0 c:/devkitpro/devkitppc/bin/../lib/gcc/powerpc-eabi/4.5.1/crtbegin.o
 .rela.text._ZNSt13bad_exceptionD2Ev
                0x00000000        0x0 c:/devkitpro/devkitppc/bin/../lib/gcc/powerpc-eabi/4.5.1/crtbegin.o
 .rela.text._ZN10__cxxabiv115__forced_unwindD2Ev
                0x00000000        0x0 c:/devkitpro/devkitppc/bin/../lib/gcc/powerpc-eabi/4.5.1/crtbegin.o
 .rela.text._ZN10__cxxabiv119__foreign_exceptionD2Ev
                0x00000000        0x0 c:/devkitpro/devkitppc/bin/../lib/gcc/powerpc-eabi/4.5.1/crtbegin.o
 .rela.text._ZN10__cxxabiv119__foreign_exceptionD0Ev
                0x00000000        0x0 c:/devkitpro/devkitppc/bin/../lib/gcc/powerpc-eabi/4.5.1/crtbegin.o
 .rela.text._ZN10__cxxabiv115__forced_unwindD0Ev
                0x00000000        0x0 c:/devkitpro/devkitppc/bin/../lib/gcc/powerpc-eabi/4.5.1/crtbegin.o
 .rela.text._ZNSt13bad_exceptionD0Ev
                0x00000000        0x0 c:/devkitpro/devkitppc/bin/../lib/gcc/powerpc-eabi/4.5.1/crtbegin.o
 .rela.text._ZNSt9exceptionD0Ev
                0x00000000        0x0 c:/devkitpro/devkitppc/bin/../lib/gcc/powerpc-eabi/4.5.1/crtbegin.o
 .rela.text.atangent
                0x00000000        0x0 c:/devkitpro/devkitppc/bin/../lib/gcc/powerpc-eabi/4.5.1/crtbegin.o
 .rela.text.calloc
                0x00000000        0x0 c:/devkitpro/devkitppc/bin/../lib/gcc/powerpc-eabi/4.5.1/crtbegin.o
 .rela.text.__errno
                0x00000000        0x0 c:/devkitpro/devkitppc/bin/../lib/gcc/powerpc-eabi/4.5.1/crtbegin.o
 .rela.text.exit
                0x00000000        0x0 c:/devkitpro/devkitppc/bin/../lib/gcc/powerpc-eabi/4.5.1/crtbegin.o
 .rela.text.fclose
                0x00000000        0x0 c:/devkitpro/devkitppc/bin/../lib/gcc/powerpc-eabi/4.5.1/crtbegin.o
 .rela.text.fflush
                0x00000000        0x0 c:/devkitpro/devkitppc/bin/../lib/gcc/powerpc-eabi/4.5.1/crtbegin.o
 .rela.text.fileno
                0x00000000        0x0 c:/devkitpro/devkitppc/bin/../lib/gcc/powerpc-eabi/4.5.1/crtbegin.o
 .rela.text._cleanup
                0x00000000        0x0 c:/devkitpro/devkitppc/bin/../lib/gcc/powerpc-eabi/4.5.1/crtbegin.o
 .rela.text.__sinit
                0x00000000        0x0 c:/devkitpro/devkitppc/bin/../lib/gcc/powerpc-eabi/4.5.1/crtbegin.o
 .rela.text.__sfp
                0x00000000        0x0 c:/devkitpro/devkitppc/bin/../lib/gcc/powerpc-eabi/4.5.1/crtbegin.o
 .rela.text.__fp_lock_all
                0x00000000        0x0 c:/devkitpro/devkitppc/bin/../lib/gcc/powerpc-eabi/4.5.1/crtbegin.o
 .rela.text.__fp_unlock_all
                0x00000000        0x0 c:/devkitpro/devkitppc/bin/../lib/gcc/powerpc-eabi/4.5.1/crtbegin.o
 .rela.text._fopen_r
                0x00000000        0x0 c:/devkitpro/devkitppc/bin/../lib/gcc/powerpc-eabi/4.5.1/crtbegin.o
 .rela.text.fopen
                0x00000000        0x0 c:/devkitpro/devkitppc/bin/../lib/gcc/powerpc-eabi/4.5.1/crtbegin.o
 .rela.text.fprintf
                0x00000000        0x0 c:/devkitpro/devkitppc/bin/../lib/gcc/powerpc-eabi/4.5.1/crtbegin.o
 .rela.text.fputc
                0x00000000        0x0 c:/devkitpro/devkitppc/bin/../lib/gcc/powerpc-eabi/4.5.1/crtbegin.o
 .rela.text.fputs
                0x00000000        0x0 c:/devkitpro/devkitppc/bin/../lib/gcc/powerpc-eabi/4.5.1/crtbegin.o
 .rela.text.fread
                0x00000000        0x0 c:/devkitpro/devkitppc/bin/../lib/gcc/powerpc-eabi/4.5.1/crtbegin.o
 .rela.text._malloc_trim_r
                0x00000000        0x0 c:/devkitpro/devkitppc/bin/../lib/gcc/powerpc-eabi/4.5.1/crtbegin.o
 .rela.text._free_r
                0x00000000        0x0 c:/devkitpro/devkitppc/bin/../lib/gcc/powerpc-eabi/4.5.1/crtbegin.o
 .rela.text._fseek_r
                0x00000000        0x0 c:/devkitpro/devkitppc/bin/../lib/gcc/powerpc-eabi/4.5.1/crtbegin.o
 .rela.text.fseek
                0x00000000        0x0 c:/devkitpro/devkitppc/bin/../lib/gcc/powerpc-eabi/4.5.1/crtbegin.o
 .rela.text.ftell
                0x00000000        0x0 c:/devkitpro/devkitppc/bin/../lib/gcc/powerpc-eabi/4.5.1/crtbegin.o
 .rela.text.fwrite
                0x00000000        0x0 c:/devkitpro/devkitppc/bin/../lib/gcc/powerpc-eabi/4.5.1/crtbegin.o
 .rela.text.gmtime
                0x00000000        0x0 c:/devkitpro/devkitppc/bin/../lib/gcc/powerpc-eabi/4.5.1/crtbegin.o
 .rela.text.loadlocale
                0x00000000        0x0 c:/devkitpro/devkitppc/bin/../lib/gcc/powerpc-eabi/4.5.1/crtbegin.o
 .rela.text.__smakebuf_r
                0x00000000        0x0 c:/devkitpro/devkitppc/bin/../lib/gcc/powerpc-eabi/4.5.1/crtbegin.o
 .rela.text._mbrtowc_r
                0x00000000        0x0 c:/devkitpro/devkitppc/bin/../lib/gcc/powerpc-eabi/4.5.1/crtbegin.o
 .rela.text.mbrtowc
                0x00000000        0x0 c:/devkitpro/devkitppc/bin/../lib/gcc/powerpc-eabi/4.5.1/crtbegin.o
 .rela.text.mktime
                0x00000000        0x0 c:/devkitpro/devkitppc/bin/../lib/gcc/powerpc-eabi/4.5.1/crtbegin.o
 .rela.text._mktm_r
                0x00000000        0x0 c:/devkitpro/devkitppc/bin/../lib/gcc/powerpc-eabi/4.5.1/crtbegin.o
 .rela.text._strtod_r
                0x00000000        0x0 c:/devkitpro/devkitppc/bin/../lib/gcc/powerpc-eabi/4.5.1/crtbegin.o
 .rela.text._wcrtomb_r
                0x00000000        0x0 c:/devkitpro/devkitppc/bin/../lib/gcc/powerpc-eabi/4.5.1/crtbegin.o
 .rela.text.wcrtomb
                0x00000000        0x0 c:/devkitpro/devkitppc/bin/../lib/gcc/powerpc-eabi/4.5.1/crtbegin.o
 .rela.text.wctob
                0x00000000        0x0 c:/devkitpro/devkitppc/bin/../lib/gcc/powerpc-eabi/4.5.1/crtbegin.o
 .rela.text._dtoa_r
                0x00000000        0x0 c:/devkitpro/devkitppc/bin/../lib/gcc/powerpc-eabi/4.5.1/crtbegin.o
 .rela.text.__hexdig_init
                0x00000000        0x0 c:/devkitpro/devkitppc/bin/../lib/gcc/powerpc-eabi/4.5.1/crtbegin.o
 .rela.text.__gethex
                0x00000000        0x0 c:/devkitpro/devkitppc/bin/../lib/gcc/powerpc-eabi/4.5.1/crtbegin.o
 .rela.text.__hexnan
                0x00000000        0x0 c:/devkitpro/devkitppc/bin/../lib/gcc/powerpc-eabi/4.5.1/crtbegin.o
 .rela.text._findenv_r
                0x00000000        0x0 c:/devkitpro/devkitppc/bin/../lib/gcc/powerpc-eabi/4.5.1/crtbegin.o

.rel.fini
 *(.rel.fini)

.rela.fini
 *(.rela.fini)

.rel.rodata
 *(.rel.rodata .rel.rodata.* .rel.gnu.linkonce.r.*)

.rela.rodata    0x80004194        0x0
 *(.rela.rodata .rela.rodata.* .rela.gnu.linkonce.r.*)
 .rela.rodata.dotab_fat
                0x00000000        0x0 c:/devkitpro/devkitppc/bin/../lib/gcc/powerpc-eabi/4.5.1/crtbegin.o
 .rela.rodata._ZTVSt9bad_alloc
                0x00000000        0x0 c:/devkitpro/devkitppc/bin/../lib/gcc/powerpc-eabi/4.5.1/crtbegin.o
 .rela.rodata._ZTISt9bad_alloc
                0x00000000        0x0 c:/devkitpro/devkitppc/bin/../lib/gcc/powerpc-eabi/4.5.1/crtbegin.o
 .rela.rodata._ZTVN10__cxxabiv120__si_class_type_infoE
                0x00000000        0x0 c:/devkitpro/devkitppc/bin/../lib/gcc/powerpc-eabi/4.5.1/crtbegin.o
 .rela.rodata._ZTIN10__cxxabiv120__si_class_type_infoE
                0x00000000        0x0 c:/devkitpro/devkitppc/bin/../lib/gcc/powerpc-eabi/4.5.1/crtbegin.o
 .rela.rodata._ZTVSt9type_info
                0x00000000        0x0 c:/devkitpro/devkitppc/bin/../lib/gcc/powerpc-eabi/4.5.1/crtbegin.o
 .rela.rodata._ZTVN10__cxxabiv117__class_type_infoE
                0x00000000        0x0 c:/devkitpro/devkitppc/bin/../lib/gcc/powerpc-eabi/4.5.1/crtbegin.o
 .rela.rodata._ZTIN10__cxxabiv117__class_type_infoE
                0x00000000        0x0 c:/devkitpro/devkitppc/bin/../lib/gcc/powerpc-eabi/4.5.1/crtbegin.o
 .rela.rodata._ZTVN10__cxxabiv119__foreign_exceptionE
                0x00000000        0x0 c:/devkitpro/devkitppc/bin/../lib/gcc/powerpc-eabi/4.5.1/crtbegin.o
 .rela.rodata._ZTVN10__cxxabiv115__forced_unwindE
                0x00000000        0x0 c:/devkitpro/devkitppc/bin/../lib/gcc/powerpc-eabi/4.5.1/crtbegin.o
 .rela.rodata._ZTVSt13bad_exception
                0x00000000        0x0 c:/devkitpro/devkitppc/bin/../lib/gcc/powerpc-eabi/4.5.1/crtbegin.o
 .rela.rodata._ZTVSt9exception
                0x00000000        0x0 c:/devkitpro/devkitppc/bin/../lib/gcc/powerpc-eabi/4.5.1/crtbegin.o
 .rela.rodata._ZTISt13bad_exception
                0x00000000        0x0 c:/devkitpro/devkitppc/bin/../lib/gcc/powerpc-eabi/4.5.1/crtbegin.o

.rel.data
 *(.rel.data .rel.data.* .rel.gnu.linkonce.d.*)

.rela.data      0x80004194        0x0
 *(.rela.data .rela.data.* .rela.gnu.linkonce.d.*)
 .rela.data     0x00000000        0x0 c:/devkitpro/devkitppc/bin/../lib/gcc/powerpc-eabi/4.5.1/crtbegin.o

.rel.tdata
 *(.rel.tdata .rel.tdata.* .rel.gnu.linkonce.td.*)

.rela.tdata
 *(.rela.tdata .rela.tdata.* .rela.gnu.linkonce.td.*)

.rel.tbss
 *(.rel.tbss .rel.tbss.* .rel.gnu.linkonce.tb.*)

.rela.tbss
 *(.rela.tbss .rela.tbss.* .rela.gnu.linkonce.tb.*)

.rel.ctors
 *(.rel.ctors)

.rela.ctors
 *(.rela.ctors)

.rel.dtors
 *(.rel.dtors)

.rela.dtors
 *(.rela.dtors)

.rel.got
 *(.rel.got)

.rela.got
 *(.rela.got)

.rela.got1
 *(.rela.got1)

.rela.got2      0x80004194        0x0
 *(.rela.got2)
 .rela.got2     0x00000000        0x0 c:/devkitpro/devkitppc/bin/../lib/gcc/powerpc-eabi/4.5.1/crtbegin.o

.rel.sdata
 *(.rel.sdata .rel.sdata.* .rel.gnu.linkonce.s.*)

.rela.sdata     0x80004194        0x0
 *(.rela.sdata .rela.sdata.* .rela.gnu.linkonce.s.*)
 .rela.sdata._ZN10__cxxabiv119__terminate_handlerE
                0x00000000        0x0 c:/devkitpro/devkitppc/bin/../lib/gcc/powerpc-eabi/4.5.1/crtbegin.o
 .rela.sdata._ZTISt9type_info
                0x00000000        0x0 c:/devkitpro/devkitppc/bin/../lib/gcc/powerpc-eabi/4.5.1/crtbegin.o
 .rela.sdata._ZTIN10__cxxabiv119__foreign_exceptionE
                0x00000000        0x0 c:/devkitpro/devkitppc/bin/../lib/gcc/powerpc-eabi/4.5.1/crtbegin.o
 .rela.sdata._ZTIN10__cxxabiv115__forced_unwindE
                0x00000000        0x0 c:/devkitpro/devkitppc/bin/../lib/gcc/powerpc-eabi/4.5.1/crtbegin.o
 .rela.sdata._ZTISt9exception
                0x00000000        0x0 c:/devkitpro/devkitppc/bin/../lib/gcc/powerpc-eabi/4.5.1/crtbegin.o

.rel.sbss
 *(.rel.sbss .rel.sbss.* .rel.gnu.linkonce.sb.*)

.rela.sbss
 *(.rela.sbss .rela.sbss.* .rel.gnu.linkonce.sb.*)

.rel.sdata2
 *(.rel.sdata2 .rel.sdata2.* .rel.gnu.linkonce.s2.*)

.rela.sdata2
 *(.rela.sdata2 .rela.sdata2.* .rela.gnu.linkonce.s2.*)

.rel.sbss2
 *(.rel.sbss2 .rel.sbss2.* .rel.gnu.linkonce.sb2.*)

.rela.sbss2
 *(.rela.sbss2 .rela.sbss2.* .rela.gnu.linkonce.sb2.*)

.rel.bss
 *(.rel.bss .rel.bss.* .rel.gnu.linkonce.b.*)

.rela.bss
 *(.rela.bss .rela.bss.* .rela.gnu.linkonce.b.*)

.rel.plt
 *(.rel.plt)

.rela.plt
 *(.rela.plt)

.text           0x800041a0    0x559a0
 *(.text)
 .text          0x800041a0      0x168 c:/devkitpro/devkitppc/bin/../lib/gcc/powerpc-eabi/4.5.1/crtbegin.o
 .text          0x80004308       0x44 c:/devkitpro/devkitppc/bin/../lib/gcc/powerpc-eabi/4.5.1/../../../../powerpc-eabi/lib/crtmain.o
                0x8000430c                __crtmain
 .text          0x8000434c      0x430 c:/devkitPro/libogc/lib/wii\libmxml.a(mxml-attr.o)
                0x8000434c                mxmlElementGetAttr
                0x80004518                mxmlElementSetAttrf
                0x8000461c                mxmlElementSetAttr
                0x800046a0                mxmlElementDeleteAttr
 .text          0x8000477c     0x3610 c:/devkitPro/libogc/lib/wii\libmxml.a(mxml-file.o)
                0x80004874                mxmlSetWrapMargin
                0x800048a4                mxmlSetErrorCallback
                0x800048d4                mxmlSetCustomHandlers
                0x80006238                mxmlSAXLoadString
                0x80006278                mxmlSAXLoadFile
                0x80006290                mxmlSAXLoadFd
                0x800062d8                mxmlLoadString
                0x80006314                mxmlLoadFile
                0x80006328                mxmlLoadFd
                0x800078a4                mxmlSaveString
                0x80007984                mxmlSaveFile
                0x80007c38                mxmlSaveFd
                0x80007ce4                mxmlSaveAllocString
 .text          0x80007d8c      0x738 c:/devkitPro/libogc/lib/wii\libmxml.a(mxml-node.o)
                0x80007d8c                mxmlRemove
                0x80007df0                mxmlAdd
                0x80007f54                mxmlRetain
                0x80007fec                mxmlNewTextf
                0x800080b0                mxmlNewReal
                0x800080ec                mxmlNewInteger
                0x80008128                mxmlNewCustom
                0x80008174                mxmlNewText
                0x800081dc                mxmlNewOpaque
                0x80008234                mxmlNewElement
                0x8000828c                mxmlNewXML
                0x800082e8                mxmlNewCDATA
                0x8000834c                mxmlDelete
                0x8000847c                mxmlRelease
 .text          0x800084c4      0x234 c:/devkitPro/libogc/lib/wii\libmxml.a(mxml-search.o)
                0x800084c4                mxmlWalkNext
                0x80008538                mxmlWalkPrev
                0x80008598                mxmlFindElement
 .text          0x800086f8      0x10c c:/devkitPro/libogc/lib/wii\libmxml.a(mxml-private.o)
                0x800086f8                mxml_ignore_cb
                0x80008700                mxml_integer_cb
                0x80008708                mxml_opaque_cb
                0x80008710                mxml_real_cb
                0x80008718                _mxml_global
                0x80008724                mxml_error
 .text          0x80008804      0x124 c:/devkitPro/libogc/lib/wii\libmxml.a(mxml-string.o)
                0x80008804                _mxml_vstrdupf
                0x800088a4                _mxml_strdupf
 .text          0x80008928      0x298 c:/devkitPro/libogc/lib/wii\libmxml.a(mxml-entity.o)
                0x80008928                mxmlEntityGetName
                0x8000894c                _mxml_entity_cb
                0x80008a40                mxmlEntityGetValue
                0x80008abc                mxmlEntityRemoveCallback
                0x80008b58                mxmlEntityAddCallback
 .text          0x80008bc0      0x4ec c:/devkitPro/libogc/lib/wii\libogc.a(lwp_handler.o)
                0x80008bc0                _cpu_context_save_fp
                0x80008d00                _cpu_context_restore_fp
                0x80008e40                _cpu_context_switch
                0x80008fc0                _cpu_context_save
                0x80009040                _cpu_context_restore
 .text          0x800090ac      0x4f0 c:/devkitPro/libogc/lib/wii\libogc.a(cache_asm.o)
                0x800090ac                DCFlashInvalidate
                0x800090c0                DCEnable
                0x800090d4                DCDisable
                0x800090e8                DCFreeze
                0x800090fc                DCUnfreeze
                0x80009110                DCTouchLoad
                0x80009118                DCBlockZero
                0x80009120                DCBlockStore
                0x80009128                DCBlockFlush
                0x80009130                DCBlockInvalidate
                0x80009138                DCInvalidateRange
                0x80009168                DCFlushRange
                0x8000919c                DCStoreRange
                0x800091d0                DCFlushRangeNoSync
                0x80009200                DCStoreRangeNoSync
                0x80009230                DCZeroRange
                0x80009260                DCTouchRange
                0x80009290                ICInvalidateRange
                0x800092c8                ICFlashInvalidate
                0x800092dc                ICEnable
                0x800092f0                ICDisable
                0x80009304                ICFreeze
                0x80009318                ICUnfreeze
                0x8000932c                ICBlockInvalidate
                0x80009334                ICSync
                0x8000933c                L2Init
                0x80009384                L2Enable
                0x800093a0                L2Disable
                0x800093b8                L2GlobalInvalidate
                0x80009410                __LCEnable
                0x800094d8                LCDisable
                0x80009500                LCAllocOneTag
                0x80009514                LCAllocTags
                0x80009554                LCLoadBlocks
                0x80009578                LCStoreBlocks
 .text          0x8000959c      0x4b0 c:/devkitPro/libogc/lib/wii\libogc.a(system_asm.o)
                0x8000959c                __realmode
                0x800095b4                __configBATS
                0x800096e4                __InitFPRS
                0x80009810                __InitPS
                0x8000986c                __InitCache
                0x800098c4                __InitSystem
                0x8000995c                __flush_cache
                0x80009990                __reset
                0x80009a00                __InitBATS
                0x80009a1c                SYS_SwitchFiber
 .text          0x80009a4c      0x1ac c:/devkitPro/libogc/lib/wii\libogc.a(irq_handler.o)
                0x80009a4c                irq_exceptionhandler
 .text          0x80009bf8      0x1ac c:/devkitPro/libogc/lib/wii\libogc.a(decrementer_handler.o)
                0x80009bf8                dec_exceptionhandler
 .text          0x80009da4      0x35c c:/devkitPro/libogc/lib/wii\libogc.a(exception_handler.o)
                0x80009da4                exceptionhandler_start
                0x80009e20                exceptionhandler_patch
                0x80009e54                exceptionhandler_end
                0x80009e58                default_exceptionhandler
                0x80009f88                fpu_exceptionhandler
                0x8000a0d0                systemcallhandler_start
                0x8000a0fc                systemcallhandler_end
 .text          0x8000a100     0x77a8 c:/devkitpro/devkitppc/bin/../lib/gcc/powerpc-eabi/4.5.1/../../../../powerpc-eabi/lib\libstdc++.a(cp-demangle.o)
                0x800116e4                __cxa_demangle
                0x8001185c                __gcclibcxx_demangle_callback
 .text          0x800118a8       0x40 c:/devkitpro/devkitppc/bin/../lib/gcc/powerpc-eabi/4.5.1\libgcc.a(_ashldi3.o)
                0x800118a8                __ashldi3
 .text          0x800118e8      0x3f0 c:/devkitpro/devkitppc/bin/../lib/gcc/powerpc-eabi/4.5.1\libgcc.a(_udivdi3.o)
                0x800118e8                __udivdi3
 .text          0x80011cd8      0x3c0 c:/devkitpro/devkitppc/bin/../lib/gcc/powerpc-eabi/4.5.1\libgcc.a(_umoddi3.o)
                0x80011cd8                __umoddi3
 .text          0x80012098       0x48 c:/devkitpro/devkitppc/bin/../lib/gcc/powerpc-eabi/4.5.1\libgcc.a(eabi.o)
                0x80012098                __eabi
 .text          0x800120e0       0x4c c:/devkitpro/devkitppc/bin/../lib/gcc/powerpc-eabi/4.5.1\libgcc.a(crtsavfpr.o)
                0x800120e0                _savefpr_14
                0x800120e4                _savefpr_15
                0x800120e8                _savefpr_16
                0x800120ec                _savefpr_17
                0x800120f0                _savefpr_18
                0x800120f4                _savefpr_19
                0x800120f8                _savefpr_20
                0x800120fc                _savefpr_21
                0x80012100                _savefpr_22
                0x80012104                _savefpr_23
                0x80012108                _savefpr_24
                0x8001210c                _savefpr_25
                0x80012110                _savefpr_26
                0x80012114                _savefpr_27
                0x80012118                _savefpr_28
                0x8001211c                _savefpr_29
                0x80012120                _savefpr_30
                0x80012124                _savefpr_31
 .text          0x8001212c       0x4c c:/devkitpro/devkitppc/bin/../lib/gcc/powerpc-eabi/4.5.1\libgcc.a(crtsavgpr.o)
                0x8001212c                _savegpr_14
                0x80012130                _savegpr_15
                0x80012134                _savegpr_16
                0x80012138                _savegpr_17
                0x8001213c                _savegpr_18
                0x80012140                _savegpr_19
                0x80012144                _savegpr_20
                0x80012148                _savegpr_21
                0x8001214c                _savegpr_22
                0x80012150                _savegpr_23
                0x80012154                _savegpr_24
                0x80012158                _savegpr_25
                0x8001215c                _savegpr_26
                0x80012160                _savegpr_27
                0x80012164                _savegpr_28
                0x80012168                _savegpr_29
                0x8001216c                _savegpr_30
                0x80012170                _savegpr_31
 .text          0x80012178       0x4c c:/devkitpro/devkitppc/bin/../lib/gcc/powerpc-eabi/4.5.1\libgcc.a(crtresgpr.o)
                0x80012178                _restgpr_14
                0x8001217c                _restgpr_15
                0x80012180                _restgpr_16
                0x80012184                _restgpr_17
                0x80012188                _restgpr_18
                0x8001218c                _restgpr_19
                0x80012190                _restgpr_20
                0x80012194                _restgpr_21
                0x80012198                _restgpr_22
                0x8001219c                _restgpr_23
                0x800121a0                _restgpr_24
                0x800121a4                _restgpr_25
                0x800121a8                _restgpr_26
                0x800121ac                _restgpr_27
                0x800121b0                _restgpr_28
                0x800121b4                _restgpr_29
                0x800121b8                _restgpr_30
                0x800121bc                _restgpr_31
 .text          0x800121c4       0x58 c:/devkitpro/devkitppc/bin/../lib/gcc/powerpc-eabi/4.5.1\libgcc.a(crtresxfpr.o)
                0x800121c4                _restfpr_14_x
                0x800121c8                _restfpr_15_x
                0x800121cc                _restfpr_16_x
                0x800121d0                _restfpr_17_x
                0x800121d4                _restfpr_18_x
                0x800121d8                _restfpr_19_x
                0x800121dc                _restfpr_20_x
                0x800121e0                _restfpr_21_x
                0x800121e4                _restfpr_22_x
                0x800121e8                _restfpr_23_x
                0x800121ec                _restfpr_24_x
                0x800121f0                _restfpr_25_x
                0x800121f4                _restfpr_26_x
                0x800121f8                _restfpr_27_x
                0x800121fc                _restfpr_28_x
                0x80012200                _restfpr_29_x
                0x80012204                _restfpr_30_x
                0x80012208                _restfpr_31_x
 .text          0x8001221c       0x58 c:/devkitpro/devkitppc/bin/../lib/gcc/powerpc-eabi/4.5.1\libgcc.a(crtresxgpr.o)
                0x8001221c                _restgpr_14_x
                0x80012220                _restgpr_15_x
                0x80012224                _restgpr_16_x
                0x80012228                _restgpr_17_x
                0x8001222c                _restgpr_18_x
                0x80012230                _restgpr_19_x
                0x80012234                _restgpr_20_x
                0x80012238                _restgpr_21_x
                0x8001223c                _restgpr_22_x
                0x80012240                _restgpr_23_x
                0x80012244                _restgpr_24_x
                0x80012248                _restgpr_25_x
                0x8001224c                _restgpr_26_x
                0x80012250                _restgpr_27_x
                0x80012254                _restgpr_28_x
                0x80012258                _restgpr_29_x
                0x8001225c                _restgpr_30_x
                0x80012260                _restgpr_31_x
 .text          0x80012274     0x2fb8 c:/devkitpro/devkitppc/bin/../lib/gcc/powerpc-eabi/4.5.1\libgcc.a(unwind-dw2.o)
                0x80014530                _Unwind_GetGR
                0x800145a4                _Unwind_GetCFA
                0x800145ac                _Unwind_SetGR
                0x80014634                _Unwind_GetIP
                0x8001463c                _Unwind_GetIPInfo
                0x80014650                _Unwind_SetIP
                0x80014658                _Unwind_GetLanguageSpecificData
                0x80014660                _Unwind_GetRegionStart
                0x80014668                _Unwind_FindEnclosingFunction
                0x800146a0                _Unwind_GetDataRelBase
                0x800146a8                _Unwind_GetTextRelBase
                0x800146b0                __frame_state_for
                0x800147c8                _Unwind_RaiseException
                0x80014a50                _Unwind_ForcedUnwind
                0x80014c40                _Unwind_Resume
                0x80014e3c                _Unwind_Resume_or_Rethrow
                0x80015030                _Unwind_DeleteException
                0x80015068                _Unwind_Backtrace
 .text          0x8001522c     0x189c c:/devkitpro/devkitppc/bin/../lib/gcc/powerpc-eabi/4.5.1\libgcc.a(unwind-dw2-fde.o)
                0x800165dc                __register_frame_info_bases
                0x80016624                __register_frame_info
                0x80016670                __register_frame
                0x800166e0                __register_frame_info_table_bases
                0x80016714                __register_frame_info_table
                0x8001674c                __register_frame_table
                0x800167b0                __deregister_frame_info_bases
                0x800168c0                __deregister_frame_info
                0x800168c4                __deregister_frame
                0x800168f4                _Unwind_Find_FDE
 .text          0x80016ac8       0x28 c:/devkitpro/devkitppc/bin/../lib/gcc/powerpc-eabi/4.5.1/../../../../powerpc-eabi/lib\libsysbase.a(abort.o)
                0x80016ac8                abort
 .text          0x80016af0      0x2ec c:/devkitpro/devkitppc/bin/../lib/gcc/powerpc-eabi/4.5.1/../../../../powerpc-eabi/lib\libsysbase.a(iosupport.o)
                0x80016af0                setDefaultDevice
                0x80016b08                FindDevice
                0x80016c2c                RemoveDevice
                0x80016c7c                AddDevice
                0x80016d98                GetDeviceOpTab
 .text          0x80016ddc       0x28 c:/devkitpro/devkitppc/bin/../lib/gcc/powerpc-eabi/4.5.1/../../../../powerpc-eabi/lib\libsysbase.a(_exit.o)
                0x80016ddc                _exit
 .text          0x80016e04      0x4c4 c:/devkitpro/devkitppc/bin/../lib/gcc/powerpc-eabi/4.5.1/../../../../powerpc-eabi/lib\libsysbase.a(chdir.o)
                0x80016e04                _concatenate_path
                0x80017054                chdir
                0x800171e4                getcwd
 .text          0x800172c8       0xa0 c:/devkitpro/devkitppc/bin/../lib/gcc/powerpc-eabi/4.5.1/../../../../powerpc-eabi/lib\libsysbase.a(build_argv.o)
                0x800172c8                build_argv
 .text          0x80017368      0x168 c:/devkitpro/devkitppc/bin/../lib/gcc/powerpc-eabi/4.5.1/../../../../powerpc-eabi/lib\libsysbase.a(syscall_support.o)
                0x80017368                __libc_lock_init
                0x800173a8                __libc_lock_close
                0x800173e8                __libc_lock_release
                0x80017428                __libc_lock_acquire
                0x80017468                __malloc_lock
                0x8001749c                __malloc_unlock
 .text          0x800174d0       0x9c c:/devkitpro/devkitppc/bin/../lib/gcc/powerpc-eabi/4.5.1/../../../../powerpc-eabi/lib\libsysbase.a(close.o)
                0x800174d0                _close_r
 .text          0x8001756c       0xc8 c:/devkitpro/devkitppc/bin/../lib/gcc/powerpc-eabi/4.5.1/../../../../powerpc-eabi/lib\libsysbase.a(fstat.o)
                0x8001756c                _fstat_r
 .text          0x80017634        0x8 c:/devkitpro/devkitppc/bin/../lib/gcc/powerpc-eabi/4.5.1/../../../../powerpc-eabi/lib\libsysbase.a(isatty.o)
                0x80017634                _isatty_r
 .text          0x8001763c       0xcc c:/devkitpro/devkitppc/bin/../lib/gcc/powerpc-eabi/4.5.1/../../../../powerpc-eabi/lib\libsysbase.a(lseek.o)
                0x8001763c                _lseek_r
 .text          0x80017708      0x14c c:/devkitpro/devkitppc/bin/../lib/gcc/powerpc-eabi/4.5.1/../../../../powerpc-eabi/lib\libsysbase.a(open.o)
                0x80017708                _open_r
 .text          0x80017854       0xac c:/devkitpro/devkitppc/bin/../lib/gcc/powerpc-eabi/4.5.1/../../../../powerpc-eabi/lib\libsysbase.a(read.o)
                0x80017854                _read_r
 .text          0x80017900       0x50 c:/devkitpro/devkitppc/bin/../lib/gcc/powerpc-eabi/4.5.1/../../../../powerpc-eabi/lib\libsysbase.a(sbrk.o)
                0x80017900                _sbrk_r
 .text          0x80017950       0xac c:/devkitpro/devkitppc/bin/../lib/gcc/powerpc-eabi/4.5.1/../../../../powerpc-eabi/lib\libsysbase.a(write.o)
                0x80017950                _write_r
 .text          0x800179fc       0x6c c:/devkitpro/devkitppc/bin/../lib/gcc/powerpc-eabi/4.5.1/../../../../powerpc-eabi/lib\libsysbase.a(flock.o)
                0x800179fc                __flockfile
                0x80017a44                __funlockfile
 .text          0x80017a68      0x174 c:/devkitpro/devkitppc/bin/../lib/gcc/powerpc-eabi/4.5.1/../../../../powerpc-eabi/lib\libsysbase.a(handle_manager.o)
                0x80017a68                __release_handle
                0x80017ac4                __alloc_handle
                0x80017bb8                __get_handle
 .text          0x80017bdc       0x6c c:/devkitpro/devkitppc/bin/../lib/gcc/powerpc-eabi/4.5.1/crtend.o
 *(.text.*)
 .text._Z7AddJobsv
                0x80017c48      0x63c main.o
                0x80017c48                AddJobs()
 .text._Z10load_feedsv
                0x80018284      0x330 main.o
                0x80018284                load_feeds()
 .text._Z3endv  0x800185b4       0x48 main.o
                0x800185b4                end()
 .text._Z4faili
                0x800185fc       0x60 main.o
                0x800185fc                fail(int)
 .text.main     0x8001865c      0x29c main.o
                0x8001865c                main
 .text.fatMount
                0x800188f8      0x118 c:/devkitPro/libogc/lib/wii\libfat.a(libfat.o)
                0x800188f8                fatMount
 .text.fatInit  0x80018a10      0x2b8 c:/devkitPro/libogc/lib/wii\libfat.a(libfat.o)
                0x80018a10                fatInit
 .text.fatInitDefault
                0x80018cc8        0xc c:/devkitPro/libogc/lib/wii\libfat.a(libfat.o)
                0x80018cc8                fatInitDefault
 .text._FAT_partition_getPartitionFromPath
                0x80018cd4       0x30 c:/devkitPro/libogc/lib/wii\libfat.a(partition.o)
                0x80018cd4                _FAT_partition_getPartitionFromPath
 .text.FindFirstValidPartition
                0x80018d04      0x2ac c:/devkitPro/libogc/lib/wii\libfat.a(partition.o)
                0x80018d04                FindFirstValidPartition
 .text._FAT_partition_constructor
                0x80018fb0      0x428 c:/devkitPro/libogc/lib/wii\libfat.a(partition.o)
                0x80018fb0                _FAT_partition_constructor
 .text._FAT_cache_getPage
                0x800193d8      0x21c c:/devkitPro/libogc/lib/wii\libfat.a(cache.o)
 .text._FAT_cache_flush
                0x800195f4       0xc8 c:/devkitPro/libogc/lib/wii\libfat.a(cache.o)
                0x800195f4                _FAT_cache_flush
 .text._FAT_cache_writeSectors
                0x800196bc      0x1d0 c:/devkitPro/libogc/lib/wii\libfat.a(cache.o)
                0x800196bc                _FAT_cache_writeSectors
 .text._FAT_cache_writePartialSector
                0x8001988c       0xb0 c:/devkitPro/libogc/lib/wii\libfat.a(cache.o)
                0x8001988c                _FAT_cache_writePartialSector
 .text._FAT_cache_writeLittleEndianValue
                0x8001993c       0x90 c:/devkitPro/libogc/lib/wii\libfat.a(cache.o)
                0x8001993c                _FAT_cache_writeLittleEndianValue
 .text._FAT_cache_readPartialSector
                0x800199cc       0x9c c:/devkitPro/libogc/lib/wii\libfat.a(cache.o)
                0x800199cc                _FAT_cache_readPartialSector
 .text._FAT_cache_readLittleEndianValue
                0x80019a68       0xfc c:/devkitPro/libogc/lib/wii\libfat.a(cache.o)
                0x80019a68                _FAT_cache_readLittleEndianValue
 .text._FAT_cache_readSectors
                0x80019b64       0xf0 c:/devkitPro/libogc/lib/wii\libfat.a(cache.o)
                0x80019b64                _FAT_cache_readSectors
 .text._FAT_cache_eraseWritePartialSector
                0x80019c54       0xe0 c:/devkitPro/libogc/lib/wii\libfat.a(cache.o)
                0x80019c54                _FAT_cache_eraseWritePartialSector
 .text._FAT_cache_constructor
                0x80019d34      0x124 c:/devkitPro/libogc/lib/wii\libfat.a(cache.o)
                0x80019d34                _FAT_cache_constructor
 .text._FAT_directory_entryGetAlias
                0x80019e58       0xdc c:/devkitPro/libogc/lib/wii\libfat.a(directory.o)
 .text._FAT_directory_entryGetCluster
                0x80019f34       0x4c c:/devkitPro/libogc/lib/wii\libfat.a(directory.o)
                0x80019f34                _FAT_directory_entryGetCluster
 .text._FAT_directory_entryStat
                0x80019f80      0x19c c:/devkitPro/libogc/lib/wii\libfat.a(directory.o)
                0x80019f80                _FAT_directory_entryStat
 .text._FAT_directory_getRootEntry
                0x8001a11c       0xd8 c:/devkitPro/libogc/lib/wii\libfat.a(directory.o)
                0x8001a11c                _FAT_directory_getRootEntry
 .text._FAT_directory_mbsncasecmp
                0x8001a1f4      0x16c c:/devkitPro/libogc/lib/wii\libfat.a(directory.o)
 .text._FAT_directory_incrementDirEntryPosition
                0x8001a360      0x108 c:/devkitPro/libogc/lib/wii\libfat.a(directory.o)
 .text._FAT_directory_removeEntry
                0x8001a468      0x178 c:/devkitPro/libogc/lib/wii\libfat.a(directory.o)
                0x8001a468                _FAT_directory_removeEntry
 .text._FAT_directory_ucs2tombs
                0x8001a5e0      0x194 c:/devkitPro/libogc/lib/wii\libfat.a(directory.o)
 .text._FAT_directory_entryFromPosition
                0x8001a774      0x250 c:/devkitPro/libogc/lib/wii\libfat.a(directory.o)
                0x8001a774                _FAT_directory_entryFromPosition
 .text._FAT_directory_getNextEntry
                0x8001a9c4      0x360 c:/devkitPro/libogc/lib/wii\libfat.a(directory.o)
                0x8001a9c4                _FAT_directory_getNextEntry
 .text._FAT_directory_getFirstEntry
                0x8001ad24       0x24 c:/devkitPro/libogc/lib/wii\libfat.a(directory.o)
                0x8001ad24                _FAT_directory_getFirstEntry
 .text._FAT_directory_entryExists
                0x8001ad48      0x12c c:/devkitPro/libogc/lib/wii\libfat.a(directory.o)
 .text._FAT_directory_addEntry
                0x8001ae74      0xc68 c:/devkitPro/libogc/lib/wii\libfat.a(directory.o)
                0x8001ae74                _FAT_directory_addEntry
 .text._FAT_directory_entryFromPath
                0x8001badc      0x340 c:/devkitPro/libogc/lib/wii\libfat.a(directory.o)
                0x8001badc                _FAT_directory_entryFromPath
 .text._FAT_directory_chdir
                0x8001be1c       0x88 c:/devkitPro/libogc/lib/wii\libfat.a(directory.o)
                0x8001be1c                _FAT_directory_chdir
 .text.get_io_wiisd
                0x8001bea4        0xc c:/devkitPro/libogc/lib/wii\libfat.a(disc.o)
 .text.get_io_usbstorage
                0x8001beb0        0xc c:/devkitPro/libogc/lib/wii\libfat.a(disc.o)
 .text.get_io_gcsda
                0x8001bebc        0xc c:/devkitPro/libogc/lib/wii\libfat.a(disc.o)
 .text.get_io_gcsdb
                0x8001bec8        0xc c:/devkitPro/libogc/lib/wii\libfat.a(disc.o)
 .text._FAT_link_r
                0x8001bed4       0x10 c:/devkitPro/libogc/lib/wii\libfat.a(fatdir.o)
                0x8001bed4                _FAT_link_r
 .text._FAT_unlock
                0x8001bee4       0x24 c:/devkitPro/libogc/lib/wii\libfat.a(fatdir.o)
 .text._FAT_dirclose_r
                0x8001bf08       0x4c c:/devkitPro/libogc/lib/wii\libfat.a(fatdir.o)
                0x8001bf08                _FAT_dirclose_r
 .text._FAT_dirnext_r
                0x8001bf54       0xf4 c:/devkitPro/libogc/lib/wii\libfat.a(fatdir.o)
                0x8001bf54                _FAT_dirnext_r
 .text._FAT_dirreset_r
                0x8001c048       0x8c c:/devkitPro/libogc/lib/wii\libfat.a(fatdir.o)
                0x8001c048                _FAT_dirreset_r
 .text._FAT_statvfs_r
                0x8001c0d4       0xcc c:/devkitPro/libogc/lib/wii\libfat.a(fatdir.o)
                0x8001c0d4                _FAT_statvfs_r
 .text._FAT_stat_r
                0x8001c1a0      0x128 c:/devkitPro/libogc/lib/wii\libfat.a(fatdir.o)
                0x8001c1a0                _FAT_stat_r
 .text._FAT_chdir_r
                0x8001c2c8       0xf0 c:/devkitPro/libogc/lib/wii\libfat.a(fatdir.o)
                0x8001c2c8                _FAT_chdir_r
 .text._FAT_mkdir_r
                0x8001c3b8      0x43c c:/devkitPro/libogc/lib/wii\libfat.a(fatdir.o)
                0x8001c3b8                _FAT_mkdir_r
 .text._FAT_diropen_r
                0x8001c7f4      0x170 c:/devkitPro/libogc/lib/wii\libfat.a(fatdir.o)
                0x8001c7f4                _FAT_diropen_r
 .text._FAT_unlink_r
                0x8001c964      0x2a8 c:/devkitPro/libogc/lib/wii\libfat.a(fatdir.o)
                0x8001c964                _FAT_unlink_r
 .text._FAT_rename_r
                0x8001cc0c      0x2fc c:/devkitPro/libogc/lib/wii\libfat.a(fatdir.o)
                0x8001cc0c                _FAT_rename_r
 .text._FAT_unlock
                0x8001cf08       0x24 c:/devkitPro/libogc/lib/wii\libfat.a(fatfile.o)
 .text._FAT_check_position_for_next_cluster
                0x8001cf2c      0x15c c:/devkitPro/libogc/lib/wii\libfat.a(fatfile.o)
 .text._FAT_file_extend_r
                0x8001d088      0x384 c:/devkitPro/libogc/lib/wii\libfat.a(fatfile.o)
 .text._FAT_syncToDisc
                0x8001d40c      0x1b8 c:/devkitPro/libogc/lib/wii\libfat.a(fatfile.o)
                0x8001d40c                _FAT_syncToDisc
 .text._FAT_fstat_r
                0x8001d5c4      0x110 c:/devkitPro/libogc/lib/wii\libfat.a(fatfile.o)
                0x8001d5c4                _FAT_fstat_r
 .text._FAT_fsync_r
                0x8001d6d4       0x90 c:/devkitPro/libogc/lib/wii\libfat.a(fatfile.o)
                0x8001d6d4                _FAT_fsync_r
 .text._FAT_close_r
                0x8001d764       0xe8 c:/devkitPro/libogc/lib/wii\libfat.a(fatfile.o)
                0x8001d764                _FAT_close_r
 .text._FAT_ftruncate_r
                0x8001d84c      0x28c c:/devkitPro/libogc/lib/wii\libfat.a(fatfile.o)
                0x8001d84c                _FAT_ftruncate_r
 .text._FAT_open_r
                0x8001dad8      0x518 c:/devkitPro/libogc/lib/wii\libfat.a(fatfile.o)
                0x8001dad8                _FAT_open_r
 .text._FAT_read_r
                0x8001dff0      0x4e4 c:/devkitPro/libogc/lib/wii\libfat.a(fatfile.o)
                0x8001dff0                _FAT_read_r
 .text._FAT_seek_r
                0x8001e4d4      0x2d0 c:/devkitPro/libogc/lib/wii\libfat.a(fatfile.o)
                0x8001e4d4                _FAT_seek_r
 .text._FAT_write_r
                0x8001e7a4      0x6e8 c:/devkitPro/libogc/lib/wii\libfat.a(fatfile.o)
                0x8001e7a4                _FAT_write_r
 .text._FAT_fat_nextCluster
                0x8001ee8c      0x188 c:/devkitPro/libogc/lib/wii\libfat.a(file_allocation_table.o)
                0x8001ee8c                _FAT_fat_nextCluster
 .text._FAT_fat_freeClusterCount
                0x8001f014       0x78 c:/devkitPro/libogc/lib/wii\libfat.a(file_allocation_table.o)
                0x8001f014                _FAT_fat_freeClusterCount
 .text._FAT_fat_lastCluster
                0x8001f08c       0x84 c:/devkitPro/libogc/lib/wii\libfat.a(file_allocation_table.o)
                0x8001f08c                _FAT_fat_lastCluster
 .text._FAT_fat_writeFatEntry
                0x8001f110      0x200 c:/devkitPro/libogc/lib/wii\libfat.a(file_allocation_table.o)
 .text._FAT_fat_clearLinks
                0x8001f310       0xe8 c:/devkitPro/libogc/lib/wii\libfat.a(file_allocation_table.o)
                0x8001f310                _FAT_fat_clearLinks
 .text._FAT_fat_trimChain
                0x8001f3f8      0x108 c:/devkitPro/libogc/lib/wii\libfat.a(file_allocation_table.o)
                0x8001f3f8                _FAT_fat_trimChain
 .text._FAT_fat_linkFreeCluster
                0x8001f500      0x134 c:/devkitPro/libogc/lib/wii\libfat.a(file_allocation_table.o)
                0x8001f500                _FAT_fat_linkFreeCluster
 .text._FAT_fat_linkFreeClusterCleared
                0x8001f634       0xe4 c:/devkitPro/libogc/lib/wii\libfat.a(file_allocation_table.o)
                0x8001f634                _FAT_fat_linkFreeClusterCleared
 .text._FAT_filetime_to_time_t
                0x8001f718       0x64 c:/devkitPro/libogc/lib/wii\libfat.a(filetime.o)
                0x8001f718                _FAT_filetime_to_time_t
 .text._FAT_filetime_getDateFromRTC
                0x8001f77c       0x9c c:/devkitPro/libogc/lib/wii\libfat.a(filetime.o)
                0x8001f77c                _FAT_filetime_getDateFromRTC
 .text._FAT_filetime_getTimeFromRTC
                0x8001f818       0x94 c:/devkitPro/libogc/lib/wii\libfat.a(filetime.o)
                0x8001f818                _FAT_filetime_getTimeFromRTC
 .text.KD_Download
                0x8001f8ac      0x110 c:/devkitPro/libogc/lib/wii\libwc24.a(kd.o)
                0x8001f8ac                KD_Download
 .text.KD_SaveMail
                0x8001f9bc       0xbc c:/devkitPro/libogc/lib/wii\libwc24.a(kd.o)
                0x8001f9bc                KD_SaveMail
 .text.KD_Close
                0x8001fa78       0x54 c:/devkitPro/libogc/lib/wii\libwc24.a(kd.o)
                0x8001fa78                KD_Close
 .text.KD_Open  0x8001facc       0xf0 c:/devkitPro/libogc/lib/wii\libwc24.a(kd.o)
                0x8001facc                KD_Open
 .text.WC24_CloseNWC4DLBin
                0x8001fbbc       0x38 c:/devkitPro/libogc/lib/wii\libwc24.a(wc24.o)
                0x8001fbbc                WC24_CloseNWC4DLBin
 .text.WC24_OpenNWC4DLBin
                0x8001fbf4       0x34 c:/devkitPro/libogc/lib/wii\libwc24.a(wc24.o)
                0x8001fbf4                WC24_OpenNWC4DLBin
 .text.WC24_WriteEntry
                0x8001fc28      0x160 c:/devkitPro/libogc/lib/wii\libwc24.a(wc24.o)
                0x8001fc28                WC24_WriteEntry
 .text.WC24_ReadEntry
                0x8001fd88      0x158 c:/devkitPro/libogc/lib/wii\libwc24.a(wc24.o)
                0x8001fd88                WC24_ReadEntry
 .text.WC24_FindEntry
                0x8001fee0      0x190 c:/devkitPro/libogc/lib/wii\libwc24.a(wc24.o)
                0x8001fee0                WC24_FindEntry
 .text.WC24_WriteRecord
                0x80020070      0x170 c:/devkitPro/libogc/lib/wii\libwc24.a(wc24.o)
                0x80020070                WC24_WriteRecord
 .text.WC24_DeleteRecord
                0x800201e0       0x94 c:/devkitPro/libogc/lib/wii\libwc24.a(wc24.o)
                0x800201e0                WC24_DeleteRecord
 .text.WC24_ReadRecord
                0x80020274      0x198 c:/devkitPro/libogc/lib/wii\libwc24.a(wc24.o)
                0x80020274                WC24_ReadRecord
 .text.WC24_FindRecord
                0x8002040c      0x110 c:/devkitPro/libogc/lib/wii\libwc24.a(wc24.o)
                0x8002040c                WC24_FindRecord
 .text.WC24_FindEmptyRecord
                0x8002051c        0xc c:/devkitPro/libogc/lib/wii\libwc24.a(wc24.o)
                0x8002051c                WC24_FindEmptyRecord
 .text.WC24_FindEmptyEntry
                0x80020528       0x74 c:/devkitPro/libogc/lib/wii\libwc24.a(wc24.o)
                0x80020528                WC24_FindEmptyEntry
 .text.WC24_CreateRecord
                0x8002059c      0x220 c:/devkitPro/libogc/lib/wii\libwc24.a(wc24.o)
                0x8002059c                WC24_CreateRecord
 .text.WC24_Shutdown
                0x800207bc       0xac c:/devkitPro/libogc/lib/wii\libwc24.a(wc24.o)
                0x800207bc                WC24_Shutdown
 .text.WC24_Init
                0x80020868      0x19c c:/devkitPro/libogc/lib/wii\libwc24.a(wc24.o)
                0x80020868                WC24_Init
 .text.__WC24Mail_CfgRead
                0x80020a04       0xcc c:/devkitPro/libogc/lib/wii\libwc24.a(wc24mail.o)
                0x80020a04                __WC24Mail_CfgRead
 .text.__WC24Mail_FlShutdown
                0x80020ad0       0x80 c:/devkitPro/libogc/lib/wii\libwc24.a(wc24mail.o)
                0x80020ad0                __WC24Mail_FlShutdown
 .text.WC24Mail_Read
                0x80020b50      0x24c c:/devkitPro/libogc/lib/wii\libwc24.a(wc24mail.o)
                0x80020b50                WC24Mail_Read
 .text.WC24Mail_Shutdown
                0x80020d9c       0x40 c:/devkitPro/libogc/lib/wii\libwc24.a(wc24mail.o)
                0x80020d9c                WC24Mail_Shutdown
 .text.WC24Mail_Init
                0x80020ddc       0xb0 c:/devkitPro/libogc/lib/wii\libwc24.a(wc24mail.o)
                0x80020ddc                WC24Mail_Init
 .text.__wpad_assign_slot
                0x80020e8c      0x22c c:/devkitPro/libogc/lib/wii\libwiiuse.a(wpad.o)
                0x80020e8c                __wpad_assign_slot
 .text.__wpad_disconnectCB
                0x800210b8       0xe8 c:/devkitPro/libogc/lib/wii\libwiiuse.a(wpad.o)
                0x800210b8                __wpad_disconnectCB
 .text.__wpad_disconnect
                0x800211a0       0x44 c:/devkitPro/libogc/lib/wii\libwiiuse.a(wpad.o)
 .text.__wpad_timeouthandler
                0x800211e4       0x94 c:/devkitPro/libogc/lib/wii\libwiiuse.a(wpad.o)
 .text.__wpad_def_powcb
                0x80021278       0x20 c:/devkitPro/libogc/lib/wii\libwiiuse.a(wpad.o)
 .text.__wpad_setfmt
                0x80021298       0xf0 c:/devkitPro/libogc/lib/wii\libwiiuse.a(wpad.o)
 .text.__initcore_finished
                0x80021388       0x40 c:/devkitPro/libogc/lib/wii\libwiiuse.a(wpad.o)
 .text.__readlinkkey_finished
                0x800213c8       0x30 c:/devkitPro/libogc/lib/wii\libwiiuse.a(wpad.o)
 .text.__wpad_patch_finished
                0x800213f8       0x2c c:/devkitPro/libogc/lib/wii\libwiiuse.a(wpad.o)
 .text.__wpad_init_finished
                0x80021424      0x138 c:/devkitPro/libogc/lib/wii\libwiiuse.a(wpad.o)
 .text.__wpad_eventCB
                0x8002155c      0xa20 c:/devkitPro/libogc/lib/wii\libwiiuse.a(wpad.o)
 .text.WPAD_ReadEvent
                0x80021f7c      0x5dc c:/devkitPro/libogc/lib/wii\libwiiuse.a(wpad.o)
                0x80021f7c                WPAD_ReadEvent
 .text.WPAD_ReadPending
                0x80022558      0x108 c:/devkitPro/libogc/lib/wii\libwiiuse.a(wpad.o)
                0x80022558                WPAD_ReadPending
 .text.WPAD_Shutdown
                0x80022660       0xc4 c:/devkitPro/libogc/lib/wii\libwiiuse.a(wpad.o)
                0x80022660                WPAD_Shutdown
 .text.WPAD_Init
                0x80022724      0x26c c:/devkitPro/libogc/lib/wii\libwiiuse.a(wpad.o)
                0x80022724                WPAD_Init
 .text.__wpad_onreset
                0x80022990       0x2c c:/devkitPro/libogc/lib/wii\libwiiuse.a(wpad.o)
 .text.WPAD_ScanPads
                0x800229bc        0xc c:/devkitPro/libogc/lib/wii\libwiiuse.a(wpad.o)
                0x800229bc                WPAD_ScanPads
 .text.WPAD_ButtonsDown
                0x800229c8       0x28 c:/devkitPro/libogc/lib/wii\libwiiuse.a(wpad.o)
                0x800229c8                WPAD_ButtonsDown
 .text.motion_plus_disconnected
                0x800229f0       0x10 c:/devkitPro/libogc/lib/wii\libwiiuse.a(motion_plus.o)
                0x800229f0                motion_plus_disconnected
 .text.motion_plus_event
                0x80022a00       0x64 c:/devkitPro/libogc/lib/wii\libwiiuse.a(motion_plus.o)
                0x80022a00                motion_plus_event
 .text.calculate_gforce
                0x80022a64      0x114 c:/devkitPro/libogc/lib/wii\libwiiuse.a(dynamics.o)
                0x80022a64                calculate_gforce
 .text.calc_joystick_state
                0x80022b78      0x224 c:/devkitPro/libogc/lib/wii\libwiiuse.a(dynamics.o)
                0x80022b78                calc_joystick_state
 .text.apply_smoothing
                0x80022d9c      0x148 c:/devkitPro/libogc/lib/wii\libwiiuse.a(dynamics.o)
                0x80022d9c                apply_smoothing
 .text.calculate_orientation
                0x80022ee4      0x2a0 c:/devkitPro/libogc/lib/wii\libwiiuse.a(dynamics.o)
                0x80022ee4                calculate_orientation
 .text.calc_balanceboard_state
                0x80023184      0x35c c:/devkitPro/libogc/lib/wii\libwiiuse.a(dynamics.o)
                0x80023184                calc_balanceboard_state
 .text.wiiuse_handshake_expansion
                0x800234e0      0x248 c:/devkitPro/libogc/lib/wii\libwiiuse.a(io.o)
                0x800234e0                wiiuse_handshake_expansion
 .text.wiiuse_handshake
                0x80023728      0x150 c:/devkitPro/libogc/lib/wii\libwiiuse.a(io.o)
                0x80023728                wiiuse_handshake
 .text.wiiuse_handshake_expansion_start
                0x80023878       0x24 c:/devkitPro/libogc/lib/wii\libwiiuse.a(io.o)
                0x80023878                wiiuse_handshake_expansion_start
 .text.wiiuse_disable_expansion
                0x8002389c       0xc0 c:/devkitPro/libogc/lib/wii\libwiiuse.a(io.o)
                0x8002389c                wiiuse_disable_expansion
 .text.__wiiuse_disconnected
                0x8002395c       0x90 c:/devkitPro/libogc/lib/wii\libwiiuse.a(io_wii.o)
 .text.__wiiuse_sent
                0x800239ec       0x94 c:/devkitPro/libogc/lib/wii\libwiiuse.a(io_wii.o)
 .text.__wiiuse_connected
                0x80023a80       0x7c c:/devkitPro/libogc/lib/wii\libwiiuse.a(io_wii.o)
 .text.__wiiuse_receive
                0x80023afc       0x8c c:/devkitPro/libogc/lib/wii\libwiiuse.a(io_wii.o)
 .text.__wiiuse_sensorbar_enable
                0x80023b88       0x50 c:/devkitPro/libogc/lib/wii\libwiiuse.a(io_wii.o)
                0x80023b88                __wiiuse_sensorbar_enable
 .text.wiiuse_register
                0x80023bd8       0xa4 c:/devkitPro/libogc/lib/wii\libwiiuse.a(io_wii.o)
                0x80023bd8                wiiuse_register
 .text.wiiuse_disconnect
                0x80023c7c       0x40 c:/devkitPro/libogc/lib/wii\libwiiuse.a(io_wii.o)
                0x80023c7c                wiiuse_disconnect
 .text.wiiuse_init_cmd_queue
                0x80023cbc       0x84 c:/devkitPro/libogc/lib/wii\libwiiuse.a(io_wii.o)
                0x80023cbc                wiiuse_init_cmd_queue
 .text.wiiuse_io_write
                0x80023d40       0x40 c:/devkitPro/libogc/lib/wii\libwiiuse.a(io_wii.o)
                0x80023d40                wiiuse_io_write
 .text.rotate_dots
                0x80023d80      0x10c c:/devkitPro/libogc/lib/wii\libwiiuse.a(ir.o)
 .text.wiiuse_set_ir_mode
                0x80023e8c       0x60 c:/devkitPro/libogc/lib/wii\libwiiuse.a(ir.o)
                0x80023e8c                wiiuse_set_ir_mode
 .text.wiiuse_set_ir
                0x80023eec      0x208 c:/devkitPro/libogc/lib/wii\libwiiuse.a(ir.o)
                0x80023eec                wiiuse_set_ir
 .text.wiiuse_set_ir_position
                0x800240f4       0x78 c:/devkitPro/libogc/lib/wii\libwiiuse.a(ir.o)
                0x800240f4                wiiuse_set_ir_position
 .text.wiiuse_set_aspect_ratio
                0x8002416c       0x3c c:/devkitPro/libogc/lib/wii\libwiiuse.a(ir.o)
                0x8002416c                wiiuse_set_aspect_ratio
 .text.wiiuse_set_ir_sensitivity
                0x800241a8      0x178 c:/devkitPro/libogc/lib/wii\libwiiuse.a(ir.o)
                0x800241a8                wiiuse_set_ir_sensitivity
 .text.calculate_basic_ir
                0x80024320       0xe8 c:/devkitPro/libogc/lib/wii\libwiiuse.a(ir.o)
                0x80024320                calculate_basic_ir
 .text.calculate_extended_ir
                0x80024408       0x70 c:/devkitPro/libogc/lib/wii\libwiiuse.a(ir.o)
                0x80024408                calculate_extended_ir
 .text.find_sensorbar
                0x80024478      0x838 c:/devkitPro/libogc/lib/wii\libwiiuse.a(ir.o)
                0x80024478                find_sensorbar
 .text.apply_ir_smoothing
                0x80024cb0       0xd4 c:/devkitPro/libogc/lib/wii\libwiiuse.a(ir.o)
                0x80024cb0                apply_ir_smoothing
 .text.calc_yaw
                0x80024d84       0x54 c:/devkitPro/libogc/lib/wii\libwiiuse.a(ir.o)
                0x80024d84                calc_yaw
 .text.interpret_ir_data
                0x80024dd8      0x36c c:/devkitPro/libogc/lib/wii\libwiiuse.a(ir.o)
                0x80024dd8                interpret_ir_data
 .text.nunchuk_handshake
                0x80025144      0x228 c:/devkitPro/libogc/lib/wii\libwiiuse.a(nunchuk.o)
                0x80025144                nunchuk_handshake
 .text.nunchuk_disconnected
                0x8002536c       0x28 c:/devkitPro/libogc/lib/wii\libwiiuse.a(nunchuk.o)
                0x8002536c                nunchuk_disconnected
 .text.nunchuk_event
                0x80025394       0xe4 c:/devkitPro/libogc/lib/wii\libwiiuse.a(nunchuk.o)
                0x80025394                nunchuk_event
 .text.wii_board_handshake
                0x80025478      0x170 c:/devkitPro/libogc/lib/wii\libwiiuse.a(wiiboard.o)
                0x80025478                wii_board_handshake
 .text.wii_board_disconnected
                0x800255e8       0x28 c:/devkitPro/libogc/lib/wii\libwiiuse.a(wiiboard.o)
                0x800255e8                wii_board_disconnected
 .text.wii_board_event
                0x80025610       0x54 c:/devkitPro/libogc/lib/wii\libwiiuse.a(wiiboard.o)
                0x80025610                wii_board_event
 .text.wiiuse_send_next_command
                0x80025664       0x6c c:/devkitPro/libogc/lib/wii\libwiiuse.a(wiiuse.o)
                0x80025664                wiiuse_send_next_command
 .text.__wiiuse_push_command
                0x800256d0       0x94 c:/devkitPro/libogc/lib/wii\libwiiuse.a(wiiuse.o)
 .text.wiiuse_init
                0x80025764      0x154 c:/devkitPro/libogc/lib/wii\libwiiuse.a(wiiuse.o)
                0x80025764                wiiuse_init
 .text.wiiuse_set_flags
                0x800258b8       0x24 c:/devkitPro/libogc/lib/wii\libwiiuse.a(wiiuse.o)
                0x800258b8                wiiuse_set_flags
 .text.wiiuse_read_data
                0x800258dc       0x98 c:/devkitPro/libogc/lib/wii\libwiiuse.a(wiiuse.o)
                0x800258dc                wiiuse_read_data
 .text.wiiuse_write_data
                0x80025974       0xc0 c:/devkitPro/libogc/lib/wii\libwiiuse.a(wiiuse.o)
                0x80025974                wiiuse_write_data
 .text.wiiuse_sendcmd
                0x80025a34       0x74 c:/devkitPro/libogc/lib/wii\libwiiuse.a(wiiuse.o)
                0x80025a34                wiiuse_sendcmd
 .text.wiiuse_status
                0x80025aa8       0x4c c:/devkitPro/libogc/lib/wii\libwiiuse.a(wiiuse.o)
                0x80025aa8                wiiuse_status
 .text.wiiuse_motion_sensing
                0x80025af4       0x40 c:/devkitPro/libogc/lib/wii\libwiiuse.a(wiiuse.o)
                0x80025af4                wiiuse_motion_sensing
 .text.wiiuse_set_report_type
                0x80025b34       0xd4 c:/devkitPro/libogc/lib/wii\libwiiuse.a(wiiuse.o)
                0x80025b34                wiiuse_set_report_type
 .text.wiiuse_set_leds
                0x80025c08       0x50 c:/devkitPro/libogc/lib/wii\libwiiuse.a(wiiuse.o)
                0x80025c08                wiiuse_set_leds
 .text.wiiuse_set_speaker
                0x80025c58      0x1e4 c:/devkitPro/libogc/lib/wii\libwiiuse.a(speaker.o)
                0x80025c58                wiiuse_set_speaker
 .text.classic_ctrl_handshake
                0x80025e3c      0x194 c:/devkitPro/libogc/lib/wii\libwiiuse.a(classic.o)
                0x80025e3c                classic_ctrl_handshake
 .text.classic_ctrl_disconnected
                0x80025fd0       0x28 c:/devkitPro/libogc/lib/wii\libwiiuse.a(classic.o)
                0x80025fd0                classic_ctrl_disconnected
 .text.classic_ctrl_event
                0x80025ff8       0xa4 c:/devkitPro/libogc/lib/wii\libwiiuse.a(classic.o)
                0x80025ff8                classic_ctrl_event
 .text.handle_expansion
                0x8002609c       0x70 c:/devkitPro/libogc/lib/wii\libwiiuse.a(events.o)
 .text.wiiuse_pressed_buttons
                0x8002610c       0x2c c:/devkitPro/libogc/lib/wii\libwiiuse.a(events.o)
                0x8002610c                wiiuse_pressed_buttons
 .text.parse_event
                0x80026138      0x4fc c:/devkitPro/libogc/lib/wii\libwiiuse.a(events.o)
                0x80026138                parse_event
 .text.guitar_hero_3_handshake
                0x80026634       0x68 c:/devkitPro/libogc/lib/wii\libwiiuse.a(guitar_hero_3.o)
                0x80026634                guitar_hero_3_handshake
 .text.guitar_hero_3_disconnected
                0x8002669c       0x28 c:/devkitPro/libogc/lib/wii\libwiiuse.a(guitar_hero_3.o)
                0x8002669c                guitar_hero_3_disconnected
 .text.guitar_hero_3_event
                0x800266c4       0x68 c:/devkitPro/libogc/lib/wii\libwiiuse.a(guitar_hero_3.o)
                0x800266c4                guitar_hero_3_event
 .text.acl_wlp_completed
                0x8002672c        0x8 c:/devkitPro/libogc/lib/wii\libbte.a(bte.o)
                0x8002672c                acl_wlp_completed
 .text.__bte_cmdfinish
                0x80026734       0x9c c:/devkitPro/libogc/lib/wii\libbte.a(bte.o)
 .text.bte_hci_initsub_complete
                0x800267d0      0x12c c:/devkitPro/libogc/lib/wii\libbte.a(bte.o)
                0x800267d0                bte_hci_initsub_complete
 .text.bte_hci_initcore_complete2
                0x800268fc       0xf0 c:/devkitPro/libogc/lib/wii\libbte.a(bte.o)
                0x800268fc                bte_hci_initcore_complete2
 .text.bte_hci_patch_complete