Archive member included because of file (symbol)

c:/devkitPro/libogc/lib/wii\libwc24.a(wc24.o)
                              main.o (WC24_DeleteRecord)
c:/devkitPro/libogc/lib/wii\libwc24.a(wc24mail.o)
                              c:/devkitPro/libogc/lib/wii\libwc24.a(wc24.o) (WC24Mail_Init)
c:/devkitPro/libogc/lib/wii\libwc24.a(kd.o)
                              c:/devkitPro/libogc/lib/wii\libwc24.a(wc24.o) (KD_Close)
c:/devkitPro/libogc/lib/wii\libwc24.a(vff.o)
                              c:/devkitPro/libogc/lib/wii\libwc24.a(wc24.o) (VFF_Mount)
c:/devkitPro/libogc/lib/wii\libwc24.a(diskio.o)
                              c:/devkitPro/libogc/lib/wii\libwc24.a(vff.o) (vff_types)
c:/devkitPro/libogc/lib/wii\libwc24.a(ff.o)
                              c:/devkitPro/libogc/lib/wii\libwc24.a(vff.o) (fvff_mount)
c:/devkitPro/libogc/lib/wii\libwc24.a(ccsbcs.o)
                              c:/devkitPro/libogc/lib/wii\libwc24.a(ff.o) (ffvff_convert)
c:/devkitPro/libogc/lib/wii\libwc24.a(syscall.o)
                              c:/devkitPro/libogc/lib/wii\libwc24.a(ff.o) (ffvff_memfree)
c:/devkitPro/libogc/lib/wii\libogc.a(console.o)
                              main.o (CON_Init)
c:/devkitPro/libogc/lib/wii\libogc.a(video.o)
                              c:/devkitPro/libogc/lib/wii\libogc.a(console.o) (VIDEO_GetCurrentFramebuffer)
c:/devkitPro/libogc/lib/wii\libogc.a(cache_asm.o)
                              c:/devkitPro/libogc/lib/wii\libwc24.a(kd.o) (DCInvalidateRange)
c:/devkitPro/libogc/lib/wii\libogc.a(system.o)
                              c:/devkitpro/devkitppc/bin/../lib/gcc/powerpc-eabi/4.5.1/../../../../powerpc-eabi/lib/crtmain.o (SYS_PreMain)
c:/devkitPro/libogc/lib/wii\libogc.a(cond.o)
                              c:/devkitPro/libogc/lib/wii\libogc.a(system.o) (__lwp_cond_init)
c:/devkitPro/libogc/lib/wii\libogc.a(decrementer.o)
                              c:/devkitPro/libogc/lib/wii\libogc.a(system.o) (__decrementer_init)
c:/devkitPro/libogc/lib/wii\libogc.a(message.o)
                              c:/devkitPro/libogc/lib/wii\libogc.a(system.o) (__lwp_mqbox_init)
c:/devkitPro/libogc/lib/wii\libogc.a(si.o)
                              c:/devkitPro/libogc/lib/wii\libogc.a(video.o) (SI_RefreshSamplingRate)
c:/devkitPro/libogc/lib/wii\libogc.a(ipc.o)
                              c:/devkitPro/libogc/lib/wii\libogc.a(system.o) (__IPC_ClntInit)
c:/devkitPro/libogc/lib/wii\libogc.a(ogc_crt0.o)
                              (_start)
c:/devkitPro/libogc/lib/wii\libogc.a(console_font_8x16.o)
                              c:/devkitPro/libogc/lib/wii\libogc.a(console.o) (console_font_8x16)
c:/devkitPro/libogc/lib/wii\libogc.a(timesupp.o)
                              c:/devkitPro/libogc/lib/wii\libogc.a(system.o) (gettick)
c:/devkitPro/libogc/lib/wii\libogc.a(lock_supp.o)
                              c:/devkitPro/libogc/lib/wii\libogc.a(system.o) (__libogc_lock_init)
c:/devkitPro/libogc/lib/wii\libogc.a(newlibc.o)
                              c:/devkitPro/libogc/lib/wii\libogc.a(system.o) (__libc_init)
c:/devkitPro/libogc/lib/wii\libogc.a(usbgecko.o)
                              c:/devkitPro/libogc/lib/wii\libogc.a(console.o) (usb_isgeckoalive)
c:/devkitPro/libogc/lib/wii\libogc.a(sbrk.o)
                              c:/devkitPro/libogc/lib/wii\libogc.a(system.o) (__libogc_sbrk_r)
c:/devkitPro/libogc/lib/wii\libogc.a(malloc_lock.o)
                              c:/devkitPro/libogc/lib/wii\libogc.a(system.o) (__memlock_init)
c:/devkitPro/libogc/lib/wii\libogc.a(stm.o)
                              c:/devkitPro/libogc/lib/wii\libogc.a(system.o) (STM_RegisterEventHandler)
c:/devkitPro/libogc/lib/wii\libogc.a(ios.o)
                              c:/devkitPro/libogc/lib/wii\libogc.a(system.o) (__IOS_InitializeSubsystems)
c:/devkitPro/libogc/lib/wii\libogc.a(es.o)
                              c:/devkitPro/libogc/lib/wii\libogc.a(ios.o) (__ES_Init)
c:/devkitPro/libogc/lib/wii\libogc.a(isfs.o)
                              c:/devkitPro/libogc/lib/wii\libwc24.a(wc24.o) (ISFS_Initialize)
c:/devkitPro/libogc/lib/wii\libogc.a(argv.o)
                              c:/devkitPro/libogc/lib/wii\libogc.a(ogc_crt0.o) (__CheckARGV)
c:/devkitPro/libogc/lib/wii\libogc.a(conf.o)
                              c:/devkitPro/libogc/lib/wii\libogc.a(system.o) (CONF_Init)
c:/devkitPro/libogc/lib/wii\libogc.a(wiilaunch.o)
                              c:/devkitPro/libogc/lib/wii\libogc.a(system.o) (WII_Initialize)
c:/devkitPro/libogc/lib/wii\libogc.a(lwp_priority.o)
                              c:/devkitPro/libogc/lib/wii\libogc.a(system.o) (__lwp_priority_init)
c:/devkitPro/libogc/lib/wii\libogc.a(lwp_threadq.o)
                              c:/devkitPro/libogc/lib/wii\libogc.a(cond.o) (__lwp_threadqueue_init)
c:/devkitPro/libogc/lib/wii\libogc.a(lwp_threads.o)
[...]
Memory Configuration

Name             Origin             Length             Attributes
*default*        0x00000000         0xffffffff

Linker script and memory map

                0x00003400                . = 0x3400

.stub
 *(.stub)
                0x80004000                . = 0x80004000

.init           0x80004000      0x194
 *crt0.o(*.init)
 .init          0x80004000      0x170 c:/devkitPro/libogc/lib/wii\libogc.a(ogc_crt0.o)
                0x80004000                _start
                0x80004140                _memset
 *(.init)
 .init          0x80004170        0xc c:/devkitpro/devkitppc/bin/../lib/gcc/powerpc-eabi/4.5.1/ecrti.o
                0x80004170                __init
 .init          0x8000417c        0x4 c:/devkitpro/devkitppc/bin/../lib/gcc/powerpc-eabi/4.5.1/crtbegin.o
 .init          0x80004180        0x4 c:/devkitpro/devkitppc/bin/../lib/gcc/powerpc-eabi/4.5.1/crtend.o
 .init          0x80004184       0x10 c:/devkitpro/devkitppc/bin/../lib/gcc/powerpc-eabi/4.5.1/ecrtn.o

.rela.dyn       0x80004194        0x0
 .rela.iplt     0x00000000        0x0 c:/devkitpro/devkitppc/bin/../lib/gcc/powerpc-eabi/4.5.1/crtbegin.o

.plt
 *(.plt)

.interp
 *(.interp)

.hash
 *(.hash)

.dynsym
 *(.dynsym)

.dynstr
 *(.dynstr)

.gnu.version
 *(.gnu.version)

.gnu.version_d
 *(.gnu.version_d)

.gnu.version_r
 *(.gnu.version_r)

.rel.init
 *(.rel.init)

.rela.init      0x80004194        0x0
 *(.rela.init)
 .rela.init     0x00000000        0x0 c:/devkitpro/devkitppc/bin/../lib/gcc/powerpc-eabi/4.5.1/crtbegin.o

.rel.text
 *(.rel.text .rel.text.* .rel.gnu.linkonce.t.*)

.rela.text      0x80004194        0x0
 *(.rela.text .rela.text.* .rela.gnu.linkonce.t.*)
 .rela.text     0x00000000        0x0 c:/devkitpro/devkitppc/bin/../lib/gcc/powerpc-eabi/4.5.1/crtbegin.o
 .rela.text.WC24_FindEntry
                0x00000000        0x0 c:/devkitpro/devkitppc/bin/../lib/gcc/powerpc-eabi/4.5.1/crtbegin.o
 .rela.text.WC24_FindRecord
                0x00000000        0x0 c:/devkitpro/devkitppc/bin/../lib/gcc/powerpc-eabi/4.5.1/crtbegin.o
 .rela.text.WC24_Shutdown
                0x00000000        0x0 c:/devkitpro/devkitppc/bin/../lib/gcc/powerpc-eabi/4.5.1/crtbegin.o
 .rela.text.WC24_Init
                0x00000000        0x0 c:/devkitpro/devkitppc/bin/../lib/gcc/powerpc-eabi/4.5.1/crtbegin.o
 .rela.text.WC24Mail_FlUpdate
                0x00000000        0x0 c:/devkitpro/devkitppc/bin/../lib/gcc/powerpc-eabi/4.5.1/crtbegin.o
 .rela.text.__WC24Mail_CfgUpdate
                0x00000000        0x0 c:/devkitpro/devkitppc/bin/../lib/gcc/powerpc-eabi/4.5.1/crtbegin.o
 .rela.text.__WC24Mail_CfgRead
                0x00000000        0x0 c:/devkitpro/devkitppc/bin/../lib/gcc/powerpc-eabi/4.5.1/crtbegin.o
 .rela.text.__WC24Mail_FlShutdown
                0x00000000        0x0 c:/devkitpro/devkitppc/bin/../lib/gcc/powerpc-eabi/4.5.1/crtbegin.o
 .rela.text.WC24Mail_Read
                0x00000000        0x0 c:/devkitpro/devkitppc/bin/../lib/gcc/powerpc-eabi/4.5.1/crtbegin.o
 .rela.text.WC24Mail_Shutdown
                0x00000000        0x0 c:/devkitpro/devkitppc/bin/../lib/gcc/powerpc-eabi/4.5.1/crtbegin.o
 .rela.text.WC24Mail_Init
                0x00000000        0x0 c:/devkitpro/devkitppc/bin/../lib/gcc/powerpc-eabi/4.5.1/crtbegin.o
 .rela.text.KD_GetTimeTriggers
                0x00000000        0x0 c:/devkitpro/devkitppc/bin/../lib/gcc/powerpc-eabi/4.5.1/crtbegin.o
 .rela.text.KD_SetNextWakeup
                0x00000000        0x0 c:/devkitpro/devkitppc/bin/../lib/gcc/powerpc-eabi/4.5.1/crtbegin.o
 .rela.text.KD_Download
                0x00000000        0x0 c:/devkitpro/devkitppc/bin/../lib/gcc/powerpc-eabi/4.5.1/crtbegin.o
 .rela.text.KD_SaveMail
                0x00000000        0x0 c:/devkitpro/devkitppc/bin/../lib/gcc/powerpc-eabi/4.5.1/crtbegin.o
 .rela.text.KD_CorrectRTC
                0x00000000        0x0 c:/devkitpro/devkitppc/bin/../lib/gcc/powerpc-eabi/4.5.1/crtbegin.o
 .rela.text.KD_SetUTCTime
                0x00000000        0x0 c:/devkitpro/devkitppc/bin/../lib/gcc/powerpc-eabi/4.5.1/crtbegin.o
 .rela.text.KD_GetUTCTime
                0x00000000        0x0 c:/devkitpro/devkitppc/bin/../lib/gcc/powerpc-eabi/4.5.1/crtbegin.o
 .rela.text.KD_Close
                0x00000000        0x0 c:/devkitpro/devkitppc/bin/../lib/gcc/powerpc-eabi/4.5.1/crtbegin.o
 .rela.text.KD_Open
                0x00000000        0x0 c:/devkitpro/devkitppc/bin/../lib/gcc/powerpc-eabi/4.5.1/crtbegin.o
 .rela.text._VFF_close_r
                0x00000000        0x0 c:/devkitpro/devkitppc/bin/../lib/gcc/powerpc-eabi/4.5.1/crtbegin.o
 .rela.text._VFF_open_r
                0x00000000        0x0 c:/devkitpro/devkitppc/bin/../lib/gcc/powerpc-eabi/4.5.1/crtbegin.o
 .rela.text._VFF_dirnext_r
                0x00000000        0x0 c:/devkitpro/devkitppc/bin/../lib/gcc/powerpc-eabi/4.5.1/crtbegin.o
 .rela.text._VFF_fstat_r
                0x00000000        0x0 c:/devkitpro/devkitppc/bin/../lib/gcc/powerpc-eabi/4.5.1/crtbegin.o
 .rela.text.VFF_Unmount
                0x00000000        0x0 c:/devkitpro/devkitppc/bin/../lib/gcc/powerpc-eabi/4.5.1/crtbegin.o
 .rela.text.VFF_Mount
                0x00000000        0x0 c:/devkitpro/devkitppc/bin/../lib/gcc/powerpc-eabi/4.5.1/crtbegin.o
 .rela.text.diskio_generatebootsector
                0x00000000        0x0 c:/devkitpro/devkitppc/bin/../lib/gcc/powerpc-eabi/4.5.1/crtbegin.o
 .rela.text.disk_write
                0x00000000        0x0 c:/devkitpro/devkitppc/bin/../lib/gcc/powerpc-eabi/4.5.1/crtbegin.o
 .rela.text.disk_read
                0x00000000        0x0 c:/devkitpro/devkitppc/bin/../lib/gcc/powerpc-eabi/4.5.1/crtbegin.o
 .rela.text.disk_initialize
                0x00000000        0x0 c:/devkitpro/devkitppc/bin/../lib/gcc/powerpc-eabi/4.5.1/crtbegin.o
 .rela.text.__console_init
                0x00000000        0x0 c:/devkitpro/devkitppc/bin/../lib/gcc/powerpc-eabi/4.5.1/crtbegin.o
 .rela.text.__console_init_ex
                0x00000000        0x0 c:/devkitpro/devkitppc/bin/../lib/gcc/powerpc-eabi/4.5.1/crtbegin.o
 .rela.text.CON_EnableGecko
                0x00000000        0x0 c:/devkitpro/devkitppc/bin/../lib/gcc/powerpc-eabi/4.5.1/crtbegin.o
 .rela.text.__call_resetfuncs
                0x00000000        0x0 c:/devkitpro/devkitppc/bin/../lib/gcc/powerpc-eabi/4.5.1/crtbegin.o
 .rela.text.__locksram
                0x00000000        0x0 c:/devkitpro/devkitppc/bin/../lib/gcc/powerpc-eabi/4.5.1/crtbegin.o
 .rela.text.__sys_alarmhandler
                0x00000000        0x0 c:/devkitpro/devkitppc/bin/../lib/gcc/powerpc-eabi/4.5.1/crtbegin.o
 .rela.text.__unlocksram
                0x00000000        0x0 c:/devkitpro/devkitppc/bin/../lib/gcc/powerpc-eabi/4.5.1/crtbegin.o
 .rela.text.__sram_writecallback
                0x00000000        0x0 c:/devkitpro/devkitppc/bin/../lib/gcc/powerpc-eabi/4.5.1/crtbegin.o
 .rela.text.__sram_init
                0x00000000        0x0 c:/devkitpro/devkitppc/bin/../lib/gcc/powerpc-eabi/4.5.1/crtbegin.o
 .rela.text.__SYS_SyncSram
                0x00000000        0x0 c:/devkitpro/devkitppc/bin/../lib/gcc/powerpc-eabi/4.5.1/crtbegin.o
 .rela.text.SYS_Init
                0x00000000        0x0 c:/devkitpro/devkitppc/bin/../lib/gcc/powerpc-eabi/4.5.1/crtbegin.o
 .rela.text.SYS_SetAlarm
                0x00000000        0x0 c:/devkitpro/devkitppc/bin/../lib/gcc/powerpc-eabi/4.5.1/crtbegin.o
 .rela.text.SYS_SetPeriodicAlarm
                0x00000000        0x0 c:/devkitpro/devkitppc/bin/../lib/gcc/powerpc-eabi/4.5.1/crtbegin.o
 .rela.text.SYS_RemoveAlarm
                0x00000000        0x0 c:/devkitpro/devkitppc/bin/../lib/gcc/powerpc-eabi/4.5.1/crtbegin.o
 .rela.text.SYS_CancelAlarm
                0x00000000        0x0 c:/devkitpro/devkitppc/bin/../lib/gcc/powerpc-eabi/4.5.1/crtbegin.o
 .rela.text.__lwp_cond_open
                0x00000000        0x0 c:/devkitpro/devkitppc/bin/../lib/gcc/powerpc-eabi/4.5.1/crtbegin.o
 .rela.text.__lwp_cond_init
                0x00000000        0x0 c:/devkitpro/devkitppc/bin/../lib/gcc/powerpc-eabi/4.5.1/crtbegin.o
 .rela.text.LWP_CondInit
                0x00000000        0x0 c:/devkitpro/devkitppc/bin/../lib/gcc/powerpc-eabi/4.5.1/crtbegin.o
 .rela.text.LWP_CondDestroy
                0x00000000        0x0 c:/devkitpro/devkitppc/bin/../lib/gcc/powerpc-eabi/4.5.1/crtbegin.o
 .rela.text.c_decrementer_handler
                0x00000000        0x0 c:/devkitpro/devkitppc/bin/../lib/gcc/powerpc-eabi/4.5.1/crtbegin.o
 .rela.text.__lwp_mqbox_open
                0x00000000        0x0 c:/devkitpro/devkitppc/bin/../lib/gcc/powerpc-eabi/4.5.1/crtbegin.o
 .rela.text.__lwp_mqbox_free
                0x00000000        0x0 c:/devkitpro/devkitppc/bin/../lib/gcc/powerpc-eabi/4.5.1/crtbegin.o
 .rela.text.__lwp_mqbox_init
                0x00000000        0x0 c:/devkitpro/devkitppc/bin/../lib/gcc/powerpc-eabi/4.5.1/crtbegin.o
 .rela.text.MQ_Init
                0x00000000        0x0 c:/devkitpro/devkitppc/bin/../lib/gcc/powerpc-eabi/4.5.1/crtbegin.o
 .rela.text.__lwp_wkspace_free
                0x00000000        0x0 c:/devkitpro/devkitppc/bin/../lib/gcc/powerpc-eabi/4.5.1/crtbegin.o
 .rela.text.__ios_ioctlvformat_parse
                0x00000000        0x0 c:/devkitpro/devkitppc/bin/../lib/gcc/powerpc-eabi/4.5.1/crtbegin.o
 .rela.text.IOS_IoctlvFormat
                0x00000000        0x0 c:/devkitpro/devkitppc/bin/../lib/gcc/powerpc-eabi/4.5.1/crtbegin.o
 .rela.text.IOS_IoctlvFormatAsync
                0x00000000        0x0 c:/devkitpro/devkitppc/bin/../lib/gcc/powerpc-eabi/4.5.1/crtbegin.o
 .rela.text.nanosleep
                0x00000000        0x0 c:/devkitpro/devkitppc/bin/../lib/gcc/powerpc-eabi/4.5.1/crtbegin.o
 .rela.text.__libc_delete_hook
                0x00000000        0x0 c:/devkitpro/devkitppc/bin/../lib/gcc/powerpc-eabi/4.5.1/crtbegin.o
 .rela.text.__libc_init
                0x00000000        0x0 c:/devkitpro/devkitppc/bin/../lib/gcc/powerpc-eabi/4.5.1/crtbegin.o
 .rela.text.__libc_wrapup
                0x00000000        0x0 c:/devkitpro/devkitppc/bin/../lib/gcc/powerpc-eabi/4.5.1/crtbegin.o
 .rela.text.__CheckARGV
                0x00000000        0x0 c:/devkitpro/devkitppc/bin/../lib/gcc/powerpc-eabi/4.5.1/crtbegin.o
 .rela.text.__lwp_priority_init
                0x00000000        0x0 c:/devkitpro/devkitppc/bin/../lib/gcc/powerpc-eabi/4.5.1/crtbegin.o
 .rela.text.__lwp_wd_remove_ticks
                0x00000000        0x0 c:/devkitpro/devkitppc/bin/../lib/gcc/powerpc-eabi/4.5.1/crtbegin.o
 .rela.text.__lwp_threadqueue_enqueue
                0x00000000        0x0 c:/devkitpro/devkitppc/bin/../lib/gcc/powerpc-eabi/4.5.1/crtbegin.o
 .rela.text.__lwp_thread_calcheir
                0x00000000        0x0 c:/devkitpro/devkitppc/bin/../lib/gcc/powerpc-eabi/4.5.1/crtbegin.o
 .rela.text.__lwp_wd_insert_ticks.clone.2
                0x00000000        0x0 c:/devkitpro/devkitppc/bin/../lib/gcc/powerpc-eabi/4.5.1/crtbegin.o
 .rela.text.__lwp_rotate_readyqueue
                0x00000000        0x0 c:/devkitpro/devkitppc/bin/../lib/gcc/powerpc-eabi/4.5.1/crtbegin.o
 .rela.text.__lwp_thread_setpriority
                0x00000000        0x0 c:/devkitpro/devkitppc/bin/../lib/gcc/powerpc-eabi/4.5.1/crtbegin.o
 .rela.text.__lwp_thread_close
                0x00000000        0x0 c:/devkitpro/devkitppc/bin/../lib/gcc/powerpc-eabi/4.5.1/crtbegin.o
 .rela.text.__lwp_thread_closeall
                0x00000000        0x0 c:/devkitpro/devkitppc/bin/../lib/gcc/powerpc-eabi/4.5.1/crtbegin.o
 .rela.text.__lwp_thread_startmultitasking
                0x00000000        0x0 c:/devkitpro/devkitppc/bin/../lib/gcc/powerpc-eabi/4.5.1/crtbegin.o
 .rela.text.__lwp_thread_stopmultitasking
                0x00000000        0x0 c:/devkitpro/devkitppc/bin/../lib/gcc/powerpc-eabi/4.5.1/crtbegin.o
 .rela.text.__lwp_thread_coreinit
                0x00000000        0x0 c:/devkitpro/devkitppc/bin/../lib/gcc/powerpc-eabi/4.5.1/crtbegin.o
 .rela.text.__lwpmq_initialize
                0x00000000        0x0 c:/devkitpro/devkitppc/bin/../lib/gcc/powerpc-eabi/4.5.1/crtbegin.o
 .rela.text.__lwpmq_close
                0x00000000        0x0 c:/devkitpro/devkitppc/bin/../lib/gcc/powerpc-eabi/4.5.1/crtbegin.o
 .rela.text.__lwp_tqueue_open
                0x00000000        0x0 c:/devkitpro/devkitppc/bin/../lib/gcc/powerpc-eabi/4.5.1/crtbegin.o
 .rela.text.__lwp_cntrl_open
                0x00000000        0x0 c:/devkitpro/devkitppc/bin/../lib/gcc/powerpc-eabi/4.5.1/crtbegin.o
 .rela.text.__lwp_cntrl_free
                0x00000000        0x0 c:/devkitpro/devkitppc/bin/../lib/gcc/powerpc-eabi/4.5.1/crtbegin.o
 .rela.text.__lwp_sysinit
                0x00000000        0x0 c:/devkitpro/devkitppc/bin/../lib/gcc/powerpc-eabi/4.5.1/crtbegin.o
 .rela.text.__lwp_thread_isalive
                0x00000000        0x0 c:/devkitpro/devkitppc/bin/../lib/gcc/powerpc-eabi/4.5.1/crtbegin.o
 .rela.text.__lwp_thread_exists
                0x00000000        0x0 c:/devkitpro/devkitppc/bin/../lib/gcc/powerpc-eabi/4.5.1/crtbegin.o
 .rela.text.__lwp_thread_context
                0x00000000        0x0 c:/devkitpro/devkitppc/bin/../lib/gcc/powerpc-eabi/4.5.1/crtbegin.o
 .rela.text.LWP_CreateThread
                0x00000000        0x0 c:/devkitpro/devkitppc/bin/../lib/gcc/powerpc-eabi/4.5.1/crtbegin.o
 .rela.text.LWP_InitQueue
                0x00000000        0x0 c:/devkitpro/devkitppc/bin/../lib/gcc/powerpc-eabi/4.5.1/crtbegin.o
 .rela.text.LWP_CloseQueue
                0x00000000        0x0 c:/devkitpro/devkitppc/bin/../lib/gcc/powerpc-eabi/4.5.1/crtbegin.o
 .rela.text.__lwp_stack_allocate
                0x00000000        0x0 c:/devkitpro/devkitppc/bin/../lib/gcc/powerpc-eabi/4.5.1/crtbegin.o
 .rela.text.__lwp_stack_free
                0x00000000        0x0 c:/devkitpro/devkitppc/bin/../lib/gcc/powerpc-eabi/4.5.1/crtbegin.o
 .rela.text.__lwp_watchdog_init
                0x00000000        0x0 c:/devkitpro/devkitppc/bin/../lib/gcc/powerpc-eabi/4.5.1/crtbegin.o
 .rela.text.__lwp_wd_tickle
                0x00000000        0x0 c:/devkitpro/devkitppc/bin/../lib/gcc/powerpc-eabi/4.5.1/crtbegin.o
 .rela.text.__lwp_wkspace_heapfree
                0x00000000        0x0 c:/devkitpro/devkitppc/bin/../lib/gcc/powerpc-eabi/4.5.1/crtbegin.o
 .rela.text.__lwp_wkspace_heapused
                0x00000000        0x0 c:/devkitpro/devkitppc/bin/../lib/gcc/powerpc-eabi/4.5.1/crtbegin.o
 .rela.text.__lwp_wkspace_init
                0x00000000        0x0 c:/devkitpro/devkitppc/bin/../lib/gcc/powerpc-eabi/4.5.1/crtbegin.o
 .rela.text.__lwp_objmgr_initinfo
                0x00000000        0x0 c:/devkitpro/devkitppc/bin/../lib/gcc/powerpc-eabi/4.5.1/crtbegin.o
 .rela.text.__systemcall_init
                0x00000000        0x0 c:/devkitpro/devkitppc/bin/../lib/gcc/powerpc-eabi/4.5.1/crtbegin.o
 .rela.text.__exception_init
                0x00000000        0x0 c:/devkitpro/devkitppc/bin/../lib/gcc/powerpc-eabi/4.5.1/crtbegin.o
 .rela.text.__exception_close
                0x00000000        0x0 c:/devkitpro/devkitppc/bin/../lib/gcc/powerpc-eabi/4.5.1/crtbegin.o
 .rela.text.__exception_sethandler
                0x00000000        0x0 c:/devkitpro/devkitppc/bin/../lib/gcc/powerpc-eabi/4.5.1/crtbegin.o
 .rela.text.__irq_init
                0x00000000        0x0 c:/devkitpro/devkitppc/bin/../lib/gcc/powerpc-eabi/4.5.1/crtbegin.o
 .rela.text.__lwp_sema_open
                0x00000000        0x0 c:/devkitpro/devkitppc/bin/../lib/gcc/powerpc-eabi/4.5.1/crtbegin.o
 .rela.text.__lwp_sema_init
                0x00000000        0x0 c:/devkitpro/devkitppc/bin/../lib/gcc/powerpc-eabi/4.5.1/crtbegin.o
 .rela.text.LWP_SemInit
                0x00000000        0x0 c:/devkitpro/devkitppc/bin/../lib/gcc/powerpc-eabi/4.5.1/crtbegin.o
 .rela.text.LWP_SemDestroy
                0x00000000        0x0 c:/devkitpro/devkitppc/bin/../lib/gcc/powerpc-eabi/4.5.1/crtbegin.o
 .rela.text.__lwp_mutex_open
                0x00000000        0x0 c:/devkitpro/devkitppc/bin/../lib/gcc/powerpc-eabi/4.5.1/crtbegin.o
 .rela.text.__lwp_mutex_locksupp.clone.6
                0x00000000        0x0 c:/devkitpro/devkitppc/bin/../lib/gcc/powerpc-eabi/4.5.1/crtbegin.o
 .rela.text.__lwp_mutex_init
                0x00000000        0x0 c:/devkitpro/devkitppc/bin/../lib/gcc/powerpc-eabi/4.5.1/crtbegin.o
 .rela.text.LWP_MutexInit
                0x00000000        0x0 c:/devkitpro/devkitppc/bin/../lib/gcc/powerpc-eabi/4.5.1/crtbegin.o
 .rela.text.LWP_MutexDestroy
                0x00000000        0x0 c:/devkitpro/devkitppc/bin/../lib/gcc/powerpc-eabi/4.5.1/crtbegin.o
 .rela.text.__GX_FifoLink
                0x00000000        0x0 c:/devkitpro/devkitppc/bin/../lib/gcc/powerpc-eabi/4.5.1/crtbegin.o
 .rela.text.__GX_WriteFifoIntEnable
                0x00000000        0x0 c:/devkitpro/devkitppc/bin/../lib/gcc/powerpc-eabi/4.5.1/crtbegin.o
 .rela.text.__GX_FifoReadEnable
                0x00000000        0x0 c:/devkitpro/devkitppc/bin/../lib/gcc/powerpc-eabi/4.5.1/crtbegin.o
 .rela.text.__GX_FifoReadDisable
                0x00000000        0x0 c:/devkitpro/devkitppc/bin/../lib/gcc/powerpc-eabi/4.5.1/crtbegin.o
 .rela.text.__GX_InitRevBits
                0x00000000        0x0 c:/devkitpro/devkitppc/bin/../lib/gcc/powerpc-eabi/4.5.1/crtbegin.o
 .rela.text.__GXDefTexRegionCallback
                0x00000000        0x0 c:/devkitpro/devkitppc/bin/../lib/gcc/powerpc-eabi/4.5.1/crtbegin.o
 .rela.text.__GXDefTlutRegionCallback
                0x00000000        0x0 c:/devkitpro/devkitppc/bin/../lib/gcc/powerpc-eabi/4.5.1/crtbegin.o
 .rela.text.__GX_FlushTextureState
                0x00000000        0x0 c:/devkitpro/devkitppc/bin/../lib/gcc/powerpc-eabi/4.5.1/crtbegin.o
 .rela.text.__GX_SetMatrixIndex
                0x00000000        0x0 c:/devkitpro/devkitppc/bin/../lib/gcc/powerpc-eabi/4.5.1/crtbegin.o
 .rela.text.__SetSURegs
                0x00000000        0x0 c:/devkitpro/devkitppc/bin/../lib/gcc/powerpc-eabi/4.5.1/crtbegin.o
 .rela.text.__GX_SetDirtyState
                0x00000000        0x0 c:/devkitpro/devkitppc/bin/../lib/gcc/powerpc-eabi/4.5.1/crtbegin.o
 .rela.text.__SETVCDATTR
                0x00000000        0x0 c:/devkitpro/devkitppc/bin/../lib/gcc/powerpc-eabi/4.5.1/crtbegin.o
 .rela.text.__SETVCDFMT
                0x00000000        0x0 c:/devkitpro/devkitppc/bin/../lib/gcc/powerpc-eabi/4.5.1/crtbegin.o
 .rela.text.__GX_WriteFifoIntReset.clone.1
                0x00000000        0x0 c:/devkitpro/devkitppc/bin/../lib/gcc/powerpc-eabi/4.5.1/crtbegin.o
 .rela.text.__GXCPInterruptHandler
                0x00000000        0x0 c:/devkitpro/devkitppc/bin/../lib/gcc/powerpc-eabi/4.5.1/crtbegin.o
 .rela.text.GX_Flush
                0x00000000        0x0 c:/devkitpro/devkitppc/bin/../lib/gcc/powerpc-eabi/4.5.1/crtbegin.o
 .rela.text.GX_EnableBreakPt
                0x00000000        0x0 c:/devkitpro/devkitppc/bin/../lib/gcc/powerpc-eabi/4.5.1/crtbegin.o
 .rela.text.GX_DisableBreakPt
                0x00000000        0x0 c:/devkitpro/devkitppc/bin/../lib/gcc/powerpc-eabi/4.5.1/crtbegin.o
 .rela.text.GX_AbortFrame
                0x00000000        0x0 c:/devkitpro/devkitppc/bin/../lib/gcc/powerpc-eabi/4.5.1/crtbegin.o
 .rela.text.GX_PixModeSync
                0x00000000        0x0 c:/devkitpro/devkitppc/bin/../lib/gcc/powerpc-eabi/4.5.1/crtbegin.o
 .rela.text.GX_SetMisc
                0x00000000        0x0 c:/devkitpro/devkitppc/bin/../lib/gcc/powerpc-eabi/4.5.1/crtbegin.o
 .rela.text.GX_SetCopyClamp
                0x00000000        0x0 c:/devkitpro/devkitppc/bin/../lib/gcc/powerpc-eabi/4.5.1/crtbegin.o
 .rela.text.GX_SetDispCopyGamma
                0x00000000        0x0 c:/devkitpro/devkitppc/bin/../lib/gcc/powerpc-eabi/4.5.1/crtbegin.o
 .rela.text.GX_SetDispCopyFrame2Field
                0x00000000        0x0 c:/devkitpro/devkitppc/bin/../lib/gcc/powerpc-eabi/4.5.1/crtbegin.o
 .rela.text.GX_SetDispCopyYScale
                0x00000000        0x0 c:/devkitpro/devkitppc/bin/../lib/gcc/powerpc-eabi/4.5.1/crtbegin.o
 .rela.text.GX_SetDispCopyDst
                0x00000000        0x0 c:/devkitpro/devkitppc/bin/../lib/gcc/powerpc-eabi/4.5.1/crtbegin.o
 .rela.text.GX_SetDispCopySrc
                0x00000000        0x0 c:/devkitpro/devkitppc/bin/../lib/gcc/powerpc-eabi/4.5.1/crtbegin.o
 .rela.text.GX_CopyDisp
                0x00000000        0x0 c:/devkitpro/devkitppc/bin/../lib/gcc/powerpc-eabi/4.5.1/crtbegin.o
 .rela.text.GX_CopyTex
                0x00000000        0x0 c:/devkitpro/devkitppc/bin/../lib/gcc/powerpc-eabi/4.5.1/crtbegin.o
 .rela.text.GX_SetTexCopySrc
                0x00000000        0x0 c:/devkitpro/devkitppc/bin/../lib/gcc/powerpc-eabi/4.5.1/crtbegin.o
 .rela.text.GX_SetTexCopyDst
                0x00000000        0x0 c:/devkitpro/devkitppc/bin/../lib/gcc/powerpc-eabi/4.5.1/crtbegin.o
 .rela.text.GX_BeginDispList
                0x00000000        0x0 c:/devkitpro/devkitppc/bin/../lib/gcc/powerpc-eabi/4.5.1/crtbegin.o
 .rela.text.GX_EndDispList
                0x00000000        0x0 c:/devkitpro/devkitppc/bin/../lib/gcc/powerpc-eabi/4.5.1/crtbegin.o
 .rela.text.GX_CallDispList
                0x00000000        0x0 c:/devkitpro/devkitppc/bin/../lib/gcc/powerpc-eabi/4.5.1/crtbegin.o
 .rela.text.GX_SetChanCtrl
                0x00000000        0x0 c:/devkitpro/devkitppc/bin/../lib/gcc/powerpc-eabi/4.5.1/crtbegin.o
 .rela.text.GX_SetChanAmbColor
                0x00000000        0x0 c:/devkitpro/devkitppc/bin/../lib/gcc/powerpc-eabi/4.5.1/crtbegin.o
 .rela.text.GX_SetChanMatColor
                0x00000000        0x0 c:/devkitpro/devkitppc/bin/../lib/gcc/powerpc-eabi/4.5.1/crtbegin.o
 .rela.text.GX_SetVtxDesc
                0x00000000        0x0 c:/devkitpro/devkitppc/bin/../lib/gcc/powerpc-eabi/4.5.1/crtbegin.o
 .rela.text.GX_SetVtxDescv
                0x00000000        0x0 c:/devkitpro/devkitppc/bin/../lib/gcc/powerpc-eabi/4.5.1/crtbegin.o
 .rela.text.GX_GetVtxDescv
                0x00000000        0x0 c:/devkitpro/devkitppc/bin/../lib/gcc/powerpc-eabi/4.5.1/crtbegin.o
 .rela.text.GX_SetVtxAttrFmt
                0x00000000        0x0 c:/devkitpro/devkitppc/bin/../lib/gcc/powerpc-eabi/4.5.1/crtbegin.o
 .rela.text.GX_SetVtxAttrFmtv
                0x00000000        0x0 c:/devkitpro/devkitppc/bin/../lib/gcc/powerpc-eabi/4.5.1/crtbegin.o
 .rela.text.GX_Begin
                0x00000000        0x0 c:/devkitpro/devkitppc/bin/../lib/gcc/powerpc-eabi/4.5.1/crtbegin.o
 .rela.text.GX_SetTexCoordGen2
                0x00000000        0x0 c:/devkitpro/devkitppc/bin/../lib/gcc/powerpc-eabi/4.5.1/crtbegin.o
 .rela.text.GX_SetCurrentMtx
                0x00000000        0x0 c:/devkitpro/devkitppc/bin/../lib/gcc/powerpc-eabi/4.5.1/crtbegin.o
 .rela.text.GX_SetNumTexGens
                0x00000000        0x0 c:/devkitpro/devkitppc/bin/../lib/gcc/powerpc-eabi/4.5.1/crtbegin.o
 .rela.text.GX_SetZMode
                0x00000000        0x0 c:/devkitpro/devkitppc/bin/../lib/gcc/powerpc-eabi/4.5.1/crtbegin.o
 .rela.text.GX_LoadTexObjPreloaded
                0x00000000        0x0 c:/devkitpro/devkitppc/bin/../lib/gcc/powerpc-eabi/4.5.1/crtbegin.o
 .rela.text.GX_SetTexCoordScaleManually
                0x00000000        0x0 c:/devkitpro/devkitppc/bin/../lib/gcc/powerpc-eabi/4.5.1/crtbegin.o
 .rela.text.GX_SetTexCoordCylWrap
                0x00000000        0x0 c:/devkitpro/devkitppc/bin/../lib/gcc/powerpc-eabi/4.5.1/crtbegin.o
 .rela.text.GX_SetTexCoordBias
                0x00000000        0x0 c:/devkitpro/devkitppc/bin/../lib/gcc/powerpc-eabi/4.5.1/crtbegin.o
 .rela.text.GX_SetBlendMode
                0x00000000        0x0 c:/devkitpro/devkitppc/bin/../lib/gcc/powerpc-eabi/4.5.1/crtbegin.o
 .rela.text.GX_ClearVtxDesc
                0x00000000        0x0 c:/devkitpro/devkitppc/bin/../lib/gcc/powerpc-eabi/4.5.1/crtbegin.o
 .rela.text.GX_SetLineWidth
                0x00000000        0x0 c:/devkitpro/devkitppc/bin/../lib/gcc/powerpc-eabi/4.5.1/crtbegin.o
 .rela.text.GX_SetPointSize
                0x00000000        0x0 c:/devkitpro/devkitppc/bin/../lib/gcc/powerpc-eabi/4.5.1/crtbegin.o
 .rela.text.GX_SetTevColorIn
                0x00000000        0x0 c:/devkitpro/devkitppc/bin/../lib/gcc/powerpc-eabi/4.5.1/crtbegin.o
 .rela.text.GX_SetTevAlphaIn
                0x00000000        0x0 c:/devkitpro/devkitppc/bin/../lib/gcc/powerpc-eabi/4.5.1/crtbegin.o
 .rela.text.GX_SetTevColorOp
                0x00000000        0x0 c:/devkitpro/devkitppc/bin/../lib/gcc/powerpc-eabi/4.5.1/crtbegin.o
 .rela.text.GX_SetTevAlphaOp
                0x00000000        0x0 c:/devkitpro/devkitppc/bin/../lib/gcc/powerpc-eabi/4.5.1/crtbegin.o
 .rela.text.GX_SetCullMode
                0x00000000        0x0 c:/devkitpro/devkitppc/bin/../lib/gcc/powerpc-eabi/4.5.1/crtbegin.o
 .rela.text.GX_SetCoPlanar
                0x00000000        0x0 c:/devkitpro/devkitppc/bin/../lib/gcc/powerpc-eabi/4.5.1/crtbegin.o
 .rela.text.GX_EnableTexOffsets
                0x00000000        0x0 c:/devkitpro/devkitppc/bin/../lib/gcc/powerpc-eabi/4.5.1/crtbegin.o
 .rela.text.GX_SetScissor
                0x00000000        0x0 c:/devkitpro/devkitppc/bin/../lib/gcc/powerpc-eabi/4.5.1/crtbegin.o
 .rela.text.GX_SetNumChans
                0x00000000        0x0 c:/devkitpro/devkitppc/bin/../lib/gcc/powerpc-eabi/4.5.1/crtbegin.o
 .rela.text.GX_SetTevOrder
                0x00000000        0x0 c:/devkitpro/devkitppc/bin/../lib/gcc/powerpc-eabi/4.5.1/crtbegin.o
 .rela.text.GX_SetNumTevStages
                0x00000000        0x0 c:/devkitpro/devkitppc/bin/../lib/gcc/powerpc-eabi/4.5.1/crtbegin.o
 .rela.text.GX_SetTevKColorSel
                0x00000000        0x0 c:/devkitpro/devkitppc/bin/../lib/gcc/powerpc-eabi/4.5.1/crtbegin.o
 .rela.text.GX_SetTevKAlphaSel
                0x00000000        0x0 c:/devkitpro/devkitppc/bin/../lib/gcc/powerpc-eabi/4.5.1/crtbegin.o
 .rela.text.GX_SetTevSwapMode
                0x00000000        0x0 c:/devkitpro/devkitppc/bin/../lib/gcc/powerpc-eabi/4.5.1/crtbegin.o
 .rela.text.GX_SetTevSwapModeTable
                0x00000000        0x0 c:/devkitpro/devkitppc/bin/../lib/gcc/powerpc-eabi/4.5.1/crtbegin.o
 .rela.text.GX_SetNumIndStages
                0x00000000        0x0 c:/devkitpro/devkitppc/bin/../lib/gcc/powerpc-eabi/4.5.1/crtbegin.o
 .rela.text.GX_SetIndTexCoordScale
                0x00000000        0x0 c:/devkitpro/devkitppc/bin/../lib/gcc/powerpc-eabi/4.5.1/crtbegin.o
 .rela.text.GX_SetColorUpdate
                0x00000000        0x0 c:/devkitpro/devkitppc/bin/../lib/gcc/powerpc-eabi/4.5.1/crtbegin.o
 .rela.text.GX_SetAlphaUpdate
                0x00000000        0x0 c:/devkitpro/devkitppc/bin/../lib/gcc/powerpc-eabi/4.5.1/crtbegin.o
 .rela.text.GX_SetZCompLoc
                0x00000000        0x0 c:/devkitpro/devkitppc/bin/../lib/gcc/powerpc-eabi/4.5.1/crtbegin.o
 .rela.text.GX_SetPixelFmt
                0x00000000        0x0 c:/devkitpro/devkitppc/bin/../lib/gcc/powerpc-eabi/4.5.1/crtbegin.o
 .rela.text.GX_SetDither
                0x00000000        0x0 c:/devkitpro/devkitppc/bin/../lib/gcc/powerpc-eabi/4.5.1/crtbegin.o
 .rela.text.GX_SetDstAlpha
                0x00000000        0x0 c:/devkitpro/devkitppc/bin/../lib/gcc/powerpc-eabi/4.5.1/crtbegin.o
 .rela.text.GX_SetFieldMode
                0x00000000        0x0 c:/devkitpro/devkitppc/bin/../lib/gcc/powerpc-eabi/4.5.1/crtbegin.o
 .rela.text.GX_SetIndTexOrder
                0x00000000        0x0 c:/devkitpro/devkitppc/bin/../lib/gcc/powerpc-eabi/4.5.1/crtbegin.o
 .rela.text.GX_SetGPMetric
                0x00000000        0x0 c:/devkitpro/devkitppc/bin/../lib/gcc/powerpc-eabi/4.5.1/crtbegin.o
 .rela.text.GX_Init
                0x00000000        0x0 c:/devkitpro/devkitppc/bin/../lib/gcc/powerpc-eabi/4.5.1/crtbegin.o
 .rela.text.GX_ReadGPMetric
                0x00000000        0x0 c:/devkitpro/devkitppc/bin/../lib/gcc/powerpc-eabi/4.5.1/crtbegin.o
 .rela.text.kprintf
                0x00000000        0x0 c:/devkitpro/devkitppc/bin/../lib/gcc/powerpc-eabi/4.5.1/crtbegin.o
 .rela.text.sinef
                0x00000000        0x0 c:/devkitpro/devkitppc/bin/../lib/gcc/powerpc-eabi/4.5.1/crtbegin.o
 .rela.text.sqrtf
                0x00000000        0x0 c:/devkitpro/devkitppc/bin/../lib/gcc/powerpc-eabi/4.5.1/crtbegin.o
 .rela.text.calloc
                0x00000000        0x0 c:/devkitpro/devkitppc/bin/../lib/gcc/powerpc-eabi/4.5.1/crtbegin.o
 .rela.text.__errno
                0x00000000        0x0 c:/devkitpro/devkitppc/bin/../lib/gcc/powerpc-eabi/4.5.1/crtbegin.o
 .rela.text.exit
                0x00000000        0x0 c:/devkitpro/devkitppc/bin/../lib/gcc/powerpc-eabi/4.5.1/crtbegin.o
 .rela.text.fclose
                0x00000000        0x0 c:/devkitpro/devkitppc/bin/../lib/gcc/powerpc-eabi/4.5.1/crtbegin.o
 .rela.text.fflush
                0x00000000        0x0 c:/devkitpro/devkitppc/bin/../lib/gcc/powerpc-eabi/4.5.1/crtbegin.o
 .rela.text.fileno
                0x00000000        0x0 c:/devkitpro/devkitppc/bin/../lib/gcc/powerpc-eabi/4.5.1/crtbegin.o
 .rela.text._cleanup
                0x00000000        0x0 c:/devkitpro/devkitppc/bin/../lib/gcc/powerpc-eabi/4.5.1/crtbegin.o
 .rela.text.__sinit
                0x00000000        0x0 c:/devkitpro/devkitppc/bin/../lib/gcc/powerpc-eabi/4.5.1/crtbegin.o
 .rela.text.__sfp
                0x00000000        0x0 c:/devkitpro/devkitppc/bin/../lib/gcc/powerpc-eabi/4.5.1/crtbegin.o
 .rela.text.__fp_lock_all
                0x00000000        0x0 c:/devkitpro/devkitppc/bin/../lib/gcc/powerpc-eabi/4.5.1/crtbegin.o
 .rela.text.__fp_unlock_all
                0x00000000        0x0 c:/devkitpro/devkitppc/bin/../lib/gcc/powerpc-eabi/4.5.1/crtbegin.o
 .rela.text._fopen_r
                0x00000000        0x0 c:/devkitpro/devkitppc/bin/../lib/gcc/powerpc-eabi/4.5.1/crtbegin.o
 .rela.text.fopen
                0x00000000        0x0 c:/devkitpro/devkitppc/bin/../lib/gcc/powerpc-eabi/4.5.1/crtbegin.o
 .rela.text.fread
                0x00000000        0x0 c:/devkitpro/devkitppc/bin/../lib/gcc/powerpc-eabi/4.5.1/crtbegin.o
 .rela.text._malloc_trim_r
                0x00000000        0x0 c:/devkitpro/devkitppc/bin/../lib/gcc/powerpc-eabi/4.5.1/crtbegin.o
 .rela.text._free_r
                0x00000000        0x0 c:/devkitpro/devkitppc/bin/../lib/gcc/powerpc-eabi/4.5.1/crtbegin.o
 .rela.text._fseek_r
                0x00000000        0x0 c:/devkitpro/devkitppc/bin/../lib/gcc/powerpc-eabi/4.5.1/crtbegin.o
 .rela.text.fseek
                0x00000000        0x0 c:/devkitpro/devkitppc/bin/../lib/gcc/powerpc-eabi/4.5.1/crtbegin.o
 .rela.text.ftell
                0x00000000        0x0 c:/devkitpro/devkitppc/bin/../lib/gcc/powerpc-eabi/4.5.1/crtbegin.o
 .rela.text.fwrite
                0x00000000        0x0 c:/devkitpro/devkitppc/bin/../lib/gcc/powerpc-eabi/4.5.1/crtbegin.o
 .rela.text.gmtime
                0x00000000        0x0 c:/devkitpro/devkitppc/bin/../lib/gcc/powerpc-eabi/4.5.1/crtbegin.o
 .rela.text.__smakebuf_r
                0x00000000        0x0 c:/devkitpro/devkitppc/bin/../lib/gcc/powerpc-eabi/4.5.1/crtbegin.o
 .rela.text.mktime
                0x00000000        0x0 c:/devkitpro/devkitppc/bin/../lib/gcc/powerpc-eabi/4.5.1/crtbegin.o
 .rela.text._mktm_r
                0x00000000        0x0 c:/devkitpro/devkitppc/bin/../lib/gcc/powerpc-eabi/4.5.1/crtbegin.o
 .rela.text._svfprintf_r
                0x00000000        0x0 c:/devkitpro/devkitppc/bin/../lib/gcc/powerpc-eabi/4.5.1/crtbegin.o
 .rela.text._vfprintf_r
                0x00000000        0x0 c:/devkitpro/devkitppc/bin/../lib/gcc/powerpc-eabi/4.5.1/crtbegin.o
 .rela.text._wcrtomb_r
                0x00000000        0x0 c:/devkitpro/devkitppc/bin/../lib/gcc/powerpc-eabi/4.5.1/crtbegin.o
 .rela.text.wcrtomb
                0x00000000        0x0 c:/devkitpro/devkitppc/bin/../lib/gcc/powerpc-eabi/4.5.1/crtbegin.o
 .rela.text._dtoa_r
                0x00000000        0x0 c:/devkitpro/devkitppc/bin/../lib/gcc/powerpc-eabi/4.5.1/crtbegin.o
 .rela.text.loadlocale
                0x00000000        0x0 c:/devkitpro/devkitppc/bin/../lib/gcc/powerpc-eabi/4.5.1/crtbegin.o
 .rela.text._findenv_r
                0x00000000        0x0 c:/devkitpro/devkitppc/bin/../lib/gcc/powerpc-eabi/4.5.1/crtbegin.o

.rel.fini
 *(.rel.fini)

.rela.fini
 *(.rela.fini)

.rel.rodata
 *(.rel.rodata .rel.rodata.* .rel.gnu.linkonce.r.*)

.rela.rodata
 *(.rela.rodata .rela.rodata.* .rela.gnu.linkonce.r.*)

.rel.data
 *(.rel.data .rel.data.* .rel.gnu.linkonce.d.*)

.rela.data
 *(.rela.data .rela.data.* .rela.gnu.linkonce.d.*)

.rel.tdata
 *(.rel.tdata .rel.tdata.* .rel.gnu.linkonce.td.*)

.rela.tdata
 *(.rela.tdata .rela.tdata.* .rela.gnu.linkonce.td.*)

.rel.tbss
 *(.rel.tbss .rel.tbss.* .rel.gnu.linkonce.tb.*)

.rela.tbss
 *(.rela.tbss .rela.tbss.* .rela.gnu.linkonce.tb.*)

.rel.ctors
 *(.rel.ctors)

.rela.ctors
 *(.rela.ctors)

.rel.dtors
 *(.rel.dtors)

.rela.dtors
 *(.rela.dtors)

.rel.got
 *(.rel.got)

.rela.got
 *(.rela.got)

.rela.got1
 *(.rela.got1)

.rela.got2      0x80004194        0x0
 *(.rela.got2)
 .rela.got2     0x00000000        0x0 c:/devkitpro/devkitppc/bin/../lib/gcc/powerpc-eabi/4.5.1/crtbegin.o

.rel.sdata
 *(.rel.sdata .rel.sdata.* .rel.gnu.linkonce.s.*)

.rela.sdata
 *(.rela.sdata .rela.sdata.* .rela.gnu.linkonce.s.*)

.rel.sbss
 *(.rel.sbss .rel.sbss.* .rel.gnu.linkonce.sb.*)

.rela.sbss
 *(.rela.sbss .rela.sbss.* .rel.gnu.linkonce.sb.*)

.rel.sdata2
 *(.rel.sdata2 .rel.sdata2.* .rel.gnu.linkonce.s2.*)

.rela.sdata2
 *(.rela.sdata2 .rela.sdata2.* .rela.gnu.linkonce.s2.*)

.rel.sbss2
 *(.rel.sbss2 .rel.sbss2.* .rel.gnu.linkonce.sb2.*)

.rela.sbss2
 *(.rela.sbss2 .rela.sbss2.* .rela.gnu.linkonce.sb2.*)

.rel.bss
 *(.rel.bss .rel.bss.* .rel.gnu.linkonce.b.*)

.rela.bss
 *(.rela.bss .rela.bss.* .rela.gnu.linkonce.b.*)

.rel.plt
 *(.rel.plt)

.rela.plt
 *(.rela.plt)

.text           0x800041a0    0x1d700
 *(.text)
 .text          0x800041a0      0x168 c:/devkitpro/devkitppc/bin/../lib/gcc/powerpc-eabi/4.5.1/crtbegin.o
 .text          0x80004308       0x44 c:/devkitpro/devkitppc/bin/../lib/gcc/powerpc-eabi/4.5.1/../../../../powerpc-eabi/lib/crtmain.o
                0x8000430c                __crtmain
 .text          0x8000434c      0x4f0 c:/devkitPro/libogc/lib/wii\libogc.a(cache_asm.o)
                0x8000434c                DCFlashInvalidate
                0x80004360                DCEnable
                0x80004374                DCDisable
                0x80004388                DCFreeze
                0x8000439c                DCUnfreeze
                0x800043b0                DCTouchLoad
                0x800043b8                DCBlockZero
                0x800043c0                DCBlockStore
                0x800043c8                DCBlockFlush
                0x800043d0                DCBlockInvalidate
                0x800043d8                DCInvalidateRange
                0x80004408                DCFlushRange
                0x8000443c                DCStoreRange
                0x80004470                DCFlushRangeNoSync
                0x800044a0                DCStoreRangeNoSync
                0x800044d0                DCZeroRange
                0x80004500                DCTouchRange
                0x80004530                ICInvalidateRange
                0x80004568                ICFlashInvalidate
                0x8000457c                ICEnable
                0x80004590                ICDisable
                0x800045a4                ICFreeze
                0x800045b8                ICUnfreeze
                0x800045cc                ICBlockInvalidate
                0x800045d4                ICSync
                0x800045dc                L2Init
                0x80004624                L2Enable
                0x80004640                L2Disable
                0x80004658                L2GlobalInvalidate
                0x800046b0                __LCEnable
                0x80004778                LCDisable
                0x800047a0                LCAllocOneTag
                0x800047b4                LCAllocTags
                0x800047f4                LCLoadBlocks
                0x80004818                LCStoreBlocks
 *fill*         0x8000483c        0x4 00000000
 .text          0x80004840      0x4ec c:/devkitPro/libogc/lib/wii\libogc.a(lwp_handler.o)
                0x80004840                _cpu_context_save_fp
                0x80004980                _cpu_context_restore_fp
                0x80004ac0                _cpu_context_switch
                0x80004c40                _cpu_context_save
                0x80004cc0                _cpu_context_restore
 .text          0x80004d2c      0x1ac c:/devkitPro/libogc/lib/wii\libogc.a(irq_handler.o)
                0x80004d2c                irq_exceptionhandler
 .text          0x80004ed8      0x4b0 c:/devkitPro/libogc/lib/wii\libogc.a(system_asm.o)
                0x80004ed8                __realmode
                0x80004ef0                __configBATS
                0x80005020                __InitFPRS
                0x8000514c                __InitPS
                0x800051a8                __InitCache
                0x80005200                __InitSystem
                0x80005298                __flush_cache
                0x800052cc                __reset
                0x8000533c                __InitBATS
                0x80005358                SYS_SwitchFiber
 .text          0x80005388      0x1ac c:/devkitPro/libogc/lib/wii\libogc.a(decrementer_handler.o)
                0x80005388                dec_exceptionhandler
 .text          0x80005534      0x35c c:/devkitPro/libogc/lib/wii\libogc.a(exception_handler.o)
                0x80005534                exceptionhandler_start
                0x800055b0                exceptionhandler_patch
                0x800055e4                exceptionhandler_end
                0x800055e8                default_exceptionhandler
                0x80005718                fpu_exceptionhandler
                0x80005860                systemcallhandler_start
                0x8000588c                systemcallhandler_end
 .text          0x80005890       0x40 c:/devkitpro/devkitppc/bin/../lib/gcc/powerpc-eabi/4.5.1\libgcc.a(_ashldi3.o)
                0x80005890                __ashldi3
 .text          0x800058d0      0x3f0 c:/devkitpro/devkitppc/bin/../lib/gcc/powerpc-eabi/4.5.1\libgcc.a(_udivdi3.o)
                0x800058d0                __udivdi3
 .text          0x80005cc0      0x3c0 c:/devkitpro/devkitppc/bin/../lib/gcc/powerpc-eabi/4.5.1\libgcc.a(_umoddi3.o)
                0x80005cc0                __umoddi3
 .text          0x80006080       0x48 c:/devkitpro/devkitppc/bin/../lib/gcc/powerpc-eabi/4.5.1\libgcc.a(eabi.o)
                0x80006080                __eabi
 .text          0x800060c8       0x4c c:/devkitpro/devkitppc/bin/../lib/gcc/powerpc-eabi/4.5.1\libgcc.a(crtsavgpr.o)
                0x800060c8                _savegpr_14
                0x800060cc                _savegpr_15
                0x800060d0                _savegpr_16
                0x800060d4                _savegpr_17
                0x800060d8                _savegpr_18
                0x800060dc                _savegpr_19
                0x800060e0                _savegpr_20
                0x800060e4                _savegpr_21
                0x800060e8                _savegpr_22
                0x800060ec                _savegpr_23
                0x800060f0                _savegpr_24
                0x800060f4                _savegpr_25
                0x800060f8                _savegpr_26
                0x800060fc                _savegpr_27
                0x80006100                _savegpr_28
                0x80006104                _savegpr_29
                0x80006108                _savegpr_30
                0x8000610c                _savegpr_31
 .text          0x80006114       0x58 c:/devkitpro/devkitppc/bin/../lib/gcc/powerpc-eabi/4.5.1\libgcc.a(crtresxgpr.o)
                0x80006114                _restgpr_14_x
                0x80006118                _restgpr_15_x
                0x8000611c                _restgpr_16_x
                0x80006120                _restgpr_17_x
                0x80006124                _restgpr_18_x
                0x80006128                _restgpr_19_x
                0x8000612c                _restgpr_20_x
                0x80006130                _restgpr_21_x
                0x80006134                _restgpr_22_x
                0x80006138                _restgpr_23_x
                0x8000613c                _restgpr_24_x
                0x80006140                _restgpr_25_x
                0x80006144                _restgpr_26_x
                0x80006148                _restgpr_27_x
                0x8000614c                _restgpr_28_x
                0x80006150                _restgpr_29_x
                0x80006154                _restgpr_30_x
                0x80006158                _restgpr_31_x
 .text          0x8000616c       0x28 c:/devkitpro/devkitppc/bin/../lib/gcc/powerpc-eabi/4.5.1/../../../../powerpc-eabi/lib\libsysbase.a(abort.o)
                0x8000616c                abort
 .text          0x80006194      0x2ec c:/devkitpro/devkitppc/bin/../lib/gcc/powerpc-eabi/4.5.1/../../../../powerpc-eabi/lib\libsysbase.a(iosupport.o)
                0x80006194                setDefaultDevice
                0x800061ac                FindDevice
                0x800062d0                RemoveDevice
                0x80006320                AddDevice
                0x8000643c                GetDeviceOpTab
 .text          0x80006480       0x28 c:/devkitpro/devkitppc/bin/../lib/gcc/powerpc-eabi/4.5.1/../../../../powerpc-eabi/lib\libsysbase.a(_exit.o)
                0x80006480                _exit
 .text          0x800064a8       0xa0 c:/devkitpro/devkitppc/bin/../lib/gcc/powerpc-eabi/4.5.1/../../../../powerpc-eabi/lib\libsysbase.a(build_argv.o)
                0x800064a8                build_argv
 .text          0x80006548      0x168 c:/devkitpro/devkitppc/bin/../lib/gcc/powerpc-eabi/4.5.1/../../../../powerpc-eabi/lib\libsysbase.a(syscall_support.o)
                0x80006548                __libc_lock_init
                0x80006588                __libc_lock_close
                0x800065c8                __libc_lock_release
                0x80006608                __libc_lock_acquire
                0x80006648                __malloc_lock
                0x8000667c                __malloc_unlock
 .text          0x800066b0       0x9c c:/devkitpro/devkitppc/bin/../lib/gcc/powerpc-eabi/4.5.1/../../../../powerpc-eabi/lib\libsysbase.a(close.o)
                0x800066b0                _close_r
 .text          0x8000674c       0xc8 c:/devkitpro/devkitppc/bin/../lib/gcc/powerpc-eabi/4.5.1/../../../../powerpc-eabi/lib\libsysbase.a(fstat.o)
                0x8000674c                _fstat_r
 .text          0x80006814        0x8 c:/devkitpro/devkitppc/bin/../lib/gcc/powerpc-eabi/4.5.1/../../../../powerpc-eabi/lib\libsysbase.a(isatty.o)
                0x80006814                _isatty_r
 .text          0x8000681c       0xcc c:/devkitpro/devkitppc/bin/../lib/gcc/powerpc-eabi/4.5.1/../../../../powerpc-eabi/lib\libsysbase.a(lseek.o)
                0x8000681c                _lseek_r
 .text          0x800068e8       0xac c:/devkitpro/devkitppc/bin/../lib/gcc/powerpc-eabi/4.5.1/../../../../powerpc-eabi/lib\libsysbase.a(read.o)
                0x800068e8                _read_r
 .text          0x80006994       0x50 c:/devkitpro/devkitppc/bin/../lib/gcc/powerpc-eabi/4.5.1/../../../../powerpc-eabi/lib\libsysbase.a(sbrk.o)
                0x80006994                _sbrk_r
 .text          0x800069e4       0xac c:/devkitpro/devkitppc/bin/../lib/gcc/powerpc-eabi/4.5.1/../../../../powerpc-eabi/lib\libsysbase.a(write.o)
                0x800069e4                _write_r
 .text          0x80006a90       0x6c c:/devkitpro/devkitppc/bin/../lib/gcc/powerpc-eabi/4.5.1/../../../../powerpc-eabi/lib\libsysbase.a(flock.o)
                0x80006a90                __flockfile
                0x80006ad8                __funlockfile
 .text          0x80006afc      0x174 c:/devkitpro/devkitppc/bin/../lib/gcc/powerpc-eabi/4.5.1/../../../../powerpc-eabi/lib\libsysbase.a(handle_manager.o)
                0x80006afc                __release_handle
                0x80006b58                __alloc_handle
                0x80006c4c                __get_handle
 .text          0x80006c70       0x6c c:/devkitpro/devkitppc/bin/../lib/gcc/powerpc-eabi/4.5.1/crtend.o
 *(.text.*)
 .text._Z6removev
                0x80006cdc       0xfc main.o
                0x80006cdc                remove()
 .text.main     0x80006dd8       0xdc main.o
                0x80006dd8                main
 .text.WC24_CloseNWC4DLBin
                0x80006eb4       0x38 c:/devkitPro/libogc/lib/wii\libwc24.a(wc24.o)
                0x80006eb4                WC24_CloseNWC4DLBin
 .text.WC24_OpenNWC4DLBin
                0x80006eec       0x34 c:/devkitPro/libogc/lib/wii\libwc24.a(wc24.o)
                0x80006eec                WC24_OpenNWC4DLBin
 .text.WC24_WriteEntry
                0x80006f20      0x160 c:/devkitPro/libogc/lib/wii\libwc24.a(wc24.o)
                0x80006f20                WC24_WriteEntry
 .text.WC24_WriteRecord
                0x80007080      0x170 c:/devkitPro/libogc/lib/wii\libwc24.a(wc24.o)
                0x80007080                WC24_WriteRecord
 .text.WC24_DeleteRecord
                0x800071f0       0x94 c:/devkitPro/libogc/lib/wii\libwc24.a(wc24.o)
                0x800071f0                WC24_DeleteRecord
 .text.WC24_ReadRecord
                0x80007284      0x198 c:/devkitPro/libogc/lib/wii\libwc24.a(wc24.o)
                0x80007284                WC24_ReadRecord
 .text.WC24_FindRecord
                0x8000741c      0x110 c:/devkitPro/libogc/lib/wii\libwc24.a(wc24.o)
                0x8000741c                WC24_FindRecord
 .text.WC24_Shutdown
                0x8000752c       0xac c:/devkitPro/libogc/lib/wii\libwc24.a(wc24.o)
                0x8000752c                WC24_Shutdown
 .text.WC24_Init
                0x800075d8      0x19c c:/devkitPro/libogc/lib/wii\libwc24.a(wc24.o)
                0x800075d8                WC24_Init
 .text.__WC24Mail_CfgRead
                0x80007774       0xcc c:/devkitPro/libogc/lib/wii\libwc24.a(wc24mail.o)
                0x80007774                __WC24Mail_CfgRead
 .text.__WC24Mail_FlShutdown
                0x80007840       0x80 c:/devkitPro/libogc/lib/wii\libwc24.a(wc24mail.o)
                0x80007840                __WC24Mail_FlShutdown
 .text.WC24Mail_Read
                0x800078c0      0x24c c:/devkitPro/libogc/lib/wii\libwc24.a(wc24mail.o)
                0x800078c0                WC24Mail_Read
 .text.WC24Mail_Shutdown
                0x80007b0c       0x40 c:/devkitPro/libogc/lib/wii\libwc24.a(wc24mail.o)
                0x80007b0c                WC24Mail_Shutdown
 .text.WC24Mail_Init
                0x80007b4c       0xb0 c:/devkitPro/libogc/lib/wii\libwc24.a(wc24mail.o)
                0x80007b4c                WC24Mail_Init
 .text.KD_Close
                0x80007bfc       0x54 c:/devkitPro/libogc/lib/wii\libwc24.a(kd.o)
                0x80007bfc                KD_Close
 .text.KD_Open  0x80007c50       0xf0 c:/devkitPro/libogc/lib/wii\libwc24.a(kd.o)
                0x80007c50                KD_Open
 .text.__console_clear_line
                0x80007d40       0x7c c:/devkitPro/libogc/lib/wii\libogc.a(console.o)
 .text.__console_clear
                0x80007dbc       0x58 c:/devkitPro/libogc/lib/wii\libogc.a(console.o)
 .text.__console_write
                0x80007e14      0x688 c:/devkitPro/libogc/lib/wii\libogc.a(console.o)
                0x80007e14                __console_write
 .text.__console_init
                0x8000849c      0x100 c:/devkitPro/libogc/lib/wii\libogc.a(console.o)
                0x8000849c                __console_init
 .text.CON_Init
                0x8000859c        0x4 c:/devkitPro/libogc/lib/wii\libogc.a(console.o)
                0x8000859c                CON_Init
 .text.CON_EnableGecko
                0x800085a0       0xa0 c:/devkitPro/libogc/lib/wii\libogc.a(console.o)
                0x800085a0                CON_EnableGecko
 .text.__gettiming
                0x80008640       0x2c c:/devkitPro/libogc/lib/wii\libogc.a(video.o)
 .text.__viOpenI2C
                0x8000866c       0x24 c:/devkitPro/libogc/lib/wii\libogc.a(video.o)
 .text.__viSetSCL
                0x80008690       0x24 c:/devkitPro/libogc/lib/wii\libogc.a(video.o)
 .text.__viSetSDA
                0x800086b4       0x24 c:/devkitPro/libogc/lib/wii\libogc.a(video.o)
 .text.__setVerticalRegs
                0x800086d8       0xc0 c:/devkitPro/libogc/lib/wii\libogc.a(video.o)
 .text.__adjustPosition
                0x80008798      0x178 c:/devkitPro/libogc/lib/wii\libogc.a(video.o)
 .text.__getCurrentHalfLine
                0x80008910       0x58 c:/devkitPro/libogc/lib/wii\libogc.a(video.o)
 .text.__getCurrentFieldEvenOdd
                0x80008968       0x34 c:/devkitPro/libogc/lib/wii\libogc.a(video.o)
 .text.__setFbbRegs.clone.3
                0x8000899c      0x1e8 c:/devkitPro/libogc/lib/wii\libogc.a(video.o)
 .text.__VISendI2CData.clone.4
                0x80008b84      0x298 c:/devkitPro/libogc/lib/wii\libogc.a(video.o)
 .text.__VIWriteI2CRegister32.clone.0
                0x80008e1c       0x4c c:/devkitPro/libogc/lib/wii\libogc.a(video.o)
 .text.__VIWriteI2CRegister8
                0x80008e68       0x38 c:/devkitPro/libogc/lib/wii\libogc.a(video.o)
 .text.__VISetYUVSEL
                0x80008ea0       0x4c c:/devkitPro/libogc/lib/wii\libogc.a(video.o)
 .text.__VISetFilterEURGB60
                0x80008eec        0xc c:/devkitPro/libogc/lib/wii\libogc.a(video.o)
 .text.__VIWriteI2CRegister16
                0x80008ef8       0x40 c:/devkitPro/libogc/lib/wii\libogc.a(video.o)
 .text.__VIWriteI2CRegisterBuf
                0x80008f38       0x48 c:/devkitPro/libogc/lib/wii\libogc.a(video.o)
 .text.VIDEO_Configure
                0x80008f80      0x41c c:/devkitPro/libogc/lib/wii\libogc.a(video.o)
                0x80008f80                VIDEO_Configure
 .text.VIDEO_WaitVSync
                0x8000939c       0x68 c:/devkitPro/libogc/lib/wii\libogc.a(video.o)
                0x8000939c                VIDEO_WaitVSync
 .text.VIDEO_SetFramebuffer
                0x80009404       0xfc c:/devkitPro/libogc/lib/wii\libogc.a(video.o)
                0x80009404                VIDEO_SetFramebuffer
 .text.VIDEO_SetNextFramebuffer
                0x80009500       0x64 c:/devkitPro/libogc/lib/wii\libogc.a(video.o)
                0x80009500                VIDEO_SetNextFramebuffer
 .text.VIDEO_Flush
                0x80009564       0xf0 c:/devkitPro/libogc/lib/wii\libogc.a(video.o)
                0x80009564                VIDEO_Flush
 .text.VIDEO_SetBlack
                0x80009654       0x88 c:/devkitPro/libogc/lib/wii\libogc.a(video.o)
                0x80009654                VIDEO_SetBlack
 .text.VIDEO_GetCurrentTvMode
                0x800096dc       0x70 c:/devkitPro/libogc/lib/wii\libogc.a(video.o)
                0x800096dc                VIDEO_GetCurrentTvMode
 .text.VIDEO_Init
                0x8000974c      0x604 c:/devkitPro/libogc/lib/wii\libogc.a(video.o)
                0x8000974c                VIDEO_Init
 .text.__VIRetraceHandler
                0x80009d50      0x1ec c:/devkitPro/libogc/lib/wii\libogc.a(video.o)
 .text.VIDEO_GetPreferredMode
                0x80009f3c       0xb8 c:/devkitPro/libogc/lib/wii\libogc.a(video.o)
                0x80009f3c                VIDEO_GetPreferredMode
 .text.VIDEO_GetCurrentLine
                0x80009ff4       0x68 c:/devkitPro/libogc/lib/wii\libogc.a(video.o)
                0x80009ff4                VIDEO_GetCurrentLine
 .text.VIDEO_GetFrameBufferSize
                0x8000a05c       0x30 c:/devkitPro/libogc/lib/wii\libogc.a(video.o)
                0x8000a05c                VIDEO_GetFrameBufferSize
 .text.__lwp_thread_dispatchdisable
                0x8000a08c       0x10 c:/devkitPro/libogc/lib/wii\libogc.a(system.o)
 .text.__stub_found
                0x8000a09c       0x48 c:/devkitPro/libogc/lib/wii\libogc.a(system.o)
 .text.__call_resetfuncs
                0x8000a0e4       0x8c c:/devkitPro/libogc/lib/wii\libogc.a(system.o)
 .text.__RSWDefaultHandler
                0x8000a170        0x4 c:/devkitPro/libogc/lib/wii\libogc.a(system.o)
 .text.__POWDefaultHandler
                0x8000a174        0x4 c:/devkitPro/libogc/lib/wii\libogc.a(system.o)
 .text.__locksram
                0x8000a178       0x68 c:/devkitPro/libogc/lib/wii\libogc.a(system.o)
 .text.__lwp_syswd_open
                0x8000a1e0       0x48 c:/devkitPro/libogc/lib/wii\libogc.a(system.o)
 .text.__lwp_thread_dispatchenable
                0x8000a228       0x38 c:/devkitPro/libogc/lib/wii\libogc.a(system.o)
 .text.__sys_alarmhandler
                0x8000a260       0xc8 c:/devkitPro/libogc/lib/wii\libogc.a(system.o)
 .text.__sram_write
                0x8000a328       0xfc c:/devkitPro/libogc/lib/wii\libogc.a(system.o)
 .text.__unlocksram
                0x8000a424      0x108 c:/devkitPro/libogc/lib/wii\libogc.a(system.o)
 .text.__sram_writecallback
                0x8000a52c       0x4c c:/devkitPro/libogc/lib/wii\libogc.a(system.o)
 .text.__sram_init
                0x8000a578      0x130 c:/devkitPro/libogc/lib/wii\libogc.a(system.o)
                0x8000a578                __sram_init
 .text.__SYS_LockSramEx
                0x8000a6a8        0x8 c:/devkitPro/libogc/lib/wii\libogc.a(system.o)
                0x8000a6a8                __SYS_LockSramEx
 .text.__SYS_UnlockSramEx
                0x8000a6b0        0x8 c:/devkitPro/libogc/lib/wii\libogc.a(system.o)
                0x8000a6b0                __SYS_UnlockSramEx
 .text.__SYS_GetIPCBufferLo
                0x8000a6b8        0x8 c:/devkitPro/libogc/lib/wii\libogc.a(system.o)
                0x8000a6b8                __SYS_GetIPCBufferLo
 .text.__SYS_GetIPCBufferHi
                0x8000a6c0        0x8 c:/devkitPro/libogc/lib/wii\libogc.a(system.o)
                0x8000a6c0                __SYS_GetIPCBufferHi
 .text._V_EXPORTNAME
                0x8000a6c8       0x1c c:/devkitPro/libogc/lib/wii\libogc.a(system.o)
                0x8000a6c8                _V_EXPORTNAME
 .text.__SYS_InitCallbacks
                0x8000a6e4       0x24 c:/devkitPro/libogc/lib/wii\libogc.a(system.o)
                0x8000a6e4                __SYS_InitCallbacks
 .text.__SYS_PreInit
                0x8000a708        0x4 c:/devkitPro/libogc/lib/wii\libogc.a(system.o)
                0x8000a708                __SYS_PreInit
 .text.SYS_PreMain
                0x8000a70c       0x50 c:/devkitPro/libogc/lib/wii\libogc.a(system.o)
                0x8000a70c                SYS_PreMain
 .text.SYS_ResetButtonDown
                0x8000a75c       0x1c c:/devkitPro/libogc/lib/wii\libogc.a(system.o)
                0x8000a75c                SYS_ResetButtonDown
 .text.__STMEventHandler
                0x8000a778       0xcc c:/devkitPro/libogc/lib/wii\libogc.a(system.o)
 .text.SYS_ResetSystem
                0x8000a844      0x200 c:/devkitPro/libogc/lib/wii\libogc.a(system.o)
                0x8000a844                SYS_ResetSystem
 .text.__libogc_exit
                0x8000aa44       0x50 c:/devkitPro/libogc/lib/wii\libogc.a(system.o)
                0x8000aa44                __libogc_exit
 .text.__reload
                0x8000aa94       0x44 c:/devkitPro/libogc/lib/wii\libogc.a(system.o)
                0x8000aa94                __reload
 .text.SYS_RegisterResetFunc
                0x8000aad8       0x80 c:/devkitPro/libogc/lib/wii\libogc.a(system.o)
                0x8000aad8                SYS_RegisterResetFunc
 .text.SYS_SetArena1Lo
                0x8000ab58       0x3c c:/devkitPro/libogc/lib/wii\libogc.a(system.o)
                0x8000ab58                SYS_SetArena1Lo
 .text.SYS_GetArena1Lo
                0x8000ab94       0x3c c:/devkitPro/libogc/lib/wii\libogc.a(system.o)
                0x8000ab94                SYS_GetArena1Lo
 .text.SYS_SetArena1Hi
                0x8000abd0       0x3c c:/devkitPro/libogc/lib/wii\libogc.a(system.o)
                0x8000abd0                SYS_SetArena1Hi
 .text.SYS_GetArena1Hi
                0x8000ac0c       0x3c c:/devkitPro/libogc/lib/wii\libogc.a(system.o)
                0x8000ac0c                SYS_GetArena1Hi
 .text.SYS_SetArena2Lo
                0x8000ac48       0x3c c:/devkitPro/libogc/lib/wii\libogc.a(system.o)
                0x8000ac48                SYS_SetArena2Lo
 .text.SYS_GetArena2Lo
                0x8000ac84       0x3c c:/devkitPro/libogc/lib/wii\libogc.a(system.o)
                0x8000ac84                SYS_GetArena2Lo
 .text.SYS_SetArena2Hi
                0x8000acc0       0x3c c:/devkitPro/libogc/lib/wii\libogc.a(system.o)
                0x8000acc0                SYS_SetArena2Hi
 .text.SYS_Init
                0x8000acfc      0x438 c:/devkitPro/libogc/lib/wii\libogc.a(system.o)
                0x8000acfc                SYS_Init
 .text.SYS_GetArena2Hi
                0x8000b134       0x3c c:/devkitPro/libogc/lib/wii\libogc.a(system.o)
                0x8000b134                SYS_GetArena2Hi
 .text.SYS_AllocateFramebuffer
                0x8000b170       0x2c c:/devkitPro/libogc/lib/wii\libogc.a(system.o)
                0x8000b170                SYS_AllocateFramebuffer
 .text.SYS_CreateAlarm
                0x8000b19c       0xa0 c:/devkitPro/libogc/lib/wii\libogc.a(system.o)
                0x8000b19c                SYS_CreateAlarm
 .text.SYS_SetAlarm
                0x8000b23c      0x110 c:/devkitPro/libogc/lib/wii\libogc.a(system.o)
                0x8000b23c                SYS_SetAlarm
 .text.SYS_CancelAlarm
                0x8000b34c       0x70 c:/devkitPro/libogc/lib/wii\libogc.a(system.o)
                0x8000b34c                SYS_CancelAlarm
 .text.SYS_SetWirelessID
                0x8000b3bc       0x58 c:/devkitPro/libogc/lib/wii\libogc.a(system.o)
                0x8000b3bc                SYS_SetWirelessID
 .text.SYS_GetWirelessID
                0x8000b414       0x40 c:/devkitPro/libogc/lib/wii\libogc.a(system.o)
                0x8000b414                SYS_GetWirelessID
 .text.SYS_GetHollywoodRevision
                0x8000b454       0x34 c:/devkitPro/libogc/lib/wii\libogc.a(system.o)
                0x8000b454                SYS_GetHollywoodRevision
 .text.__lwp_cond_init
                0x8000b488       0x30 c:/devkitPro/libogc/lib/wii\libogc.a(cond.o)
                0x8000b488                __lwp_cond_init
 .text.__decrementer_init
                0x8000b4b8        0x4 c:/devkitPro/libogc/lib/wii\libogc.a(decrementer.o)
                0x8000b4b8                __decrementer_init
 .text.c_decrementer_handler
                0x8000b4bc       0x28 c:/devkitPro/libogc/lib/wii\libogc.a(decrementer.o)
                0x8000b4bc                c_decrementer_handler
 .text.__lwp_mqbox_init
                0x8000b4e4       0x30 c:/devkitPro/libogc/lib/wii\libogc.a(message.o)
                0x8000b4e4                __lwp_mqbox_init
 .text.__si_transfer
                0x8000b514      0x14c c:/devkitPro/libogc/lib/wii\libogc.a(si.o)
 .text.__si_alarmhandler
                0x8000b660       0x90 c:/devkitPro/libogc/lib/wii\libogc.a(si.o)
 .text.__si_calltypandstatuscallback
                0x8000b6f0       0x68 c:/devkitPro/libogc/lib/wii\libogc.a(si.o)
 .text.__si_completetransfer
                0x8000b758      0x184 c:/devkitPro/libogc/lib/wii\libogc.a(si.o)
 .text.__si_transfernext
                0x8000b8dc       0xb4 c:/devkitPro/libogc/lib/wii\libogc.a(si.o)
 .text.SI_Busy  0x8000b990       0x1c c:/devkitPro/libogc/lib/wii\libogc.a(si.o)
                0x8000b990                SI_Busy
 .text.SI_IsChanBusy
                0x8000b9ac       0x38 c:/devkitPro/libogc/lib/wii\libogc.a(si.o)
                0x8000b9ac                SI_IsChanBusy
 .text.SI_SetXY
                0x8000b9e4       0x68 c:/devkitPro/libogc/lib/wii\libogc.a(si.o)
                0x8000b9e4                SI_SetXY
 .text.SI_EnablePolling
                0x8000ba4c       0x80 c:/devkitPro/libogc/lib/wii\libogc.a(si.o)
                0x8000ba4c                SI_EnablePolling
 .text.SI_DisablePolling
                0x8000bacc       0x5c c:/devkitPro/libogc/lib/wii\libogc.a(si.o)
                0x8000bacc                SI_DisablePolling
 .text.SI_SetSamplingRate
                0x8000bb28       0xdc c:/devkitPro/libogc/lib/wii\libogc.a(si.o)
                0x8000bb28                SI_SetSamplingRate
 .text.SI_RefreshSamplingRate
                0x8000bc04        0x8 c:/devkitPro/libogc/lib/wii\libogc.a(si.o)
                0x8000bc04                SI_RefreshSamplingRate
 .text.SI_GetStatus
                0x8000bc0c       0x80 c:/devkitPro/libogc/lib/wii\libogc.a(si.o)
                0x8000bc0c                SI_GetStatus
 .text.SI_GetResponseRaw
                0x8000bc8c       0x7c c:/devkitPro/libogc/lib/wii\libogc.a(si.o)
                0x8000bc8c                SI_GetResponseRaw
 .text.SI_GetResponse
                0x8000bd08       0x98 c:/devkitPro/libogc/lib/wii\libogc.a(si.o)
                0x8000bd08                SI_GetResponse
 .text.SI_SetCommand
                0x8000bda0       0x10 c:/devkitPro/libogc/lib/wii\libogc.a(si.o)
                0x8000bda0                SI_SetCommand
 .text.SI_Transfer
                0x8000bdb0      0x1d0 c:/devkitPro/libogc/lib/wii\libogc.a(si.o)
                0x8000bdb0                SI_Transfer
 .text.__si_interrupthandler
                0x8000bf80      0x1e0 c:/devkitPro/libogc/lib/wii\libogc.a(si.o)
 .text.__si_gettypecallback
                0x8000c160      0x1f8 c:/devkitPro/libogc/lib/wii\libogc.a(si.o)
 .text.SI_GetType
                0x8000c358      0x19c c:/devkitPro/libogc/lib/wii\libogc.a(si.o)
                0x8000c358                SI_GetType
 .text.SI_GetTypeAsync
                0x8000c4f4       0xfc c:/devkitPro/libogc/lib/wii\libogc.a(si.o)
                0x8000c4f4                SI_GetTypeAsync
 .text.SI_EnablePollingInterrupt
                0x8000c5f0       0x90 c:/devkitPro/libogc/lib/wii\libogc.a(si.o)
                0x8000c5f0                SI_EnablePollingInterrupt
 .text.SI_UnregisterPollingHandler
                0x8000c680       0xe4 c:/devkitPro/libogc/lib/wii\libogc.a(si.o)
                0x8000c680                SI_UnregisterPollingHandler
 .text.SI_RegisterPollingHandler
                0x8000c764       0xec c:/devkitPro/libogc/lib/wii\libogc.a(si.o)
                0x8000c764                SI_RegisterPollingHandler
 .text.__si_init
                0x8000c850       0xe4 c:/devkitPro/libogc/lib/wii\libogc.a(si.o)
                0x8000c850                __si_init
 .text.__ipc_sendrequest
                0x8000c934       0xe0 c:/devkitPro/libogc/lib/wii\libogc.a(ipc.o)
 .text.__ipc_syncrequest
                0x8000ca14       0xc8 c:/devkitPro/libogc/lib/wii\libogc.a(ipc.o)
 .text.__lwp_wkspace_free
                0x8000cadc       0x2c c:/devkitPro/libogc/lib/wii\libogc.a(ipc.o)
 .text.iosAlloc
                0x8000cb08       0x4c c:/devkitPro/libogc/lib/wii\libogc.a(ipc.o)
                0x8000cb08                iosAlloc
 .text.__ipc_allocreq
                0x8000cb54        0xc c:/devkitPro/libogc/lib/wii\libogc.a(ipc.o)
 .text.iosFree  0x8000cb60       0x44 c:/devkitPro/libogc/lib/wii\libogc.a(ipc.o)
                0x8000cb60                iosFree
 .text.__ipc_freereq
                0x8000cba4        0xc c:/devkitPro/libogc/lib/wii\libogc.a(ipc.o)
 .text.__ipc_asyncrequest
                0x8000cbb0       0xfc c:/devkitPro/libogc/lib/wii\libogc.a(ipc.o)
 .text.__ipc_interrupthandler
                0x8000ccac      0x29c c:/devkitPro/libogc/lib/wii\libogc.a(ipc.o)
 .text.__ios_ioctlvformat_parse
                0x8000cf48      0x6fc c:/devkitPro/libogc/lib/wii\libogc.a(ipc.o)
 .text.__ioctlvfmtCB
                0x8000d644       0xb4 c:/devkitPro/libogc/lib/wii\libogc.a(ipc.o)
 .text.IPC_SetBufferLo
                0x8000d6f8       0x14 c:/devkitPro/libogc/lib/wii\libogc.a(ipc.o)
                0x8000d6f8                IPC_SetBufferLo
 .text.iosCreateHeap
                0x8000d70c       0xf0 c:/devkitPro/libogc/lib/wii\libogc.a(ipc.o)
                0x8000d70c                iosCreateHeap
 .text.__IPC_Init
                0x8000d7fc       0x48 c:/devkitPro/libogc/lib/wii\libogc.a(ipc.o)
                0x8000d7fc                __IPC_Init
 .text.__IPC_ClntInit
                0x8000d844       0x90 c:/devkitPro/libogc/lib/wii\libogc.a(ipc.o)
                0x8000d844                __IPC_ClntInit
 .text.IOS_Open
                0x8000d8d4       0x88 c:/devkitPro/libogc/lib/wii\libogc.a(ipc.o)
                0x8000d8d4                IOS_Open
 .text.IOS_Close
                0x8000d95c       0x58 c:/devkitPro/libogc/lib/wii\libogc.a(ipc.o)
                0x8000d95c                IOS_Close
 .text.IOS_Read
                0x8000d9b4       0x7c c:/devkitPro/libogc/lib/wii\libogc.a(ipc.o)
                0x8000d9b4                IOS_Read
 .text.IOS_Write
                0x8000da30       0x7c c:/devkitPro/libogc/lib/wii\libogc.a(ipc.o)
                0x8000da30                IOS_Write
 .text.IOS_Seek
                0x8000daac       0x68 c:/devkitPro/libogc/lib/wii\libogc.a(ipc.o)
                0x8000daac                IOS_Seek
 .text.IOS_Ioctl
                0x8000db14       0xa4 c:/devkitPro/libogc/lib/wii\libogc.a(ipc.o)
                0x8000db14                IOS_Ioctl
 .text.IOS_IoctlAsync
                0x8000dbb8       0xb0 c:/devkitPro/libogc/lib/wii\libogc.a(ipc.o)
                0x8000dbb8                IOS_IoctlAsync
 .text.IOS_Ioctlv
                0x8000dc68      0x11c c:/devkitPro/libogc/lib/wii\libogc.a(ipc.o)
                0x8000dc68                IOS_Ioctlv
 .text.IOS_IoctlvFormat
                0x8000dd84      0x100 c:/devkitPro/libogc/lib/wii\libogc.a(ipc.o)
                0x8000dd84                IOS_IoctlvFormat
 .text.IOS_IoctlvReboot
                0x8000de84      0x120 c:/devkitPro/libogc/lib/wii\libogc.a(ipc.o)
                0x8000de84                IOS_IoctlvReboot
 .text.__time_exi_unlock
                0x8000dfa4       0x28 c:/devkitPro/libogc/lib/wii\libogc.a(timesupp.o)
 .text.__getrtc
                0x8000dfcc       0xd8 c:/devkitPro/libogc/lib/wii\libogc.a(timesupp.o)
 .text.gettick  0x8000e0a4        0x8 c:/devkitPro/libogc/lib/wii\libogc.a(timesupp.o)
                0x8000e0a4                gettick
 .text.gettime  0x8000e0ac       0x18 c:/devkitPro/libogc/lib/wii\libogc.a(timesupp.o)
                0x8000e0ac                gettime
 .text.diff_usec
                0x8000e0c4       0x70 c:/devkitPro/libogc/lib/wii\libogc.a(timesupp.o)
                0x8000e0c4                diff_usec
 .text.__timesystem_init
                0x8000e134       0x38 c:/devkitPro/libogc/lib/wii\libogc.a(timesupp.o)
                0x8000e134                __timesystem_init
 .text.udelay   0x8000e16c       0x48 c:/devkitPro/libogc/lib/wii\libogc.a(timesupp.o)
                0x8000e16c                udelay
 .text.time     0x8000e1b4      0x110 c:/devkitPro/libogc/lib/wii\libogc.a(timesupp.o)
                0x8000e1b4                time
 .text.__libogc_gettod_r
                0x8000e2c4       0x64 c:/devkitPro/libogc/lib/wii\libogc.a(timesupp.o)
                0x8000e2c4                __libogc_gettod_r
 .text.__libogc_lock_init
                0x8000e328       0x5c c:/devkitPro/libogc/lib/wii\libogc.a(lock_supp.o)
                0x8000e328                __libogc_lock_init
 .text.__libogc_lock_close
                0x8000e384       0x48 c:/devkitPro/libogc/lib/wii\libogc.a(lock_supp.o)
                0x8000e384                __libogc_lock_close
 .text.__libogc_lock_acquire
                0x8000e3cc       0x40 c:/devkitPro/libogc/lib/wii\libogc.a(lock_supp.o)
                0x8000e3cc                __libogc_lock_acquire
 .text.__libogc_lock_release
                0x8000e40c       0x40 c:/devkitPro/libogc/lib/wii\libogc.a(lock_supp.o)
                0x8000e40c                __libogc_lock_release
 .text.__libc_create_hook
                0x8000e44c       0x10 c:/devkitPro/libogc/lib/wii\libogc.a(newlibc.o)
                0x8000e44c                __libc_create_hook
 .text.__libc_start_hook
                0x8000e45c      0x18c c:/devkitPro/libogc/lib/wii\libogc.a(newlibc.o)
                0x8000e45c                __libc_start_hook
 .text.__libc_delete_hook
                0x8000e5e8       0x7c c:/devkitPro/libogc/lib/wii\libogc.a(newlibc.o)
                0x8000e5e8                __libc_delete_hook
 .text.__libc_init
                0x8000e664      0x100 c:/devkitPro/libogc/lib/wii\libogc.a(newlibc.o)
                0x8000e664                __libc_init
 .text.__usbgecko_exi_wait
                0x8000e764       0xb4 c:/devkitPro/libogc/lib/wii\libogc.a(usbgecko.o)
 .text.__usbgecko_exi_unlock
                0x8000e818       0x30 c:/devkitPro/libogc/lib/wii\libogc.a(usbgecko.o)
 .text.__send_command
                0x8000e848       0x8c c:/devkitPro/libogc/lib/wii\libogc.a(usbgecko.o)
 .text.__usb_sendbyte
                0x8000e8d4       0x44 c:/devkitPro/libogc/lib/wii\libogc.a(usbgecko.o)
 .text.__usb_checksend
                0x8000e918       0x3c c:/devkitPro/libogc/lib/wii\libogc.a(usbgecko.o)
                0x8000e918                __usb_checksend
 .text.usb_isgeckoalive
                0x8000e954       0x90 c:/devkitPro/libogc/lib/wii\libogc.a(usbgecko.o)
                0x8000e954                usb_isgeckoalive
 .text.usb_sendbuffer_ex
                0x8000e9e4       0x74 c:/devkitPro/libogc/lib/wii\libogc.a(usbgecko.o)
                0x8000e9e4                usb_sendbuffer_ex
 .text.usb_sendbuffer
                0x8000ea58        0x8 c:/devkitPro/libogc/lib/wii\libogc.a(usbgecko.o)
                0x8000ea58                usb_sendbuffer
 .text.usb_sendbuffer_safe_ex
                0x8000ea60       0x84 c:/devkitPro/libogc/lib/wii\libogc.a(usbgecko.o)
                0x8000ea60                usb_sendbuffer_safe_ex
 .text.usb_sendbuffer_safe
                0x8000eae4        0x8 c:/devkitPro/libogc/lib/wii\libogc.a(usbgecko.o)
                0x8000eae4                usb_sendbuffer_safe
 .text.__libogc_sbrk_r
                0x8000eaec      0x168 c:/devkitPro/libogc/lib/wii\libogc.a(sbrk.o)
                0x8000eaec                __libogc_sbrk_r
 .text.__lwp_thread_dispatchdisable
                0x8000ec54       0x10 c:/devkitPro/libogc/lib/wii\libogc.a(malloc_lock.o)
 .text.__lwp_thread_dispatchenable
                0x8000ec64       0x38 c:/devkitPro/libogc/lib/wii\libogc.a(malloc_lock.o)
 .text.__memlock_init
                0x8000ec9c       0x64 c:/devkitPro/libogc/lib/wii\libogc.a(malloc_lock.o)
                0x8000ec9c                __memlock_init
 .text.__libogc_malloc_lock
                0x8000ed00      0x220 c:/devkitPro/libogc/lib/wii\libogc.a(malloc_lock.o)
                0x8000ed00                __libogc_malloc_lock
 .text.__libogc_malloc_unlock
                0x8000ef20       0x48 c:/devkitPro/libogc/lib/wii\libogc.a(malloc_lock.o)
                0x8000ef20                __libogc_malloc_unlock
 .text.__STM_SetEventHook
                0x8000ef68       0xac c:/devkitPro/libogc/lib/wii\libogc.a(stm.o)
                0x8000ef68                __STM_SetEventHook
 .text.__STMEventHandler
                0x8000f014       0x60 c:/devkitPro/libogc/lib/wii\libogc.a(stm.o)
 .text.__STM_Init
                0x8000f074       0x84 c:/devkitPro/libogc/lib/wii\libogc.a(stm.o)
                0x8000f074                __STM_Init
 .text.__STM_ReleaseEventHook
                0x8000f0f8       0x78 c:/devkitPro/libogc/lib/wii\libogc.a(stm.o)
                0x8000f0f8                __STM_ReleaseEventHook
 .text.__STM_Close
                0x8000f170       0x78 c:/devkitPro/libogc/lib/wii\libogc.a(stm.o)
                0x8000f170                __STM_Close
 .text.STM_RegisterEventHandler
                0x8000f1e8       0x10 c:/devkitPro/libogc/lib/wii\libogc.a(stm.o)
                0x8000f1e8                STM_RegisterEventHandler
 .text.STM_ShutdownToStandby
                0x8000f1f8       0x68 c:/devkitPro/libogc/lib/wii\libogc.a(stm.o)
                0x8000f1f8                STM_ShutdownToStandby
 .text.STM_ShutdownToIdle
                0x8000f260       0x70 c:/devkitPro/libogc/lib/wii\libogc.a(stm.o)
                0x8000f260                STM_ShutdownToIdle
 .text.STM_SetLedMode
                0x8000f2d0       0x58 c:/devkitPro/libogc/lib/wii\libogc.a(stm.o)
                0x8000f2d0                STM_SetLedMode
 .text.STM_RebootSystem
                0x8000f328       0x68 c:/devkitPro/libogc/lib/wii\libogc.a(stm.o)
                0x8000f328                STM_RebootSystem
 .text.__IOS_InitializeSubsystems
                0x8000f390       0x40 c:/devkitPro/libogc/lib/wii\libogc.a(ios.o)
                0x8000f390                __IOS_InitializeSubsystems
 .text.__IOS_ShutdownSubsystems
                0x8000f3d0       0x40 c:/devkitPro/libogc/lib/wii\libogc.a(ios.o)
                0x8000f3d0                __IOS_ShutdownSubsystems
 .text.__IOS_LoadStartupIOS
                0x8000f410        0x8 c:/devkitPro/libogc/lib/wii\libogc.a(ios.o)
                0x8000f410                __IOS_LoadStartupIOS
 .text._ES_fstat_r
                0x8000f418      0x114 c:/devkitPro/libogc/lib/wii\libogc.a(es.o)
 .text.__ES_Init
                0x8000f52c       0x70 c:/devkitPro/libogc/lib/wii\libogc.a(es.o)
                0x8000f52c                __ES_Init
 .text.__ES_Close
                0x8000f59c       0x54 c:/devkitPro/libogc/lib/wii\libogc.a(es.o)
                0x8000f59c                __ES_Close
 .text.ES_GetTitleID
                0x8000f5f0       0x70 c:/devkitPro/libogc/lib/wii\libogc.a(es.o)
                0x8000f5f0                ES_GetTitleID
 .text.ES_LaunchTitle
                0x8000f660       0x9c c:/devkitPro/libogc/lib/wii\libogc.a(es.o)
                0x8000f660                ES_LaunchTitle
 .text.ES_GetNumTicketViews
                0x8000f6fc       0x70 c:/devkitPro/libogc/lib/wii\libogc.a(es.o)
                0x8000f6fc                ES_GetNumTicketViews
 .text.ES_GetTicketViews
                0x8000f76c       0x7c c:/devkitPro/libogc/lib/wii\libogc.a(es.o)
                0x8000f76c                ES_GetTicketViews
 .text.ES_GetStoredTMDSize
                0x8000f7e8       0x70 c:/devkitPro/libogc/lib/wii\libogc.a(es.o)
                0x8000f7e8                ES_GetStoredTMDSize
 .text.ES_GetStoredTMD
                0x8000f858       0x84 c:/devkitPro/libogc/lib/wii\libogc.a(es.o)
                0x8000f858                ES_GetStoredTMD
 .text._ES_decodepath
                0x8000f8dc      0x2b8 c:/devkitPro/libogc/lib/wii\libogc.a(es.o)
 .text._ES_stat_r
                0x8000fb94       0xf4 c:/devkitPro/libogc/lib/wii\libogc.a(es.o)
 .text.ES_OpenContent
                0x8000fc88       0x48 c:/devkitPro/libogc/lib/wii\libogc.a(es.o)
                0x8000fc88                ES_OpenContent
 .text.ES_OpenTitleContent
                0x8000fcd0       0x64 c:/devkitPro/libogc/lib/wii\libogc.a(es.o)
                0x8000fcd0                ES_OpenTitleContent
 .text._ES_open_r
                0x8000fd34      0x100 c:/devkitPro/libogc/lib/wii\libogc.a(es.o)
 .text.ES_ReadContent
                0x8000fe34       0x78 c:/devkitPro/libogc/lib/wii\libogc.a(es.o)
                0x8000fe34                ES_ReadContent
 .text._ES_read_r
                0x8000feac      0x120 c:/devkitPro/libogc/lib/wii\libogc.a(es.o)
 .text.ES_SeekContent
                0x8000ffcc       0x5c c:/devkitPro/libogc/lib/wii\libogc.a(es.o)
                0x8000ffcc                ES_SeekContent
 .text._ES_seek_r
                0x80010028       0x8c c:/devkitPro/libogc/lib/wii\libogc.a(es.o)
 .text.ES_CloseContent
                0x800100b4       0x54 c:/devkitPro/libogc/lib/wii\libogc.a(es.o)
                0x800100b4                ES_CloseContent
 .text._ES_close_r
                0x80010108       0x78 c:/devkitPro/libogc/lib/wii\libogc.a(es.o)
 .text.ISFS_Initialize
                0x80010180       0x78 c:/devkitPro/libogc/lib/wii\libogc.a(isfs.o)
                0x80010180                ISFS_Initialize
 .text.ISFS_Open
                0x800101f8       0x90 c:/devkitPro/libogc/lib/wii\libogc.a(isfs.o)
                0x800101f8                ISFS_Open
 .text.ISFS_Write
                0x80010288       0x44 c:/devkitPro/libogc/lib/wii\libogc.a(isfs.o)
                0x80010288                ISFS_Write
 .text.ISFS_Read
                0x800102cc       0x44 c:/devkitPro/libogc/lib/wii\libogc.a(isfs.o)
                0x800102cc                ISFS_Read
 .text.ISFS_Seek
                0x80010310       0x20 c:/devkitPro/libogc/lib/wii\libogc.a(isfs.o)
                0x80010310                ISFS_Seek
 .text.ISFS_Close
                0x80010330       0x34 c:/devkitPro/libogc/lib/wii\libogc.a(isfs.o)
                0x80010330                ISFS_Close
 .text.__CheckARGV
                0x80010364       0x78 c:/devkitPro/libogc/lib/wii\libogc.a(argv.o)
                0x80010364                __CheckARGV
 .text.__CONF_DecryptTextBuffer
                0x800103dc       0x34 c:/devkitPro/libogc/lib/wii\libogc.a(conf.o)
                0x800103dc                __CONF_DecryptTextBuffer
 .text.CONF_Init
                0x80010410      0x104 c:/devkitPro/libogc/lib/wii\libogc.a(conf.o)
                0x80010410                CONF_Init
 .text.__CONF_GetTxt
                0x80010514      0x108 c:/devkitPro/libogc/lib/wii\libogc.a(conf.o)
                0x80010514                __CONF_GetTxt
 .text.__CONF_Find
                0x8001061c       0x88 c:/devkitPro/libogc/lib/wii\libogc.a(conf.o)
                0x8001061c                __CONF_Find
 .text.CONF_GetLength
                0x800106a4       0xbc c:/devkitPro/libogc/lib/wii\libogc.a(conf.o)
                0x800106a4                CONF_GetLength
 .text.CONF_Get
                0x80010760       0xf0 c:/devkitPro/libogc/lib/wii\libogc.a(conf.o)
                0x80010760                CONF_Get
 .text.CONF_GetShutdownMode
                0x80010850       0x58 c:/devkitPro/libogc/lib/wii\libogc.a(conf.o)
                0x80010850                CONF_GetShutdownMode
 .text.CONF_GetIdleLedMode
                0x800108a8       0x58 c:/devkitPro/libogc/lib/wii\libogc.a(conf.o)
                0x800108a8                CONF_GetIdleLedMode
 .text.CONF_GetProgressiveScan
                0x80010900       0x54 c:/devkitPro/libogc/lib/wii\libogc.a(conf.o)
                0x80010900                CONF_GetProgressiveScan
 .text.CONF_GetEuRGB60
                0x80010954       0x54 c:/devkitPro/libogc/lib/wii\libogc.a(conf.o)
                0x80010954                CONF_GetEuRGB60
 .text.CONF_GetCounterBias
                0x800109a8       0x4c c:/devkitPro/libogc/lib/wii\libogc.a(conf.o)
                0x800109a8                CONF_GetCounterBias
 .text.CONF_GetDisplayOffsetH
                0x800109f4       0x4c c:/devkitPro/libogc/lib/wii\libogc.a(conf.o)
                0x800109f4                CONF_GetDisplayOffsetH
 .text.CONF_GetVideo
                0x80010a40       0x98 c:/devkitPro/libogc/lib/wii\libogc.a(conf.o)
                0x80010a40                CONF_GetVideo
 .text.__SetChecksum
                0x80010ad8       0x34 c:/devkitPro/libogc/lib/wii\libogc.a(wiilaunch.o)
 .text.__ValidChecksum
                0x80010b0c       0x3c c:/devkitPro/libogc/lib/wii\libogc.a(wiilaunch.o)
 .text.__WII_WriteStateFlags
                0x80010b48       0x80 c:/devkitPro/libogc/lib/wii\libogc.a(wiilaunch.o)
 .text.WII_Initialize
                0x80010bc8       0xec c:/devkitPro/libogc/lib/wii\libogc.a(wiilaunch.o)
                0x80010bc8                WII_Initialize
 .text.WII_LaunchTitle
                0x80010cb4       0xb4 c:/devkitPro/libogc/lib/wii\libogc.a(wiilaunch.o)
                0x80010cb4                WII_LaunchTitle
 .text.WII_ReturnToMenu
                0x80010d68       0x64 c:/devkitPro/libogc/lib/wii\libogc.a(wiilaunch.o)
                0x80010d68                WII_ReturnToMenu
 .text.__lwp_priority_init
                0x80010dcc       0x24 c:/devkitPro/libogc/lib/wii\libogc.a(lwp_priority.o)
                0x80010dcc                __lwp_priority_init
 .text.__lwp_wd_remove_ticks
                0x80010df0       0x2c c:/devkitPro/libogc/lib/wii\libogc.a(lwp_threadq.o)
 .text.__lwp_thread_unblock
                0x80010e1c       0x28 c:/devkitPro/libogc/lib/wii\libogc.a(lwp_threadq.o)
 .text.__lwp_threadqueue_enqueuefifo
                0x80010e44      0x10c c:/devkitPro/libogc/lib/wii\libogc.a(lwp_threadq.o)
                0x80010e44                __lwp_threadqueue_enqueuefifo
 .text.__lwp_threadqueue_dequeuefifo
                0x80010f50      0x114 c:/devkitPro/libogc/lib/wii\libogc.a(lwp_threadq.o)
                0x80010f50                __lwp_threadqueue_dequeuefifo
 .text.__lwp_threadqueue_enqueuepriority
                0x80011064      0x2e4 c:/devkitPro/libogc/lib/wii\libogc.a(lwp_threadq.o)
                0x80011064                __lwp_threadqueue_enqueuepriority
 .text.__lwp_threadqueue_dequeuepriority
                0x80011348      0x194 c:/devkitPro/libogc/lib/wii\libogc.a(lwp_threadq.o)
                0x80011348                __lwp_threadqueue_dequeuepriority
 .text.__lwp_threadqueue_init
                0x800114dc       0x94 c:/devkitPro/libogc/lib/wii\libogc.a(lwp_threadq.o)
                0x800114dc                __lwp_threadqueue_init
 .text.__lwp_threadqueue_enqueue
                0x80011570      0x100 c:/devkitPro/libogc/lib/wii\libogc.a(lwp_threadq.o)
                0x80011570                __lwp_threadqueue_enqueue
 .text.__lwp_threadqueue_dequeue
                0x80011670       0x28 c:/devkitPro/libogc/lib/wii\libogc.a(lwp_threadq.o)
                0x80011670                __lwp_threadqueue_dequeue
 .text.__lwp_threadqueue_flush
                0x80011698       0x38 c:/devkitPro/libogc/lib/wii\libogc.a(lwp_threadq.o)
                0x80011698                __lwp_threadqueue_flush
 .text.__lwp_threadqueue_extractfifo
                0x800116d0       0xd4 c:/devkitPro/libogc/lib/wii\libogc.a(lwp_threadq.o)
                0x800116d0                __lwp_threadqueue_extractfifo
 .text.__lwp_threadqueue_extractpriority
                0x800117a4      0x12c c:/devkitPro/libogc/lib/wii\libogc.a(lwp_threadq.o)
                0x800117a4                __lwp_threadqueue_extractpriority
 .text.__lwp_threadqueue_extract
                0x800118d0       0x20 c:/devkitPro/libogc/lib/wii\libogc.a(lwp_threadq.o)
                0x800118d0                __lwp_threadqueue_extract
 .text.__lwp_threadqueue_timeout
                0x800118f0       0x74 c:/devkitPro/libogc/lib/wii\libogc.a(lwp_threadq.o)
 .text.__lwp_threadqueue_extractproxy
                0x80011964       0x3c c:/devkitPro/libogc/lib/wii\libogc.a(lwp_threadq.o)
                0x80011964                __lwp_threadqueue_extractproxy
 .text.__lwp_priomap_addto
                0x800119a0       0x28 c:/devkitPro/libogc/lib/wii\libogc.a(lwp_threads.o)
 .text.__lwp_priomap_removefrom
                0x800119c8       0x38 c:/devkitPro/libogc/lib/wii\libogc.a(lwp_threads.o)
 .text.__lwp_thread_calcheir
                0x80011a00       0x3c c:/devkitPro/libogc/lib/wii\libogc.a(lwp_threads.o)
 .text.__lwp_thread_dispatchdisable
                0x80011a3c       0x10 c:/devkitPro/libogc/lib/wii\libogc.a(lwp_threads.o)
 .text.__lwp_thread_dispatchunnest
                0x80011a4c       0x10 c:/devkitPro/libogc/lib/wii\libogc.a(lwp_threads.o)
 .text.__lwp_wd_insert_ticks.clone.2
                0x80011a5c       0x60 c:/devkitPro/libogc/lib/wii\libogc.a(lwp_threads.o)
 .text.__lwp_isr_in_progress
                0x80011abc        0x8 c:/devkitPro/libogc/lib/wii\libogc.a(lwp_threads.o)
                0x80011abc                __lwp_isr_in_progress
 .text.__thread_dispatch_fp
                0x80011ac4       0x7c c:/devkitPro/libogc/lib/wii\libogc.a(lwp_threads.o)
                0x80011ac4                __thread_dispatch_fp
 .text.__thread_dispatch
                0x80011b40       0xe0 c:/devkitPro/libogc/lib/wii\libogc.a(lwp_threads.o)
                0x80011b40                __thread_dispatch
 .text.__lwp_thread_dispatchenable
                0x80011c20       0x1c c:/devkitPro/libogc/lib/wii\libogc.a(lwp_threads.o)
 .text.__lwp_thread_resettimeslice
                0x80011c3c       0xcc c:/devkitPro/libogc/lib/wii\libogc.a(lwp_threads.o)
                0x80011c3c                __lwp_thread_resettimeslice
 .text.__lwp_thread_tickle_timeslice
                0x80011d08       0x78 c:/devkitPro/libogc/lib/wii\libogc.a(lwp_threads.o)
                0x80011d08                __lwp_thread_tickle_timeslice
 .text.__lwp_thread_setstate
                0x80011d80      0x10c c:/devkitPro/libogc/lib/wii\libogc.a(lwp_threads.o)
                0x80011d80                __lwp_thread_setstate
 .text.__lwp_thread_clearstate
                0x80011e8c       0xe8 c:/devkitPro/libogc/lib/wii\libogc.a(lwp_threads.o)
                0x80011e8c                __lwp_thread_clearstate
 .text.__lwp_thread_setpriority
                0x80011f74       0x5c c:/devkitPro/libogc/lib/wii\libogc.a(lwp_threads.o)
                0x80011f74                __lwp_thread_setpriority
 .text.__lwp_thread_settransient
                0x80011fd0       0xa8 c:/devkitPro/libogc/lib/wii\libogc.a(lwp_threads.o)
                0x80011fd0                __lwp_thread_settransient
 .text.__lwp_thread_changepriority
                0x80012078      0x130 c:/devkitPro/libogc/lib/wii\libogc.a(lwp_threads.o)
                0x80012078                __lwp_thread_changepriority
 .text.__lwp_thread_loadenv
                0x800121a8       0x78 c:/devkitPro/libogc/lib/wii\libogc.a(lwp_threads.o)
                0x800121a8                __lwp_thread_loadenv
 .text.__lwp_thread_ready
                0x80012220       0xc0 c:/devkitPro/libogc/lib/wii\libogc.a(lwp_threads.o)
                0x80012220                __lwp_thread_ready
 .text.__lwp_thread_init
                0x800122e0       0xf8 c:/devkitPro/libogc/lib/wii\libogc.a(lwp_threads.o)
                0x800122e0                __lwp_thread_init
 .text.__lwp_thread_close
                0x800123d8      0x108 c:/devkitPro/libogc/lib/wii\libogc.a(lwp_threads.o)
                0x800123d8                __lwp_thread_close
 .text.__lwp_thread_closeall
                0x800124e0       0x98 c:/devkitPro/libogc/lib/wii\libogc.a(lwp_threads.o)
                0x800124e0                __lwp_thread_closeall
 .text.__lwp_thread_exit
                0x80012578       0x40 c:/devkitPro/libogc/lib/wii\libogc.a(lwp_threads.o)
                0x80012578                __lwp_thread_exit
 .text.__lwp_thread_handler
                0x800125b8       0x68 c:/devkitPro/libogc/lib/wii\libogc.a(lwp_threads.o)
 .text.__lwp_thread_start
                0x80012620       0x58 c:/devkitPro/libogc/lib/wii\libogc.a(lwp_threads.o)
                0x80012620                __lwp_thread_start
 .text.__lwp_thread_startmultitasking
                0x80012678       0x64 c:/devkitPro/libogc/lib/wii\libogc.a(lwp_threads.o)
                0x80012678                __lwp_thread_startmultitasking
 .text.__lwp_thread_stopmultitasking
                0x800126dc       0x5c c:/devkitPro/libogc/lib/wii\libogc.a(lwp_threads.o)
                0x800126dc                __lwp_thread_stopmultitasking
 .text.__lwp_thread_coreinit
                0x80012738       0xe0 c:/devkitPro/libogc/lib/wii\libogc.a(lwp_threads.o)
                0x80012738                __lwp_thread_coreinit
 .text.__lwp_thread_dispatchdisable
                0x80012818       0x10 c:/devkitPro/libogc/lib/wii\libogc.a(lwp.o)
 .text.idle_func
                0x80012828        0x4 c:/devkitPro/libogc/lib/wii\libogc.a(lwp.o)
 .text.__lwp_tqueue_open
                0x8001282c       0x48 c:/devkitPro/libogc/lib/wii\libogc.a(lwp.o)
 .text.__lwp_thread_dispatchenable
                0x80012874       0x38 c:/devkitPro/libogc/lib/wii\libogc.a(lwp.o)
 .text.__lwp_sysinit
                0x800128ac      0x114 c:/devkitPro/libogc/lib/wii\libogc.a(lwp.o)
                0x800128ac                __lwp_sysinit
 .text.LWP_InitQueue
                0x800129c0       0x98 c:/devkitPro/libogc/lib/wii\libogc.a(lwp.o)
                0x800129c0                LWP_InitQueue
 .text.LWP_CloseQueue
                0x80012a58       0x70 c:/devkitPro/libogc/lib/wii\libogc.a(lwp.o)
                0x80012a58                LWP_CloseQueue
 .text.LWP_ThreadSleep
                0x80012ac8       0xa0 c:/devkitPro/libogc/lib/wii\libogc.a(lwp.o)
                0x80012ac8                LWP_ThreadSleep
 .text.LWP_ThreadBroadcast
                0x80012b68       0x50 c:/devkitPro/libogc/lib/wii\libogc.a(lwp.o)
                0x80012b68                LWP_ThreadBroadcast
 .text.LWP_ThreadSignal
                0x80012bb8       0x40 c:/devkitPro/libogc/lib/wii\libogc.a(lwp.o)
                0x80012bb8                LWP_ThreadSignal
 .text.__lwp_stack_allocate
                0x80012bf8       0x50 c:/devkitPro/libogc/lib/wii\libogc.a(lwp_stack.o)
                0x80012bf8                __lwp_stack_allocate
 .text.__lwp_stack_free
                0x80012c48       0x3c c:/devkitPro/libogc/lib/wii\libogc.a(lwp_stack.o)
                0x80012c48                __lwp_stack_free
 .text.__lwp_mutex_initialize
                0x80012c84       0x98 c:/devkitPro/libogc/lib/wii\libogc.a(lwp_mutex.o)
                0x80012c84                __lwp_mutex_initialize
 .text.__lwp_mutex_surrender
                0x80012d1c      0x12c c:/devkitPro/libogc/lib/wii\libogc.a(lwp_mutex.o)
                0x80012d1c                __lwp_mutex_surrender
 .text.__lwp_mutex_seize_irq_blocking
                0x80012e48       0xc0 c:/devkitPro/libogc/lib/wii\libogc.a(lwp_mutex.o)
                0x80012e48                __lwp_mutex_seize_irq_blocking
 .text.__lwp_mutex_flush
                0x80012f08       0x20 c:/devkitPro/libogc/lib/wii\libogc.a(lwp_mutex.o)
                0x80012f08                __lwp_mutex_flush
 .text.__lwp_wd_settimer.clone.3
                0x80012f28       0xbc c:/devkitPro/libogc/lib/wii\libogc.a(lwp_watchdog.o)
 .text.__lwp_watchdog_init
                0x80012fe4       0x2c c:/devkitPro/libogc/lib/wii\libogc.a(lwp_watchdog.o)
                0x80012fe4                __lwp_watchdog_init
 .text.__lwp_wd_insert
                0x80013010      0x150 c:/devkitPro/libogc/lib/wii\libogc.a(lwp_watchdog.o)
                0x80013010                __lwp_wd_insert
 .text.__lwp_wd_remove
                0x80013160       0xd0 c:/devkitPro/libogc/lib/wii\libogc.a(lwp_watchdog.o)
                0x80013160                __lwp_wd_remove
 .text.__lwp_wd_tickle
                0x80013230       0xf8 c:/devkitPro/libogc/lib/wii\libogc.a(lwp_watchdog.o)
                0x80013230                __lwp_wd_tickle
 .text.__lwp_wkspace_init
                0x80013328       0xa4 c:/devkitPro/libogc/lib/wii\libogc.a(lwp_wkspace.o)
                0x80013328                __lwp_wkspace_init
 .text.__lwp_objmgr_initinfo
                0x800133cc      0x148 c:/devkitPro/libogc/lib/wii\libogc.a(lwp_objmgr.o)
                0x800133cc                __lwp_objmgr_initinfo
 .text.__lwp_objmgr_getisrdisable
                0x80013514       0x68 c:/devkitPro/libogc/lib/wii\libogc.a(lwp_objmgr.o)
                0x80013514                __lwp_objmgr_getisrdisable
 .text.__lwp_objmgr_getnoprotection
                0x8001357c       0x24 c:/devkitPro/libogc/lib/wii\libogc.a(lwp_objmgr.o)
                0x8001357c                __lwp_objmgr_getnoprotection
 .text.__lwp_objmgr_get
                0x800135a0       0x6c c:/devkitPro/libogc/lib/wii\libogc.a(lwp_objmgr.o)
                0x800135a0                __lwp_objmgr_get
 .text.__lwp_objmgr_allocate
                0x8001360c       0x84 c:/devkitPro/libogc/lib/wii\libogc.a(lwp_objmgr.o)
                0x8001360c                __lwp_objmgr_allocate
 .text.__lwp_objmgr_free
                0x80013690       0x60 c:/devkitPro/libogc/lib/wii\libogc.a(lwp_objmgr.o)
                0x80013690                __lwp_objmgr_free
 .text.__lwp_heap_init
                0x800136f0       0xb0 c:/devkitPro/libogc/lib/wii\libogc.a(lwp_heap.o)
                0x800136f0                __lwp_heap_init
 .text.__lwp_heap_allocate
                0x800137a0      0x130 c:/devkitPro/libogc/lib/wii\libogc.a(lwp_heap.o)
                0x800137a0                __lwp_heap_allocate
 .text.__lwp_heap_free
                0x800138d0      0x208 c:/devkitPro/libogc/lib/wii\libogc.a(lwp_heap.o)
                0x800138d0                __lwp_heap_free
 .text.__exception_load
                0x80013ad8       0x78 c:/devkitPro/libogc/lib/wii\libogc.a(exception.o)
                0x80013ad8                __exception_load
 .text.__systemcall_init
                0x80013b50       0x20 c:/devkitPro/libogc/lib/wii\libogc.a(exception.o)
                0x80013b50                __systemcall_init
 .text.__exception_init